Component: ARM Compiler 5.06 update 5 (build 528) Tool: armlink [4d35e2]

==============================================================================

Section Cross References

    system_stm32f10x.o(i.SetSysClock) refers to system_stm32f10x.o(i.SetSysClockTo72) for SetSysClockTo72
    system_stm32f10x.o(i.SystemCoreClockUpdate) refers to system_stm32f10x.o(.data) for SystemCoreClock
    system_stm32f10x.o(i.SystemInit) refers to system_stm32f10x.o(i.SetSysClock) for SetSysClock
    main.o(i.DisplayData) refers to oled.o(i.OLED_Clear) for OLED_Clear
    main.o(i.DisplayData) refers to oled.o(i.OLED_Printf) for OLED_Printf
    main.o(i.DisplayData) refers to oled.o(i.OLED_Update) for OLED_Update
    main.o(i.DisplayData) refers to main.o(.data) for DisplayPage
    main.o(i.GetPostureText) refers to main.o(i.Abs32) for Abs32
    main.o(i.GetPostureText) refers to main.o(.data) for AZ
    main.o(i.InitMax30102Samples) refers to main.o(i.Max30102_Check) for Max30102_Check
    main.o(i.InitMax30102Samples) refers to main.o(i.ReadMax30102Sample) for ReadMax30102Sample
    main.o(i.InitMax30102Samples) refers to algorithm.o(i.maxim_heart_rate_and_oxygen_saturation) for maxim_heart_rate_and_oxygen_saturation
    main.o(i.InitMax30102Samples) refers to main.o(.data) for Max30102Ok
    main.o(i.InitMax30102Samples) refers to main.o(.bss) for aun_red_buffer
    main.o(i.IsFallDetected) refers to main.o(i.Abs32) for Abs32
    main.o(i.IsFallDetected) refers to main.o(.data) for AX
    main.o(i.IsUnsafeMotion) refers to main.o(i.Abs32) for Abs32
    main.o(i.IsUnsafeMotion) refers to main.o(.data) for GX
    main.o(i.Key_Init) refers to stm32f10x_rcc.o(i.RCC_APB2PeriphClockCmd) for RCC_APB2PeriphClockCmd
    main.o(i.Key_Init) refers to stm32f10x_gpio.o(i.GPIO_Init) for GPIO_Init
    main.o(i.Key_Scan) refers to stm32f10x_gpio.o(i.GPIO_ReadInputDataBit) for GPIO_ReadInputDataBit
    main.o(i.Key_Scan) refers to delay.o(i.delay_ms) for delay_ms
    main.o(i.Key_Scan) refers to main.o(.data) for key_ready
    main.o(i.Max30102_Check) refers to max30102.o(i.max30102_Bus_Read) for max30102_Bus_Read
    main.o(i.PageKey_Task) refers to main.o(i.Key_Scan) for Key_Scan
    main.o(i.PageKey_Task) refers to main.o(.data) for DisplayPage
    main.o(i.ReadBodyTempX10) refers to ds18b20.o(i.get_tempetature) for get_tempetature
    main.o(i.ReadMax30102Sample) refers to main.o(i.PageKey_Task) for PageKey_Task
    main.o(i.ReadMax30102Sample) refers to delay.o(i.delay_us) for delay_us
    main.o(i.ReadMax30102Sample) refers to max30102.o(i.max30102_FIFO_ReadBytes) for max30102_FIFO_ReadBytes
    main.o(i.ReadMax30102Sample) refers to delay.o(i.delay_ms) for delay_ms
    main.o(i.ReadMax30102Sample) refers to main.o(.data) for TempBytes
    main.o(i.ReadMax30102Sample) refers to main.o(.bss) for aun_red_buffer
    main.o(i.UpdateBodyTempFilter) refers to main.o(.data) for BodyTempFilteredX10
    main.o(i.UpdateMax30102Samples) refers to max30102.o(i.max30102_init) for max30102_init
    main.o(i.UpdateMax30102Samples) refers to main.o(i.Max30102_Check) for Max30102_Check
    main.o(i.UpdateMax30102Samples) refers to main.o(i.ReadMax30102Sample) for ReadMax30102Sample
    main.o(i.UpdateMax30102Samples) refers to algorithm.o(i.maxim_heart_rate_and_oxygen_saturation) for maxim_heart_rate_and_oxygen_saturation
    main.o(i.UpdateMax30102Samples) refers to main.o(.data) for Max30102Ok
    main.o(i.UpdateMax30102Samples) refers to main.o(.bss) for aun_red_buffer
    main.o(i.main) refers to sys.o(i.NVIC_Configuration) for NVIC_Configuration
    main.o(i.main) refers to delay.o(i.delay_init) for delay_init
    main.o(i.main) refers to oled.o(i.OLED_Init) for OLED_Init
    main.o(i.main) refers to oled.o(i.OLED_ShowString) for OLED_ShowString
    main.o(i.main) refers to oled.o(i.OLED_Update) for OLED_Update
    main.o(i.main) refers to oled.o(i.OLED_Clear) for OLED_Clear
    main.o(i.main) refers to max30102.o(i.max30102_init) for max30102_init
    main.o(i.main) refers to ds18b20.o(i.ds18b20_init) for ds18b20_init
    main.o(i.main) refers to dht11.o(i.DHT11_Init) for DHT11_Init
    main.o(i.main) refers to ds1302.o(i.DS1302_Init) for DS1302_Init
    main.o(i.main) refers to delay.o(i.delay_ms) for delay_ms
    main.o(i.main) refers to buzzer.o(i.Buzzer_init) for Buzzer_init
    main.o(i.main) refers to main.o(i.Key_Init) for Key_Init
    main.o(i.main) refers to step_counter.o(i.StepCounter_Init) for StepCounter_Init
    main.o(i.main) refers to ds1302.o(i.DS1302_GetDateTime) for DS1302_GetDateTime
    main.o(i.main) refers to ds1302.o(i.DS1302_IsClockHalted) for DS1302_IsClockHalted
    main.o(i.main) refers to main.o(i.IsRtcTimeValid) for IsRtcTimeValid
    main.o(i.main) refers to ds1302.o(i.DS1302_ReadRam) for DS1302_ReadRam
    main.o(i.main) refers to ds1302.o(i.DS1302_SetDateTime) for DS1302_SetDateTime
    main.o(i.main) refers to ds1302.o(i.DS1302_WriteRam) for DS1302_WriteRam
[...]
    i.PendSV_Handler                         0x080032a8   Section        0  stm32f10x_it.o(i.PendSV_Handler)
    i.RCC_APB1PeriphClockCmd                 0x080032ac   Section        0  stm32f10x_rcc.o(i.RCC_APB1PeriphClockCmd)
    i.RCC_APB2PeriphClockCmd                 0x080032cc   Section        0  stm32f10x_rcc.o(i.RCC_APB2PeriphClockCmd)
    i.RCC_GetClocksFreq                      0x080032ec   Section        0  stm32f10x_rcc.o(i.RCC_GetClocksFreq)
    i.ReadBodyTempX10                        0x080033c0   Section        0  main.o(i.ReadBodyTempX10)
    ReadBodyTempX10                          0x080033c1   Thumb Code    38  main.o(i.ReadBodyTempX10)
    i.ReadMax30102Sample                     0x080033e8   Section        0  main.o(i.ReadMax30102Sample)
    ReadMax30102Sample                       0x080033e9   Thumb Code   158  main.o(i.ReadMax30102Sample)
    i.SVC_Handler                            0x0800349c   Section        0  stm32f10x_it.o(i.SVC_Handler)
    i.SetSysClock                            0x0800349e   Section        0  system_stm32f10x.o(i.SetSysClock)
    SetSysClock                              0x0800349f   Thumb Code     8  system_stm32f10x.o(i.SetSysClock)
    i.SetSysClockTo72                        0x080034a8   Section        0  system_stm32f10x.o(i.SetSysClockTo72)
    SetSysClockTo72                          0x080034a9   Thumb Code   214  system_stm32f10x.o(i.SetSysClockTo72)
    i.StepCounter_GetCount                   0x08003588   Section        0  step_counter.o(i.StepCounter_GetCount)
    i.StepCounter_GetSensorData              0x080035ac   Section        0  step_counter.o(i.StepCounter_GetSensorData)
    i.StepCounter_Init                       0x08003620   Section        0  step_counter.o(i.StepCounter_Init)
    i.StepCounter_Update                     0x080037a0   Section        0  step_counter.o(i.StepCounter_Update)
    i.SysTick_CLKSourceConfig                0x08003924   Section        0  misc.o(i.SysTick_CLKSourceConfig)
    i.SysTick_Handler                        0x0800394c   Section        0  stm32f10x_it.o(i.SysTick_Handler)
    i.SystemInit                             0x08003950   Section        0  system_stm32f10x.o(i.SystemInit)
    i.TIM2_IRQHandler                        0x080039b0   Section        0  step_counter.o(i.TIM2_IRQHandler)
    i.TIM_ClearITPendingBit                  0x08003a48   Section        0  stm32f10x_tim.o(i.TIM_ClearITPendingBit)
    i.TIM_Cmd                                0x08003a4e   Section        0  stm32f10x_tim.o(i.TIM_Cmd)
    i.TIM_GetITStatus                        0x08003a66   Section        0  stm32f10x_tim.o(i.TIM_GetITStatus)
    i.TIM_ITConfig                           0x08003a88   Section        0  stm32f10x_tim.o(i.TIM_ITConfig)
    i.TIM_TimeBaseInit                       0x08003a9c   Section        0  stm32f10x_tim.o(i.TIM_TimeBaseInit)
    i.UpdateBodyTempFilter                   0x08003b40   Section        0  main.o(i.UpdateBodyTempFilter)
    UpdateBodyTempFilter                     0x08003b41   Thumb Code   184  main.o(i.UpdateBodyTempFilter)
    i.UpdateMax30102Samples                  0x08003c00   Section        0  main.o(i.UpdateMax30102Samples)
    UpdateMax30102Samples                    0x08003c01   Thumb Code   294  main.o(i.UpdateMax30102Samples)
    i.UsageFault_Handler                     0x08003d54   Section        0  stm32f10x_it.o(i.UsageFault_Handler)
    i.__ARM_fpclassify                       0x08003d58   Section        0  fpclassify.o(i.__ARM_fpclassify)
    i._is_digit                              0x08003d80   Section        0  __printf_wp.o(i._is_digit)
    i.delay_init                             0x08003d90   Section        0  delay.o(i.delay_init)
    i.delay_ms                               0x08003dd4   Section        0  delay.o(i.delay_ms)
    i.delay_us                               0x08003e20   Section        0  delay.o(i.delay_us)
    i.ds18b20_init                           0x08003e6c   Section        0  ds18b20.o(i.ds18b20_init)
    i.ds18b20_mode_input                     0x08003e90   Section        0  ds18b20.o(i.ds18b20_mode_input)
    ds18b20_mode_input                       0x08003e91   Thumb Code    26  ds18b20.o(i.ds18b20_mode_input)
    i.ds18b20_mode_output                    0x08003eb0   Section        0  ds18b20.o(i.ds18b20_mode_output)
    ds18b20_mode_output                      0x08003eb1   Thumb Code    32  ds18b20.o(i.ds18b20_mode_output)
    i.ds18b20_read_bit                       0x08003ed4   Section        0  ds18b20.o(i.ds18b20_read_bit)
    ds18b20_read_bit                         0x08003ed5   Thumb Code    64  ds18b20.o(i.ds18b20_read_bit)
    i.ds18b20_read_byte                      0x08003f18   Section        0  ds18b20.o(i.ds18b20_read_byte)
    ds18b20_read_byte                        0x08003f19   Thumb Code    34  ds18b20.o(i.ds18b20_read_byte)
    i.ds18b20_reset                          0x08003f3c   Section        0  ds18b20.o(i.ds18b20_reset)
    ds18b20_reset                            0x08003f3d   Thumb Code   118  ds18b20.o(i.ds18b20_reset)
    i.ds18b20_write_bit                      0x08003fb8   Section        0  ds18b20.o(i.ds18b20_write_bit)
    ds18b20_write_bit                        0x08003fb9   Thumb Code    68  ds18b20.o(i.ds18b20_write_bit)
    i.ds18b20_write_byte                     0x08004000   Section        0  ds18b20.o(i.ds18b20_write_byte)
    ds18b20_write_byte                       0x08004001   Thumb Code    28  ds18b20.o(i.ds18b20_write_byte)
    i.get_tempetature                        0x0800401c   Section        0  ds18b20.o(i.get_tempetature)
    i.main                                   0x0800407c   Section        0  main.o(i.main)
    i.max30102_Bus_Read                      0x080043ac   Section        0  max30102.o(i.max30102_Bus_Read)
    i.max30102_Bus_Write                     0x080043fe   Section        0  max30102.o(i.max30102_Bus_Write)
    i.max30102_FIFO_ReadBytes                0x08004442   Section        0  max30102.o(i.max30102_FIFO_ReadBytes)
    i.max30102_init                          0x080044c4   Section        0  max30102.o(i.max30102_init)
    i.max30102_reset                         0x0800455c   Section        0  max30102.o(i.max30102_reset)
    i.maxim_find_peaks                       0x08004570   Section        0  algorithm.o(i.maxim_find_peaks)
    i.maxim_heart_rate_and_oxygen_saturation 0x080045b4   Section        0  algorithm.o(i.maxim_heart_rate_and_oxygen_saturation)
    i.maxim_peaks_above_min_height           0x08004ab4   Section        0  algorithm.o(i.maxim_peaks_above_min_height)
    i.maxim_remove_close_peaks               0x08004b2e   Section        0  algorithm.o(i.maxim_remove_close_peaks)
    i.maxim_sort_ascend                      0x08004ba0   Section        0  algorithm.o(i.maxim_sort_ascend)
    i.maxim_sort_indices_descend             0x08004bd6   Section        0  algorithm.o(i.maxim_sort_indices_descend)
    locale$$code                             0x08004c18   Section       44  lc_numeric_c.o(locale$$code)
    locale$$code                             0x08004c44   Section       44  lc_ctype_c.o(locale$$code)
    x$fpl$printf1                            0x08004c70   Section        4  printf1.o(x$fpl$printf1)
    x$fpl$printf2                            0x08004c74   Section        4  printf2.o(x$fpl$printf2)
    .constdata                               0x08004c78   Section        7  main.o(.constdata)
    x$fpl$usenofp                            0x08004c78   Section        0  usenofp.o(x$fpl$usenofp)
    .constdata                               0x08004c80   Section      246  algorithm.o(.constdata)
    .constdata                               0x08004d76   Section     2914  oeld_data.o(.constdata)
    .constdata                               0x080058d8   Section        8  _printf_wctomb.o(.constdata)
    initial_mbstate                          0x080058d8   Data           8  _printf_wctomb.o(.constdata)
    .constdata                               0x080058e0   Section       40  _printf_hex_int_ll_ptr.o(.constdata)
    uc_hextab                                0x080058e0   Data          20  _printf_hex_int_ll_ptr.o(.constdata)
    lc_hextab                                0x080058f4   Data          20  _printf_hex_int_ll_ptr.o(.constdata)
    .constdata                               0x08005908   Section       17  __printf_flags_ss_wp.o(.constdata)
    maptable                                 0x08005908   Data          17  __printf_flags_ss_wp.o(.constdata)
    .constdata                               0x08005919   Section       38  _printf_fp_hex.o(.constdata)
    lc_hextab                                0x08005919   Data          19  _printf_fp_hex.o(.constdata)
    uc_hextab                                0x0800592c   Data          19  _printf_fp_hex.o(.constdata)
    .constdata                               0x08005940   Section      148  bigflt0.o(.constdata)
    tenpwrs_x                                0x08005940   Data          60  bigflt0.o(.constdata)
    tenpwrs_i                                0x0800597c   Data          64  bigflt0.o(.constdata)
    locale$$data                             0x080059f4   Section       28  lc_numeric_c.o(locale$$data)
    __lcnum_c_name                           0x080059f8   Data           2  lc_numeric_c.o(locale$$data)
    __lcnum_c_start                          0x08005a00   Data           0  lc_numeric_c.o(locale$$data)
    __lcnum_c_point                          0x08005a0c   Data           0  lc_numeric_c.o(locale$$data)
    __lcnum_c_thousands                      0x08005a0e   Data           0  lc_numeric_c.o(locale$$data)
    __lcnum_c_grouping                       0x08005a0f   Data           0  lc_numeric_c.o(locale$$data)
    locale$$data                             0x08005a10   Section      272  lc_ctype_c.o(locale$$data)
    __lcnum_c_end                            0x08005a10   Data           0  lc_numeric_c.o(locale$$data)
    __lcctype_c_name                         0x08005a14   Data           2  lc_ctype_c.o(locale$$data)
    __lcctype_c_start                        0x08005a1c   Data           0  lc_ctype_c.o(locale$$data)
    __lcctype_c_end                          0x08005b20   Data           0  lc_ctype_c.o(locale$$data)
    .data                                    0x20000000   Section       20  system_stm32f10x.o(.data)
    .data                                    0x20000014   Section       52  main.o(.data)
    n_ir_buffer_length                       0x20000014   Data           4  main.o(.data)
    n_spo2                                   0x20000018   Data           4  main.o(.data)
    ch_spo2_valid                            0x2000001c   Data           1  main.o(.data)
    n_heart_rate                             0x20000020   Data           4  main.o(.data)
    ch_hr_valid                              0x20000024   Data           1  main.o(.data)
    AX                                       0x20000026   Data           2  main.o(.data)
    AY                                       0x20000028   Data           2  main.o(.data)
    AZ                                       0x2000002a   Data           2  main.o(.data)
    GX                                       0x2000002c   Data           2  main.o(.data)
    GY                                       0x2000002e   Data           2  main.o(.data)
    GZ                                       0x20000030   Data           2  main.o(.data)
    Last_AX                                  0x20000032   Data           2  main.o(.data)
    Last_AY                                  0x20000034   Data           2  main.o(.data)
    Last_AZ                                  0x20000036   Data           2  main.o(.data)
    TempBytes                                0x20000038   Data           6  main.o(.data)
    DisplayPage                              0x2000003e   Data           1  main.o(.data)
    Max30102Ok                               0x2000003f   Data           1  main.o(.data)
    Max30102Hold                             0x20000040   Data           1  main.o(.data)
    LastHeartRate                            0x20000041   Data           1  main.o(.data)
    LastSpo2                                 0x20000042   Data           1  main.o(.data)
    BodyTempFilteredX10                      0x20000044   Data           2  main.o(.data)
    BodyTempValidReads                       0x20000046   Data           1  main.o(.data)
    key_ready                                0x20000047   Data           1  main.o(.data)
    .data                                    0x20000048   Section        1  ds1302.o(.data)
    DS1302_Tim2WasEnabled                    0x20000048   Data           1  ds1302.o(.data)
    .data                                    0x2000004c   Section       40  step_counter.o(.data)
    g_step_count                             0x2000004c   Data           4  step_counter.o(.data)
    g_baseline                               0x20000050   Data           4  step_counter.o(.data)
    g_motion_avg                             0x20000054   Data           4  step_counter.o(.data)
    g_smooth                                 0x20000058   Data           4  step_counter.o(.data)
    g_peak                                   0x2000005c   Data           4  step_counter.o(.data)
    g_tick                                   0x20000060   Data           2  step_counter.o(.data)
    g_last_step_tick                         0x20000062   Data           2  step_counter.o(.data)
    g_candidate_ticks                        0x20000064   Data           1  step_counter.o(.data)
    g_in_candidate                           0x20000065   Data           1  step_counter.o(.data)
    g_startup_count                          0x20000066   Data           1  step_counter.o(.data)
    g_ax                                     0x20000068   Data           2  step_counter.o(.data)
    g_ay                                     0x2000006a   Data           2  step_counter.o(.data)
    g_az                                     0x2000006c   Data           2  step_counter.o(.data)
    g_gx                                     0x2000006e   Data           2  step_counter.o(.data)
    g_gy                                     0x20000070   Data           2  step_counter.o(.data)
    g_gz                                     0x20000072   Data           2  step_counter.o(.data)
    .data                                    0x20000074   Section        4  delay.o(.data)
    fac_us                                   0x20000074   Data           1  delay.o(.data)
    fac_ms                                   0x20000076   Data           2  delay.o(.data)
    .data                                    0x20000078   Section       20  stm32f10x_rcc.o(.data)
    APBAHBPrescTable                         0x20000078   Data          16  stm32f10x_rcc.o(.data)
    ADCPrescTable                            0x20000088   Data           4  stm32f10x_rcc.o(.data)
    .bss                                     0x2000008c   Section     4000  main.o(.bss)
    aun_ir_buffer                            0x2000008c   Data        2000  main.o(.bss)
    aun_red_buffer                           0x2000085c   Data        2000  main.o(.bss)
    .bss                                     0x2000102c   Section     5984  algorithm.o(.bss)
    an_dx                                    0x2000102c   Data        1984  algorithm.o(.bss)
    an_x                                     0x200017ec   Data        2000  algorithm.o(.bss)
    an_y                                     0x20001fbc   Data        2000  algorithm.o(.bss)
    .bss                                     0x2000278c   Section     1024  oled.o(.bss)
    .bss                                     0x20002b8c   Section       96  libspace.o(.bss)
    HEAP                                     0x20002bf0   Section      512  startup_stm32f10x_md.o(HEAP)
    Heap_Mem                                 0x20002bf0   Data         512  startup_stm32f10x_md.o(HEAP)
    STACK                                    0x20002df0   Section     1024  startup_stm32f10x_md.o(STACK)
    Stack_Mem                                0x20002df0   Data        1024  startup_stm32f10x_md.o(STACK)
    __initial_sp                             0x200031f0   Data           0  startup_stm32f10x_md.o(STACK)

    Global Symbols

    Symbol Name                              Value     Ov Type        Size  Object(Section)

    BuildAttributes$$THM_ISAv4$P$D$K$B$S$PE$A:L22UL41UL21$X:L11$S22US41US21$IEEE1$IW$USESV6$~STKCKD$USESV7$~SHL$OTIME$ROPI$IEEEX$EBA8$UX$STANDARDLIB$REQ8$PRES8$EABIv2 0x00000000   Number         0  anon$$obj.o ABSOLUTE
    __ARM_use_no_argv                        0x00000000   Number         0  main.o ABSOLUTE
    _printf_flags                            0x00000000   Number         0  printf_stubs.o ABSOLUTE
    _printf_return_value                     0x00000000   Number         0  printf_stubs.o ABSOLUTE
    _printf_sizespec                         0x00000000   Number         0  printf_stubs.o ABSOLUTE
    _printf_widthprec                        0x00000000   Number         0  printf_stubs.o ABSOLUTE
    __ARM_exceptions_init                     - Undefined Weak Reference
    __alloca_initialize                       - Undefined Weak Reference
    __arm_preinit_                            - Undefined Weak Reference
    __cpp_initialize__aeabi_                  - Undefined Weak Reference
    __cxa_finalize                            - Undefined Weak Reference
    __sigvec_lookup                           - Undefined Weak Reference
    _atexit_init                              - Undefined Weak Reference
    _call_atexit_fns                          - Undefined Weak Reference
    _clock_init                               - Undefined Weak Reference
    _fp_trap_init                             - Undefined Weak Reference
    _fp_trap_shutdown                         - Undefined Weak Reference
    _get_lc_collate                           - Undefined Weak Reference
    _get_lc_monetary                          - Undefined Weak Reference
    _get_lc_time                              - Undefined Weak Reference
    _getenv_init                              - Undefined Weak Reference
    _handle_redirection                       - Undefined Weak Reference
    _init_alloc                               - Undefined Weak Reference
    _init_user_alloc                          - Undefined Weak Reference
    _initio                                   - Undefined Weak Reference
    _printf_mbtowc                            - Undefined Weak Reference
    _printf_wc                                - Undefined Weak Reference
    _rand_init                                - Undefined Weak Reference
    _signal_finish                            - Undefined Weak Reference
    _signal_init                              - Undefined Weak Reference
    _terminate_alloc                          - Undefined Weak Reference
    _terminate_user_alloc                     - Undefined Weak Reference
    _terminateio                              - Undefined Weak Reference
    __Vectors_Size                           0x000000ec   Number         0  startup_stm32f10x_md.o ABSOLUTE
    __Vectors                                0x08000000   Data           4  startup_stm32f10x_md.o(RESET)
    __Vectors_End                            0x080000ec   Data           0  startup_stm32f10x_md.o(RESET)
    __main                                   0x080000ed   Thumb Code     8  __main.o(!!!main)
    __scatterload                            0x080000f5   Thumb Code     0  __scatter.o(!!!scatter)
    __scatterload_rt2                        0x080000f5   Thumb Code    44  __scatter.o(!!!scatter)
    __scatterload_rt2_thumb_only             0x080000f5   Thumb Code     0  __scatter.o(!!!scatter)
    __scatterload_null                       0x08000103   Thumb Code     0  __scatter.o(!!!scatter)
    __scatterload_copy                       0x08000129   Thumb Code    26  __scatter_copy.o(!!handler_copy)
    __scatterload_zeroinit                   0x08000145   Thumb Code    28  __scatter_zi.o(!!handler_zi)
    _printf_n                                0x08000161   Thumb Code     0  _printf_n.o(.ARM.Collect$$_printf_percent$$00000001)
    _printf_percent                          0x08000161   Thumb Code     0  _printf_percent.o(.ARM.Collect$$_printf_percent$$00000000)
    _printf_p                                0x08000167   Thumb Code     0  _printf_p.o(.ARM.Collect$$_printf_percent$$00000002)
    _printf_f                                0x0800016d   Thumb Code     0  _printf_f.o(.ARM.Collect$$_printf_percent$$00000003)
    _printf_e                                0x08000173   Thumb Code     0  _printf_e.o(.ARM.Collect$$_printf_percent$$00000004)
    _printf_g                                0x08000179   Thumb Code     0  _printf_g.o(.ARM.Collect$$_printf_percent$$00000005)
    _printf_a                                0x0800017f   Thumb Code     0  _printf_a.o(.ARM.Collect$$_printf_percent$$00000006)
    _printf_ll                               0x08000185   Thumb Code     0  _printf_ll.o(.ARM.Collect$$_printf_percent$$00000007)
    _printf_i                                0x0800018f   Thumb Code     0  _printf_i.o(.ARM.Collect$$_printf_percent$$00000008)
    _printf_d                                0x08000195   Thumb Code     0  _printf_d.o(.ARM.Collect$$_printf_percent$$00000009)
    _printf_u                                0x0800019b   Thumb Code     0  _printf_u.o(.ARM.Collect$$_printf_percent$$0000000A)
    _printf_o                                0x080001a1   Thumb Code     0  _printf_o.o(.ARM.Collect$$_printf_percent$$0000000B)
    _printf_x                                0x080001a7   Thumb Code     0  _printf_x.o(.ARM.Collect$$_printf_percent$$0000000C)
    _printf_lli                              0x080001ad   Thumb Code     0  _printf_lli.o(.ARM.Collect$$_printf_percent$$0000000D)
    _printf_lld                              0x080001b3   Thumb Code     0  _printf_lld.o(.ARM.Collect$$_printf_percent$$0000000E)
    _printf_llu                              0x080001b9   Thumb Code     0  _printf_llu.o(.ARM.Collect$$_printf_percent$$0000000F)
    _printf_llo                              0x080001bf   Thumb Code     0  _printf_llo.o(.ARM.Collect$$_printf_percent$$00000010)
    _printf_llx                              0x080001c5   Thumb Code     0  _printf_llx.o(.ARM.Collect$$_printf_percent$$00000011)
    _printf_l                                0x080001cb   Thumb Code     0  _printf_l.o(.ARM.Collect$$_printf_percent$$00000012)
    _printf_c                                0x080001d5   Thumb Code     0  _printf_c.o(.ARM.Collect$$_printf_percent$$00000013)
    _printf_s                                0x080001db   Thumb Code     0  _printf_s.o(.ARM.Collect$$_printf_percent$$00000014)
    _printf_lc                               0x080001e1   Thumb Code     0  _printf_lc.o(.ARM.Collect$$_printf_percent$$00000015)
    _printf_ls                               0x080001e7   Thumb Code     0  _printf_ls.o(.ARM.Collect$$_printf_percent$$00000016)
    _printf_percent_end                      0x080001ed   Thumb Code     0  _printf_percent_end.o(.ARM.Collect$$_printf_percent$$00000017)
    __rt_lib_init                            0x080001f1   Thumb Code     0  libinit.o(.ARM.Collect$$libinit$$00000000)
    __rt_lib_init_fp_1                       0x080001f3   Thumb Code     0  libinit2.o(.ARM.Collect$$libinit$$00000002)
    __rt_lib_init_heap_1                     0x080001f3   Thumb Code     0  libinit2.o(.ARM.Collect$$libinit$$0000000A)
    __rt_lib_init_lc_common                  0x080001f3   Thumb Code     0  libinit2.o(.ARM.Collect$$libinit$$0000000F)
    __rt_lib_init_preinit_1                  0x080001f3   Thumb Code     0  libinit2.o(.ARM.Collect$$libinit$$00000004)
    __rt_lib_init_rand_1                     0x080001f3   Thumb Code     0  libinit2.o(.ARM.Collect$$libinit$$0000000E)
    __rt_lib_init_user_alloc_1               0x080001f3   Thumb Code     0  libinit2.o(.ARM.Collect$$libinit$$0000000C)
    __rt_lib_init_lc_collate_1               0x080001f9   Thumb Code     0  libinit2.o(.ARM.Collect$$libinit$$00000011)
    __rt_lib_init_lc_ctype_2                 0x080001f9   Thumb Code     0  libinit2.o(.ARM.Collect$$libinit$$00000012)
    __rt_lib_init_lc_ctype_1                 0x08000205   Thumb Code     0  libinit2.o(.ARM.Collect$$libinit$$00000013)
    __rt_lib_init_lc_monetary_1              0x08000205   Thumb Code     0  libinit2.o(.ARM.Collect$$libinit$$00000015)
    __rt_lib_init_lc_numeric_2               0x08000205   Thumb Code     0  libinit2.o(.ARM.Collect$$libinit$$00000016)
    __rt_lib_init_alloca_1                   0x0800020f   Thumb Code     0  libinit2.o(.ARM.Collect$$libinit$$0000002E)
    __rt_lib_init_argv_1                     0x0800020f   Thumb Code     0  libinit2.o(.ARM.Collect$$libinit$$0000002C)
    __rt_lib_init_atexit_1                   0x0800020f   Thumb Code     0  libinit2.o(.ARM.Collect$$libinit$$0000001B)
    __rt_lib_init_clock_1                    0x0800020f   Thumb Code     0  libinit2.o(.ARM.Collect$$libinit$$00000021)
    __rt_lib_init_cpp_1                      0x0800020f   Thumb Code     0  libinit2.o(.ARM.Collect$$libinit$$00000032)
    __rt_lib_init_exceptions_1               0x0800020f   Thumb Code     0  libinit2.o(.ARM.Collect$$libinit$$00000030)
    __rt_lib_init_fp_trap_1                  0x0800020f   Thumb Code     0  libinit2.o(.ARM.Collect$$libinit$$0000001F)
    __rt_lib_init_getenv_1                   0x0800020f   Thumb Code     0  libinit2.o(.ARM.Collect$$libinit$$00000023)
    __rt_lib_init_lc_numeric_1               0x0800020f   Thumb Code     0  libinit2.o(.ARM.Collect$$libinit$$00000017)
    __rt_lib_init_lc_time_1                  0x0800020f   Thumb Code     0  libinit2.o(.ARM.Collect$$libinit$$00000019)
    __rt_lib_init_return                     0x0800020f   Thumb Code     0  libinit2.o(.ARM.Collect$$libinit$$00000033)
    __rt_lib_init_signal_1                   0x0800020f   Thumb Code     0  libinit2.o(.ARM.Collect$$libinit$$0000001D)
    __rt_lib_init_stdio_1                    0x0800020f   Thumb Code     0  libinit2.o(.ARM.Collect$$libinit$$00000025)
    __rt_lib_shutdown                        0x08000211   Thumb Code     0  libshutdown.o(.ARM.Collect$$libshutdown$$00000000)
    __rt_lib_shutdown_cpp_1                  0x08000213   Thumb Code     0  libshutdown2.o(.ARM.Collect$$libshutdown$$00000002)
    __rt_lib_shutdown_fp_trap_1              0x08000213   Thumb Code     0  libshutdown2.o(.ARM.Collect$$libshutdown$$00000007)
    __rt_lib_shutdown_heap_1                 0x08000213   Thumb Code     0  libshutdown2.o(.ARM.Collect$$libshutdown$$0000000F)
    __rt_lib_shutdown_return                 0x08000213   Thumb Code     0  libshutdown2.o(.ARM.Collect$$libshutdown$$00000010)
    __rt_lib_shutdown_signal_1               0x08000213   Thumb Code     0  libshutdown2.o(.ARM.Collect$$libshutdown$$0000000A)
    __rt_lib_shutdown_stdio_1                0x08000213   Thumb Code     0  libshutdown2.o(.ARM.Collect$$libshutdown$$00000004)
    __rt_lib_shutdown_user_alloc_1           0x08000213   Thumb Code     0  libshutdown2.o(.ARM.Collect$$libshutdown$$0000000C)
    __rt_entry                               0x08000215   Thumb Code     0  __rtentry.o(.ARM.Collect$$rtentry$$00000000)
    __rt_entry_presh_1                       0x08000215   Thumb Code     0  __rtentry2.o(.ARM.Collect$$rtentry$$00000002)
    __rt_entry_sh                            0x08000215   Thumb Code     0  __rtentry4.o(.ARM.Collect$$rtentry$$00000004)
    __rt_entry_li                            0x0800021b   Thumb Code     0  __rtentry2.o(.ARM.Collect$$rtentry$$0000000A)
    __rt_entry_postsh_1                      0x0800021b   Thumb Code     0  __rtentry2.o(.ARM.Collect$$rtentry$$00000009)
    __rt_entry_main                          0x0800021f   Thumb Code     0  __rtentry2.o(.ARM.Collect$$rtentry$$0000000D)
    __rt_entry_postli_1                      0x0800021f   Thumb Code     0  __rtentry2.o(.ARM.Collect$$rtentry$$0000000C)
    __rt_exit                                0x08000227   Thumb Code     0  rtexit.o(.ARM.Collect$$rtexit$$00000000)
    __rt_exit_ls                             0x08000229   Thumb Code     0  rtexit2.o(.ARM.Collect$$rtexit$$00000003)
    __rt_exit_prels_1                        0x08000229   Thumb Code     0  rtexit2.o(.ARM.Collect$$rtexit$$00000002)
    __rt_exit_exit                           0x0800022d   Thumb Code     0  rtexit2.o(.ARM.Collect$$rtexit$$00000004)
    Reset_Handler                            0x08000235   Thumb Code     8  startup_stm32f10x_md.o(.text)
    ADC1_2_IRQHandler                        0x0800024f   Thumb Code     0  startup_stm32f10x_md.o(.text)
    CAN1_RX1_IRQHandler                      0x0800024f   Thumb Code     0  startup_stm32f10x_md.o(.text)
    CAN1_SCE_IRQHandler                      0x0800024f   Thumb Code     0  startup_stm32f10x_md.o(.text)
    DMA1_Channel1_IRQHandler                 0x0800024f   Thumb Code     0  startup_stm32f10x_md.o(.text)
    DMA1_Channel2_IRQHandler                 0x0800024f   Thumb Code     0  startup_stm32f10x_md.o(.text)
    DMA1_Channel3_IRQHandler                 0x0800024f   Thumb Code     0  startup_stm32f10x_md.o(.text)
    DMA1_Channel4_IRQHandler                 0x0800024f   Thumb Code     0  startup_stm32f10x_md.o(.text)
    DMA1_Channel5_IRQHandler                 0x0800024f   Thumb Code     0  startup_stm32f10x_md.o(.text)
    DMA1_Channel6_IRQHandler                 0x0800024f   Thumb Code     0  startup_stm32f10x_md.o(.text)
    DMA1_Channel7_IRQHandler                 0x0800024f   Thumb Code     0  startup_stm32f10x_md.o(.text)
    EXTI0_IRQHandler                         0x0800024f   Thumb Code     0  startup_stm32f10x_md.o(.text)
    EXTI15_10_IRQHandler                     0x0800024f   Thumb Code     0  startup_stm32f10x_md.o(.text)
    EXTI1_IRQHandler                         0x0800024f   Thumb Code     0  startup_stm32f10x_md.o(.text)
    EXTI2_IRQHandler                         0x0800024f   Thumb Code     0  startup_stm32f10x_md.o(.text)
    EXTI3_IRQHandler                         0x0800024f   Thumb Code     0  startup_stm32f10x_md.o(.text)
    EXTI4_IRQHandler                         0x0800024f   Thumb Code     0  startup_stm32f10x_md.o(.text)
    EXTI9_5_IRQHandler                       0x0800024f   Thumb Code     0  startup_stm32f10x_md.o(.text)
    FLASH_IRQHandler                         0x0800024f   Thumb Code     0  startup_stm32f10x_md.o(.text)
    I2C1_ER_IRQHandler                       0x0800024f   Thumb Code     0  startup_stm32f10x_md.o(.text)
    I2C1_EV_IRQHandler                       0x0800024f   Thumb Code     0  startup_stm32f10x_md.o(.text)
    I2C2_ER_IRQHandler                       0x0800024f   Thumb Code     0  startup_stm32f10x_md.o(.text)
    I2C2_EV_IRQHandler                       0x0800024f   Thumb Code     0  startup_stm32f10x_md.o(.text)
    PVD_IRQHandler                           0x0800024f   Thumb Code     0  startup_stm32f10x_md.o(.text)
    RCC_IRQHandler                           0x0800024f   Thumb Code     0  startup_stm32f10x_md.o(.text)
    RTCAlarm_IRQHandler                      0x0800024f   Thumb Code     0  startup_stm32f10x_md.o(.text)
    RTC_IRQHandler                           0x0800024f   Thumb Code     0  startup_stm32f10x_md.o(.text)
    SPI1_IRQHandler                          0x0800024f   Thumb Code     0  startup_stm32f10x_md.o(.text)
    SPI2_IRQHandler                          0x0800024f   Thumb Code     0  startup_stm32f10x_md.o(.text)
    TAMPER_IRQHandler                        0x0800024f   Thumb Code     0  startup_stm32f10x_md.o(.text)
    TIM1_BRK_IRQHandler                      0x0800024f   Thumb Code     0  startup_stm32f10x_md.o(.text)
    TIM1_CC_IRQHandler                       0x0800024f   Thumb Code     0  startup_stm32f10x_md.o(.text)
    TIM1_TRG_COM_IRQHandler                  0x0800024f   Thumb Code     0  startup_stm32f10x_md.o(.text)
    TIM1_UP_IRQHandler                       0x0800024f   Thumb Code     0  startup_stm32f10x_md.o(.text)
    TIM3_IRQHandler                          0x0800024f   Thumb Code     0  startup_stm32f10x_md.o(.text)
    TIM4_IRQHandler                          0x0800024f   Thumb Code     0  startup_stm32f10x_md.o(.text)
    USART1_IRQHandler                        0x0800024f   Thumb Code     0  startup_stm32f10x_md.o(.text)
    USART2_IRQHandler                        0x0800024f   Thumb Code     0  startup_stm32f10x_md.o(.text)
    USART3_IRQHandler                        0x0800024f   Thumb Code     0  startup_stm32f10x_md.o(.text)
    USBWakeUp_IRQHandler                     0x0800024f   Thumb Code     0  startup_stm32f10x_md.o(.text)
    USB_HP_CAN1_TX_IRQHandler                0x0800024f   Thumb Code     0  startup_stm32f10x_md.o(.text)
    USB_LP_CAN1_RX0_IRQHandler               0x0800024f   Thumb Code     0  startup_stm32f10x_md.o(.text)
    WWDG_IRQHandler                          0x0800024f   Thumb Code     0  startup_stm32f10x_md.o(.text)
    __user_initial_stackheap                 0x08000251   Thumb Code     0  startup_stm32f10x_md.o(.text)
    vsprintf                                 0x08000275   Thumb Code    32  vsprintf.o(.text)
    strcmp                                   0x08000299   Thumb Code   128  strcmpv7m.o(.text)
    __use_two_region_memory                  0x08000319   Thumb Code     2  heapauxi.o(.text)
    __rt_heap_escrow$2region                 0x0800031b   Thumb Code     2  heapauxi.o(.text)
    __rt_heap_expand$2region                 0x0800031d   Thumb Code     2  heapauxi.o(.text)
    _printf_pre_padding                      0x0800031f   Thumb Code    44  _printf_pad.o(.text)
    _printf_post_padding                     0x0800034b   Thumb Code    34  _printf_pad.o(.text)
    _printf_truncate_signed                  0x0800036d   Thumb Code    18  _printf_truncate.o(.text)
    _printf_truncate_unsigned                0x0800037f   Thumb Code    18  _printf_truncate.o(.text)
    _printf_str                              0x08000391   Thumb Code    82  _printf_str.o(.text)
    _printf_int_dec                          0x080003e5   Thumb Code   104  _printf_dec.o(.text)
    _printf_charcount                        0x0800045d   Thumb Code    40  _printf_charcount.o(.text)
    _printf_char_common                      0x0800048f   Thumb Code    32  _printf_char_common.o(.text)
    _sputc                                   0x080004b5   Thumb Code    10  _sputc.o(.text)
    _printf_wctomb                           0x080004c1   Thumb Code   182  _printf_wctomb.o(.text)
    _printf_longlong_dec                     0x0800057d   Thumb Code   108  _printf_longlong_dec.o(.text)
    _printf_longlong_oct                     0x080005f9   Thumb Code    66  _printf_oct_int_ll.o(.text)
    _printf_int_oct                          0x0800063b   Thumb Code    24  _printf_oct_int_ll.o(.text)
    _printf_ll_oct                           0x08000653   Thumb Code    12  _printf_oct_int_ll.o(.text)
    _printf_longlong_hex                     0x08000669   Thumb Code    86  _printf_hex_int_ll_ptr.o(.text)
    _printf_int_hex                          0x080006bf   Thumb Code    28  _printf_hex_int_ll_ptr.o(.text)
    _printf_ll_hex                           0x080006db   Thumb Code    12  _printf_hex_int_ll_ptr.o(.text)
    _printf_hex_ptr                          0x080006e7   Thumb Code    18  _printf_hex_int_ll_ptr.o(.text)
    __printf                                 0x080006fd   Thumb Code   388  __printf_flags_ss_wp.o(.text)
    _ll_udiv10                               0x08000885   Thumb Code   138  lludiv10.o(.text)
    _printf_int_common                       0x0800090f   Thumb Code   178  _printf_intcommon.o(.text)
    __lib_sel_fp_printf                      0x080009c1   Thumb Code     2  _printf_fp_dec.o(.text)
    _printf_fp_dec_real                      0x08000b73   Thumb Code   620  _printf_fp_dec.o(.text)
    _printf_fp_hex_real                      0x08000de1   Thumb Code   756  _printf_fp_hex.o(.text)
    _printf_cs_common                        0x080010dd   Thumb Code    20  _printf_char.o(.text)
    _printf_char                             0x080010f1   Thumb Code    16  _printf_char.o(.text)
    _printf_string                           0x08001101   Thumb Code     8  _printf_char.o(.text)
    _printf_lcs_common                       0x08001109   Thumb Code    20  _printf_wchar.o(.text)
    _printf_wchar                            0x0800111d   Thumb Code    16  _printf_wchar.o(.text)
    _printf_wstring                          0x0800112d   Thumb Code     8  _printf_wchar.o(.text)
    _wcrtomb                                 0x08001135   Thumb Code    64  _wcrtomb.o(.text)
    __user_libspace                          0x08001175   Thumb Code     8  libspace.o(.text)
    __user_perproc_libspace                  0x08001175   Thumb Code     0  libspace.o(.text)
    __user_perthread_libspace                0x08001175   Thumb Code     0  libspace.o(.text)
    __user_setup_stackheap                   0x0800117d   Thumb Code    74  sys_stackheap_outer.o(.text)
    __rt_ctype_table                         0x080011c9   Thumb Code    16  rt_ctype_table.o(.text)
    __rt_locale                              0x080011d9   Thumb Code     8  rt_locale_intlibspace.o(.text)
    _printf_fp_infnan                        0x080011e1   Thumb Code   112  _printf_fp_infnan.o(.text)
    _btod_etento                             0x08001261   Thumb Code   224  bigflt0.o(.text)
    exit                                     0x08001345   Thumb Code    18  exit.o(.text)
    _sys_exit                                0x08001359   Thumb Code     8  sys_exit.o(.text)
    __I$use$semihosting                      0x08001365   Thumb Code     0  use_no_semi.o(.text)
    __use_no_semihosting_swi                 0x08001365   Thumb Code     2  use_no_semi.o(.text)
    __semihosting_library_function           0x08001367   Thumb Code     0  indicate_semi.o(.text)
    _btod_d2e                                0x08001367   Thumb Code    62  btod.o(CL$$btod_d2e)
    _d2e_denorm_low                          0x080013a5   Thumb Code    70  btod.o(CL$$btod_d2e_denorm_low)
    _d2e_norm_op1                            0x080013eb   Thumb Code    96  btod.o(CL$$btod_d2e_norm_op1)
    __btod_div_common                        0x0800144b   Thumb Code   696  btod.o(CL$$btod_div_common)
    _e2e                                     0x08001783   Thumb Code   220  btod.o(CL$$btod_e2e)
    _btod_ediv                               0x0800185f   Thumb Code    42  btod.o(CL$$btod_ediv)
    _btod_emul                               0x08001889   Thumb Code    42  btod.o(CL$$btod_emul)
    __btod_mult_common                       0x080018b3   Thumb Code   580  btod.o(CL$$btod_mult_common)
    BusFault_Handler                         0x08001b13   Thumb Code     4  stm32f10x_it.o(i.BusFault_Handler)
    Buzzer_init                              0x08001b19   Thumb Code    48  buzzer.o(i.Buzzer_init)
    Buzzer_off                               0x08001b4d   Thumb Code    14  buzzer.o(i.Buzzer_off)
    Buzzer_on                                0x08001b61   Thumb Code    14  buzzer.o(i.Buzzer_on)
    DHT11_Init                               0x08001b8b   Thumb Code    22  dht11.o(i.DHT11_Init)
    DHT11_ReadData                           0x08001bb1   Thumb Code   230  dht11.o(i.DHT11_ReadData)
    DS1302_GetDateTime                       0x08001d4d   Thumb Code    90  ds1302.o(i.DS1302_GetDateTime)
    DS1302_Init                              0x08001ded   Thumb Code    86  ds1302.o(i.DS1302_Init)
    DS1302_IsClockHalted                     0x08001e49   Thumb Code    12  ds1302.o(i.DS1302_IsClockHalted)
    DS1302_ReadRam                           0x08001f2d   Thumb Code    26  ds1302.o(i.DS1302_ReadRam)
    DS1302_SetDateTime                       0x08001f89   Thumb Code   144  ds1302.o(i.DS1302_SetDateTime)
    DS1302_StartClock                        0x08002019   Thumb Code    38  ds1302.o(i.DS1302_StartClock)
    DS1302_WriteRam                          0x080020ad   Thumb Code    30  ds1302.o(i.DS1302_WriteRam)
    DebugMon_Handler                         0x0800210d   Thumb Code     2  stm32f10x_it.o(i.DebugMon_Handler)
    GPIO_Init                                0x080022fd   Thumb Code   278  stm32f10x_gpio.o(i.GPIO_Init)
    GPIO_ReadInputDataBit                    0x08002413   Thumb Code    18  stm32f10x_gpio.o(i.GPIO_ReadInputDataBit)
    GPIO_ResetBits                           0x08002425   Thumb Code     4  stm32f10x_gpio.o(i.GPIO_ResetBits)
    GPIO_SetBits                             0x08002429   Thumb Code     4  stm32f10x_gpio.o(i.GPIO_SetBits)
    GPIO_WriteBit                            0x0800242d   Thumb Code    10  stm32f10x_gpio.o(i.GPIO_WriteBit)
    HardFault_Handler                        0x080024e1   Thumb Code     4  stm32f10x_it.o(i.HardFault_Handler)
    I2C_AcknowledgeConfig                    0x080024e5   Thumb Code    24  stm32f10x_i2c.o(i.I2C_AcknowledgeConfig)
    I2C_CheckEvent                           0x080024fd   Thumb Code    42  stm32f10x_i2c.o(i.I2C_CheckEvent)
    I2C_Cmd                                  0x08002527   Thumb Code    24  stm32f10x_i2c.o(i.I2C_Cmd)
    I2C_GenerateSTART                        0x0800253f   Thumb Code    24  stm32f10x_i2c.o(i.I2C_GenerateSTART)
    I2C_GenerateSTOP                         0x08002557   Thumb Code    24  stm32f10x_i2c.o(i.I2C_GenerateSTOP)
    I2C_Init                                 0x08002571   Thumb Code   222  stm32f10x_i2c.o(i.I2C_Init)
    I2C_ReceiveData                          0x08002715   Thumb Code     8  stm32f10x_i2c.o(i.I2C_ReceiveData)
    I2C_Send7bitAddress                      0x0800271d   Thumb Code    18  stm32f10x_i2c.o(i.I2C_Send7bitAddress)
    I2C_SendData                             0x0800272f   Thumb Code     4  stm32f10x_i2c.o(i.I2C_SendData)
    IIC_Ack                                  0x080027bd   Thumb Code    66  myiic.o(i.IIC_Ack)
    IIC_Init                                 0x0800280d   Thumb Code    52  myiic.o(i.IIC_Init)
    IIC_NAck                                 0x0800284d   Thumb Code    66  myiic.o(i.IIC_NAck)
    IIC_Read_Byte                            0x0800289d   Thumb Code    98  myiic.o(i.IIC_Read_Byte)
    IIC_Send_Byte                            0x0800290d   Thumb Code    90  myiic.o(i.IIC_Send_Byte)
    IIC_Start                                0x08002975   Thumb Code    64  myiic.o(i.IIC_Start)
    IIC_Stop                                 0x080029c1   Thumb Code    62  myiic.o(i.IIC_Stop)
    IIC_Wait_Ack                             0x08002a0d   Thumb Code    86  myiic.o(i.IIC_Wait_Ack)
    MemManage_Handler                        0x08002d15   Thumb Code     4  stm32f10x_it.o(i.MemManage_Handler)
    NMI_Handler                              0x08002d19   Thumb Code     2  stm32f10x_it.o(i.NMI_Handler)
    NVIC_Configuration                       0x08002d1b   Thumb Code    12  sys.o(i.NVIC_Configuration)
    NVIC_Init                                0x08002d29   Thumb Code   100  misc.o(i.NVIC_Init)
    NVIC_PriorityGroupConfig                 0x08002d99   Thumb Code    10  misc.o(i.NVIC_PriorityGroupConfig)
    OLED_Clear                               0x08002dad   Thumb Code    36  oled.o(i.OLED_Clear)
    OLED_ClearArea                           0x08002dd5   Thumb Code   162  oled.o(i.OLED_ClearArea)
    OLED_GPIO_Init                           0x08002e7d   Thumb Code    88  oled.o(i.OLED_GPIO_Init)
    OLED_I2C_SendByte                        0x08002ed9   Thumb Code    62  oled.o(i.OLED_I2C_SendByte)
    OLED_I2C_Start                           0x08002f17   Thumb Code    28  oled.o(i.OLED_I2C_Start)
    OLED_I2C_Stop                            0x08002f33   Thumb Code    22  oled.o(i.OLED_I2C_Stop)
    OLED_Init                                0x08002f49   Thumb Code   154  oled.o(i.OLED_Init)
    OLED_Printf                              0x08002fe3   Thumb Code    50  oled.o(i.OLED_Printf)
    OLED_SetCursor                           0x08003015   Thumb Code    34  oled.o(i.OLED_SetCursor)
    OLED_ShowChar                            0x08003039   Thumb Code    74  oled.o(i.OLED_ShowChar)
    OLED_ShowImage                           0x0800308d   Thumb Code   296  oled.o(i.OLED_ShowImage)
    OLED_ShowString                          0x080031b9   Thumb Code    46  oled.o(i.OLED_ShowString)
    OLED_Update                              0x080031e9   Thumb Code    36  oled.o(i.OLED_Update)
    OLED_W_SCL                               0x08003211   Thumb Code    16  oled.o(i.OLED_W_SCL)
    OLED_W_SDA                               0x08003225   Thumb Code    16  oled.o(i.OLED_W_SDA)
    OLED_WriteCommand                        0x08003239   Thumb Code    32  oled.o(i.OLED_WriteCommand)
    OLED_WriteData                           0x08003259   Thumb Code    46  oled.o(i.OLED_WriteData)
    PendSV_Handler                           0x080032a9   Thumb Code     2  stm32f10x_it.o(i.PendSV_Handler)
    RCC_APB1PeriphClockCmd                   0x080032ad   Thumb Code    26  stm32f10x_rcc.o(i.RCC_APB1PeriphClockCmd)
    RCC_APB2PeriphClockCmd                   0x080032cd   Thumb Code    26  stm32f10x_rcc.o(i.RCC_APB2PeriphClockCmd)
    RCC_GetClocksFreq                        0x080032ed   Thumb Code   192  stm32f10x_rcc.o(i.RCC_GetClocksFreq)
    SVC_Handler                              0x0800349d   Thumb Code     2  stm32f10x_it.o(i.SVC_Handler)
    StepCounter_GetCount                     0x08003589   Thumb Code    30  step_counter.o(i.StepCounter_GetCount)
    StepCounter_GetSensorData                0x080035ad   Thumb Code    92  step_counter.o(i.StepCounter_GetSensorData)
    StepCounter_Init                         0x08003621   Thumb Code   308  step_counter.o(i.StepCounter_Init)
    StepCounter_Update                       0x080037a1   Thumb Code   348  step_counter.o(i.StepCounter_Update)
    SysTick_CLKSourceConfig                  0x08003925   Thumb Code    40  misc.o(i.SysTick_CLKSourceConfig)
    SysTick_Handler                          0x0800394d   Thumb Code     2  stm32f10x_it.o(i.SysTick_Handler)
    SystemInit                               0x08003951   Thumb Code    78  system_stm32f10x.o(i.SystemInit)
    TIM2_IRQHandler                          0x080039b1   Thumb Code   126  step_counter.o(i.TIM2_IRQHandler)
    TIM_ClearITPendingBit                    0x08003a49   Thumb Code     6  stm32f10x_tim.o(i.TIM_ClearITPendingBit)
    TIM_Cmd                                  0x08003a4f   Thumb Code    24  stm32f10x_tim.o(i.TIM_Cmd)
    TIM_GetITStatus                          0x08003a67   Thumb Code    34  stm32f10x_tim.o(i.TIM_GetITStatus)
    TIM_ITConfig                             0x08003a89   Thumb Code    18  stm32f10x_tim.o(i.TIM_ITConfig)
    TIM_TimeBaseInit                         0x08003a9d   Thumb Code   122  stm32f10x_tim.o(i.TIM_TimeBaseInit)
    UsageFault_Handler                       0x08003d55   Thumb Code     4  stm32f10x_it.o(i.UsageFault_Handler)
    __ARM_fpclassify                         0x08003d59   Thumb Code    40  fpclassify.o(i.__ARM_fpclassify)
    _is_digit                                0x08003d81   Thumb Code    14  __printf_wp.o(i._is_digit)
    delay_init                               0x08003d91   Thumb Code    50  delay.o(i.delay_init)
    delay_ms                                 0x08003dd5   Thumb Code    72  delay.o(i.delay_ms)
    delay_us                                 0x08003e21   Thumb Code    72  delay.o(i.delay_us)
    ds18b20_init                             0x08003e6d   Thumb Code    30  ds18b20.o(i.ds18b20_init)
    get_tempetature                          0x0800401d   Thumb Code    92  ds18b20.o(i.get_tempetature)
    main                                     0x0800407d   Thumb Code   630  main.o(i.main)
    max30102_Bus_Read                        0x080043ad   Thumb Code    82  max30102.o(i.max30102_Bus_Read)
    max30102_Bus_Write                       0x080043ff   Thumb Code    68  max30102.o(i.max30102_Bus_Write)
    max30102_FIFO_ReadBytes                  0x08004443   Thumb Code   128  max30102.o(i.max30102_FIFO_ReadBytes)
    max30102_init                            0x080044c5   Thumb Code   148  max30102.o(i.max30102_init)
    max30102_reset                           0x0800455d   Thumb Code    20  max30102.o(i.max30102_reset)
    maxim_find_peaks                         0x08004571   Thumb Code    66  algorithm.o(i.maxim_find_peaks)
    maxim_heart_rate_and_oxygen_saturation   0x080045b5   Thumb Code  1272  algorithm.o(i.maxim_heart_rate_and_oxygen_saturation)
    maxim_peaks_above_min_height             0x08004ab5   Thumb Code   122  algorithm.o(i.maxim_peaks_above_min_height)
    maxim_remove_close_peaks                 0x08004b2f   Thumb Code   114  algorithm.o(i.maxim_remove_close_peaks)
    maxim_sort_ascend                        0x08004ba1   Thumb Code    54  algorithm.o(i.maxim_sort_ascend)
    maxim_sort_indices_descend               0x08004bd7   Thumb Code    64  algorithm.o(i.maxim_sort_indices_descend)
    _get_lc_numeric                          0x08004c19   Thumb Code    44  lc_numeric_c.o(locale$$code)
    _get_lc_ctype                            0x08004c45   Thumb Code    44  lc_ctype_c.o(locale$$code)
    _printf_fp_dec                           0x08004c71   Thumb Code     4  printf1.o(x$fpl$printf1)
    _printf_fp_hex                           0x08004c75   Thumb Code     4  printf2.o(x$fpl$printf2)
    __I$use$fp                               0x08004c78   Number         0  usenofp.o(x$fpl$usenofp)
    auw_hamm                                 0x08004c80   Data          62  algorithm.o(.constdata)
    uch_spo2_table                           0x08004cbe   Data         184  algorithm.o(.constdata)
    OLED_F8x16                               0x08004d76   Data        1520  oeld_data.o(.constdata)
    OLED_F6x8                                0x08005366   Data         570  oeld_data.o(.constdata)
    OLED_CF16x16                             0x080055a0   Data         792  oeld_data.o(.constdata)
    Diode                                    0x080058b8   Data          32  oeld_data.o(.constdata)
    Region$$Table$$Base                      0x080059d4   Number         0  anon$$obj.o(Region$$Table)
    Region$$Table$$Limit                     0x080059f4   Number         0  anon$$obj.o(Region$$Table)
    __ctype                                  0x08005a1d   Data           0  lc_ctype_c.o(locale$$data)
    SystemCoreClock                          0x20000000   Data           4  system_stm32f10x.o(.data)
    AHBPrescTable                            0x20000004   Data          16  system_stm32f10x.o(.data)
    OLED_DisplayBuf                          0x2000278c   Data        1024  oled.o(.bss)
    __libspace_start                         0x20002b8c   Data          96  libspace.o(.bss)
    __temporary_stack_top$libspace           0x20002bec   Data           0  libspace.o(.bss)



==============================================================================

Memory Map of the image

  Image Entry point : 0x080000ed

  Load Region LR_IROM1 (Base: 0x08000000, Size: 0x00005bac, Max: 0x00010000, ABSOLUTE)

    Execution Region ER_IROM1 (Exec base: 0x08000000, Load base: 0x08000000, Size: 0x00005b20, Max: 0x00010000, ABSOLUTE)

    Exec Addr    Load Addr    Size         Type   Attr      Idx    E Section Name        Object

    0x08000000   0x08000000   0x000000ec   Data   RO         1100    RESET               startup_stm32f10x_md.o
    0x080000ec   0x080000ec   0x00000008   Code   RO         2395  * !!!main             c_w.l(__main.o)
    0x080000f4   0x080000f4   0x00000034   Code   RO         2826    !!!scatter          c_w.l(__scatter.o)
    0x08000128   0x08000128   0x0000001a   Code   RO         2828    !!handler_copy      c_w.l(__scatter_copy.o)
    0x08000142   0x08000142   0x00000002   PAD
    0x08000144   0x08000144   0x0000001c   Code   RO         2830    !!handler_zi        c_w.l(__scatter_zi.o)
    0x08000160   0x08000160   0x00000000   Code   RO         2537    .ARM.Collect$$_printf_percent$$00000000  c_w.l(_printf_percent.o)
    0x08000160   0x08000160   0x00000006   Code   RO         2526    .ARM.Collect$$_printf_percent$$00000001  c_w.l(_printf_n.o)
    0x08000166   0x08000166   0x00000006   Code   RO         2528    .ARM.Collect$$_printf_percent$$00000002  c_w.l(_printf_p.o)
    0x0800016c   0x0800016c   0x00000006   Code   RO         2533    .ARM.Collect$$_printf_percent$$00000003  c_w.l(_printf_f.o)
    0x08000172   0x08000172   0x00000006   Code   RO         2534    .ARM.Collect$$_printf_percent$$00000004  c_w.l(_printf_e.o)
    0x08000178   0x08000178   0x00000006   Code   RO         2535    .ARM.Collect$$_printf_percent$$00000005  c_w.l(_printf_g.o)
    0x0800017e   0x0800017e   0x00000006   Code   RO         2536    .ARM.Collect$$_printf_percent$$00000006  c_w.l(_printf_a.o)
    0x08000184   0x08000184   0x0000000a   Code   RO         2541    .ARM.Collect$$_printf_percent$$00000007  c_w.l(_printf_ll.o)
    0x0800018e   0x0800018e   0x00000006   Code   RO         2530    .ARM.Collect$$_printf_percent$$00000008  c_w.l(_printf_i.o)
    0x08000194   0x08000194   0x00000006   Code   RO         2531    .ARM.Collect$$_printf_percent$$00000009  c_w.l(_printf_d.o)
    0x0800019a   0x0800019a   0x00000006   Code   RO         2532    .ARM.Collect$$_printf_percent$$0000000A  c_w.l(_printf_u.o)
    0x080001a0   0x080001a0   0x00000006   Code   RO         2529    .ARM.Collect$$_printf_percent$$0000000B  c_w.l(_printf_o.o)
    0x080001a6   0x080001a6   0x00000006   Code   RO         2527    .ARM.Collect$$_printf_percent$$0000000C  c_w.l(_printf_x.o)
    0x080001ac   0x080001ac   0x00000006   Code   RO         2538    .ARM.Collect$$_printf_percent$$0000000D  c_w.l(_printf_lli.o)
    0x080001b2   0x080001b2   0x00000006   Code   RO         2539    .ARM.Collect$$_printf_percent$$0000000E  c_w.l(_printf_lld.o)
    0x080001b8   0x080001b8   0x00000006   Code   RO         2540    .ARM.Collect$$_printf_percent$$0000000F  c_w.l(_printf_llu.o)
    0x080001be   0x080001be   0x00000006   Code   RO         2545    .ARM.Collect$$_printf_percent$$00000010  c_w.l(_printf_llo.o)
    0x080001c4   0x080001c4   0x00000006   Code   RO         2546    .ARM.Collect$$_printf_percent$$00000011  c_w.l(_printf_llx.o)
    0x080001ca   0x080001ca   0x0000000a   Code   RO         2542    .ARM.Collect$$_printf_percent$$00000012  c_w.l(_printf_l.o)
    0x080001d4   0x080001d4   0x00000006   Code   RO         2524    .ARM.Collect$$_printf_percent$$00000013  c_w.l(_printf_c.o)
    0x080001da   0x080001da   0x00000006   Code   RO         2525    .ARM.Collect$$_printf_percent$$00000014  c_w.l(_printf_s.o)
    0x080001e0   0x080001e0   0x00000006   Code   RO         2543    .ARM.Collect$$_printf_percent$$00000015  c_w.l(_printf_lc.o)
    0x080001e6   0x080001e6   0x00000006   Code   RO         2544    .ARM.Collect$$_printf_percent$$00000016  c_w.l(_printf_ls.o)
    0x080001ec   0x080001ec   0x00000004   Code   RO         2630    .ARM.Collect$$_printf_percent$$00000017  c_w.l(_printf_percent_end.o)
    0x080001f0   0x080001f0   0x00000002   Code   RO         2688    .ARM.Collect$$libinit$$00000000  c_w.l(libinit.o)
    0x080001f2   0x080001f2   0x00000000   Code   RO         2699    .ARM.Collect$$libinit$$00000002  c_w.l(libinit2.o)
    0x080001f2   0x080001f2   0x00000000   Code   RO         2701    .ARM.Collect$$libinit$$00000004  c_w.l(libinit2.o)
    0x080001f2   0x080001f2   0x00000000   Code   RO         2704    .ARM.Collect$$libinit$$0000000A  c_w.l(libinit2.o)
    0x080001f2   0x080001f2   0x00000000   Code   RO         2706    .ARM.Collect$$libinit$$0000000C  c_w.l(libinit2.o)
    0x080001f2   0x080001f2   0x00000000   Code   RO         2708    .ARM.Collect$$libinit$$0000000E  c_w.l(libinit2.o)
    0x080001f2   0x080001f2   0x00000006   Code   RO         2709    .ARM.Collect$$libinit$$0000000F  c_w.l(libinit2.o)
    0x080001f8   0x080001f8   0x00000000   Code   RO         2711    .ARM.Collect$$libinit$$00000011  c_w.l(libinit2.o)
    0x080001f8   0x080001f8   0x0000000c   Code   RO         2712    .ARM.Collect$$libinit$$00000012  c_w.l(libinit2.o)
    0x08000204   0x08000204   0x00000000   Code   RO         2713    .ARM.Collect$$libinit$$00000013  c_w.l(libinit2.o)
    0x08000204   0x08000204   0x00000000   Code   RO         2715    .ARM.Collect$$libinit$$00000015  c_w.l(libinit2.o)
    0x08000204   0x08000204   0x0000000a   Code   RO         2716    .ARM.Collect$$libinit$$00000016  c_w.l(libinit2.o)
    0x0800020e   0x0800020e   0x00000000   Code   RO         2717    .ARM.Collect$$libinit$$00000017  c_w.l(libinit2.o)
    0x0800020e   0x0800020e   0x00000000   Code   RO         2719    .ARM.Collect$$libinit$$00000019  c_w.l(libinit2.o)
    0x0800020e   0x0800020e   0x00000000   Code   RO         2721    .ARM.Collect$$libinit$$0000001B  c_w.l(libinit2.o)
    0x0800020e   0x0800020e   0x00000000   Code   RO         2723    .ARM.Collect$$libinit$$0000001D  c_w.l(libinit2.o)
    0x0800020e   0x0800020e   0x00000000   Code   RO         2725    .ARM.Collect$$libinit$$0000001F  c_w.l(libinit2.o)
    0x0800020e   0x0800020e   0x00000000   Code   RO         2727    .ARM.Collect$$libinit$$00000021  c_w.l(libinit2.o)
    0x0800020e   0x0800020e   0x00000000   Code   RO         2729    .ARM.Collect$$libinit$$00000023  c_w.l(libinit2.o)
    0x0800020e   0x0800020e   0x00000000   Code   RO         2731    .ARM.Collect$$libinit$$00000025  c_w.l(libinit2.o)
    0x0800020e   0x0800020e   0x00000000   Code   RO         2735    .ARM.Collect$$libinit$$0000002C  c_w.l(libinit2.o)
    0x0800020e   0x0800020e   0x00000000   Code   RO         2737    .ARM.Collect$$libinit$$0000002E  c_w.l(libinit2.o)
    0x0800020e   0x0800020e   0x00000000   Code   RO         2739    .ARM.Collect$$libinit$$00000030  c_w.l(libinit2.o)
    0x0800020e   0x0800020e   0x00000000   Code   RO         2741    .ARM.Collect$$libinit$$00000032  c_w.l(libinit2.o)
    0x0800020e   0x0800020e   0x00000002   Code   RO         2742    .ARM.Collect$$libinit$$00000033  c_w.l(libinit2.o)
    0x08000210   0x08000210   0x00000002   Code   RO         2766    .ARM.Collect$$libshutdown$$00000000  c_w.l(libshutdown.o)
    0x08000212   0x08000212   0x00000000   Code   RO         2779    .ARM.Collect$$libshutdown$$00000002  c_w.l(libshutdown2.o)
    0x08000212   0x08000212   0x00000000   Code   RO         2781    .ARM.Collect$$libshutdown$$00000004  c_w.l(libshutdown2.o)
    0x08000212   0x08000212   0x00000000   Code   RO         2784    .ARM.Collect$$libshutdown$$00000007  c_w.l(libshutdown2.o)
    0x08000212   0x08000212   0x00000000   Code   RO         2787    .ARM.Collect$$libshutdown$$0000000A  c_w.l(libshutdown2.o)
    0x08000212   0x08000212   0x00000000   Code   RO         2789    .ARM.Collect$$libshutdown$$0000000C  c_w.l(libshutdown2.o)
    0x08000212   0x08000212   0x00000000   Code   RO         2792    .ARM.Collect$$libshutdown$$0000000F  c_w.l(libshutdown2.o)
    0x08000212   0x08000212   0x00000002   Code   RO         2793    .ARM.Collect$$libshutdown$$00000010  c_w.l(libshutdown2.o)
    0x08000214   0x08000214   0x00000000   Code   RO         2453    .ARM.Collect$$rtentry$$00000000  c_w.l(__rtentry.o)
    0x08000214   0x08000214   0x00000000   Code   RO         2596    .ARM.Collect$$rtentry$$00000002  c_w.l(__rtentry2.o)
    0x08000214   0x08000214   0x00000006   Code   RO         2608    .ARM.Collect$$rtentry$$00000004  c_w.l(__rtentry4.o)
    0x0800021a   0x0800021a   0x00000000   Code   RO         2598    .ARM.Collect$$rtentry$$00000009  c_w.l(__rtentry2.o)
    0x0800021a   0x0800021a   0x00000004   Code   RO         2599    .ARM.Collect$$rtentry$$0000000A  c_w.l(__rtentry2.o)
    0x0800021e   0x0800021e   0x00000000   Code   RO         2601    .ARM.Collect$$rtentry$$0000000C  c_w.l(__rtentry2.o)
    0x0800021e   0x0800021e   0x00000008   Code   RO         2602    .ARM.Collect$$rtentry$$0000000D  c_w.l(__rtentry2.o)
    0x08000226   0x08000226   0x00000002   Code   RO         2693    .ARM.Collect$$rtexit$$00000000  c_w.l(rtexit.o)
    0x08000228   0x08000228   0x00000000   Code   RO         2746    .ARM.Collect$$rtexit$$00000002  c_w.l(rtexit2.o)
    0x08000228   0x08000228   0x00000004   Code   RO         2747    .ARM.Collect$$rtexit$$00000003  c_w.l(rtexit2.o)
    0x0800022c   0x0800022c   0x00000006   Code   RO         2748    .ARM.Collect$$rtexit$$00000004  c_w.l(rtexit2.o)
    0x08000232   0x08000232   0x00000002   PAD
    0x08000234   0x08000234   0x00000040   Code   RO         1101    .text               startup_stm32f10x_md.o
    0x08000274   0x08000274   0x00000024   Code   RO         2389    .text               c_w.l(vsprintf.o)
    0x08000298   0x08000298   0x00000080   Code   RO         2391    .text               c_w.l(strcmpv7m.o)
    0x08000318   0x08000318   0x00000006   Code   RO         2393    .text               c_w.l(heapauxi.o)
    0x0800031e   0x0800031e   0x0000004e   Code   RO         2458    .text               c_w.l(_printf_pad.o)
    0x0800036c   0x0800036c   0x00000024   Code   RO         2460    .text               c_w.l(_printf_truncate.o)
    0x08000390   0x08000390   0x00000052   Code   RO         2462    .text               c_w.l(_printf_str.o)
    0x080003e2   0x080003e2   0x00000002   PAD
    0x080003e4   0x080003e4   0x00000078   Code   RO         2464    .text               c_w.l(_printf_dec.o)
    0x0800045c   0x0800045c   0x00000028   Code   RO         2466    .text               c_w.l(_printf_charcount.o)
    0x08000484   0x08000484   0x00000030   Code   RO         2468    .text               c_w.l(_printf_char_common.o)
    0x080004b4   0x080004b4   0x0000000a   Code   RO         2470    .text               c_w.l(_sputc.o)
    0x080004be   0x080004be   0x00000002   PAD
    0x080004c0   0x080004c0   0x000000bc   Code   RO         2472    .text               c_w.l(_printf_wctomb.o)
    0x0800057c   0x0800057c   0x0000007c   Code   RO         2475    .text               c_w.l(_printf_longlong_dec.o)
    0x080005f8   0x080005f8   0x00000070   Code   RO         2481    .text               c_w.l(_printf_oct_int_ll.o)
    0x08000668   0x08000668   0x00000094   Code   RO         2501    .text               c_w.l(_printf_hex_int_ll_ptr.o)
    0x080006fc   0x080006fc   0x00000188   Code   RO         2521    .text               c_w.l(__printf_flags_ss_wp.o)
    0x08000884   0x08000884   0x0000008a   Code   RO         2615    .text               c_w.l(lludiv10.o)
    0x0800090e   0x0800090e   0x000000b2   Code   RO         2617    .text               c_w.l(_printf_intcommon.o)
    0x080009c0   0x080009c0   0x0000041e   Code   RO         2619    .text               c_w.l(_printf_fp_dec.o)
    0x08000dde   0x08000dde   0x00000002   PAD
    0x08000de0   0x08000de0   0x000002fc   Code   RO         2621    .text               c_w.l(_printf_fp_hex.o)
    0x080010dc   0x080010dc   0x0000002c   Code   RO         2626    .text               c_w.l(_printf_char.o)
    0x08001108   0x08001108   0x0000002c   Code   RO         2628    .text               c_w.l(_printf_wchar.o)
    0x08001134   0x08001134   0x00000040   Code   RO         2631    .text               c_w.l(_wcrtomb.o)
    0x08001174   0x08001174   0x00000008   Code   RO         2639    .text               c_w.l(libspace.o)
    0x0800117c   0x0800117c   0x0000004a   Code   RO         2642    .text               c_w.l(sys_stackheap_outer.o)
    0x080011c6   0x080011c6   0x00000002   PAD
    0x080011c8   0x080011c8   0x00000010   Code   RO         2644    .text               c_w.l(rt_ctype_table.o)
    0x080011d8   0x080011d8   0x00000008   Code   RO         2649    .text               c_w.l(rt_locale_intlibspace.o)
    0x080011e0   0x080011e0   0x00000080   Code   RO         2651    .text               c_w.l(_printf_fp_infnan.o)
    0x08001260   0x08001260   0x000000e4   Code   RO         2653    .text               c_w.l(bigflt0.o)
    0x08001344   0x08001344   0x00000012   Code   RO         2681    .text               c_w.l(exit.o)
    0x08001356   0x08001356   0x00000002   PAD
    0x08001358   0x08001358   0x0000000c   Code   RO         2758    .text               c_w.l(sys_exit.o)
    0x08001364   0x08001364   0x00000002   Code   RO         2769    .text               c_w.l(use_no_semi.o)
    0x08001366   0x08001366   0x00000000   Code   RO         2771    .text               c_w.l(indicate_semi.o)
    0x08001366   0x08001366   0x0000003e   Code   RO         2656    CL$$btod_d2e        c_w.l(btod.o)
    0x080013a4   0x080013a4   0x00000046   Code   RO         2658    CL$$btod_d2e_denorm_low  c_w.l(btod.o)
    0x080013ea   0x080013ea   0x00000060   Code   RO         2657    CL$$btod_d2e_norm_op1  c_w.l(btod.o)
    0x0800144a   0x0800144a   0x00000338   Code   RO         2666    CL$$btod_div_common  c_w.l(btod.o)
    0x08001782   0x08001782   0x000000dc   Code   RO         2663    CL$$btod_e2e        c_w.l(btod.o)
    0x0800185e   0x0800185e   0x0000002a   Code   RO         2660    CL$$btod_ediv       c_w.l(btod.o)
    0x08001888   0x08001888   0x0000002a   Code   RO         2659    CL$$btod_emul       c_w.l(btod.o)
    0x080018b2   0x080018b2   0x00000244   Code   RO         2665    CL$$btod_mult_common  c_w.l(btod.o)
    0x08001af6   0x08001af6   0x0000000e   Code   RO          135    i.Abs32             main.o
    0x08001b04   0x08001b04   0x0000000e   Code   RO          951    i.Abs32             step_counter.o
    0x08001b12   0x08001b12   0x00000004   Code   RO            1    i.BusFault_Handler  stm32f10x_it.o
    0x08001b16   0x08001b16   0x00000002   PAD
    0x08001b18   0x08001b18   0x00000034   Code   RO          464    i.Buzzer_init       buzzer.o
    0x08001b4c   0x08001b4c   0x00000014   Code   RO          465    i.Buzzer_off        buzzer.o
    0x08001b60   0x08001b60   0x00000014   Code   RO          466    i.Buzzer_on         buzzer.o
    0x08001b74   0x08001b74   0x00000016   Code   RO          952    i.Clamp32           step_counter.o
    0x08001b8a   0x08001b8a   0x00000016   Code   RO          541    i.DHT11_Init        dht11.o
    0x08001ba0   0x08001ba0   0x00000010   Code   RO          542    i.DHT11_ReadBit     dht11.o
    0x08001bb0   0x08001bb0   0x000000e6   Code   RO          543    i.DHT11_ReadData    dht11.o
    0x08001c96   0x08001c96   0x00000002   PAD
    0x08001c98   0x08001c98   0x0000001c   Code   RO          544    i.DHT11_SetInput    dht11.o
    0x08001cb4   0x08001cb4   0x00000024   Code   RO          545    i.DHT11_SetOutput   dht11.o
    0x08001cd8   0x08001cd8   0x00000028   Code   RO          546    i.DHT11_WaitLevel   dht11.o
    0x08001d00   0x08001d00   0x00000014   Code   RO          547    i.DHT11_WriteBit    dht11.o
    0x08001d14   0x08001d14   0x00000014   Code   RO          584    i.DS1302_BcdToDec   ds1302.o
    0x08001d28   0x08001d28   0x0000001a   Code   RO          585    i.DS1302_DecToBcd   ds1302.o
    0x08001d42   0x08001d42   0x0000000a   Code   RO          586    i.DS1302_Delay      ds1302.o
    0x08001d4c   0x08001d4c   0x0000005a   Code   RO          587    i.DS1302_GetDateTime  ds1302.o
    0x08001da6   0x08001da6   0x00000002   PAD
    0x08001da8   0x08001da8   0x00000020   Code   RO          588    i.DS1302_IO_Input   ds1302.o
    0x08001dc8   0x08001dc8   0x00000024   Code   RO          589    i.DS1302_IO_Output  ds1302.o
    0x08001dec   0x08001dec   0x0000005c   Code   RO          590    i.DS1302_Init       ds1302.o
    0x08001e48   0x08001e48   0x0000000c   Code   RO          591    i.DS1302_IsClockHalted  ds1302.o
    0x08001e54   0x08001e54   0x00000034   Code   RO          592    i.DS1302_Lock       ds1302.o
    0x08001e88   0x08001e88   0x00000058   Code   RO          593    i.DS1302_ReadBurst  ds1302.o
    0x08001ee0   0x08001ee0   0x0000004c   Code   RO          594    i.DS1302_ReadByteRaw  ds1302.o
    0x08001f2c   0x08001f2c   0x0000001a   Code   RO          595    i.DS1302_ReadRam    ds1302.o
    0x08001f46   0x08001f46   0x00000002   PAD
    0x08001f48   0x08001f48   0x00000040   Code   RO          596    i.DS1302_ReadReg    ds1302.o
    0x08001f88   0x08001f88   0x00000090   Code   RO          597    i.DS1302_SetDateTime  ds1302.o
    0x08002018   0x08002018   0x00000026   Code   RO          598    i.DS1302_StartClock  ds1302.o
    0x0800203e   0x0800203e   0x00000002   PAD
    0x08002040   0x08002040   0x00000024   Code   RO          599    i.DS1302_Unlock     ds1302.o
    0x08002064   0x08002064   0x00000048   Code   RO          600    i.DS1302_WriteByteRaw  ds1302.o
    0x080020ac   0x080020ac   0x0000001e   Code   RO          601    i.DS1302_WriteRam   ds1302.o
    0x080020ca   0x080020ca   0x00000002   PAD
    0x080020cc   0x080020cc   0x00000040   Code   RO          602    i.DS1302_WriteReg   ds1302.o
    0x0800210c   0x0800210c   0x00000002   Code   RO            2    i.DebugMon_Handler  stm32f10x_it.o
    0x0800210e   0x0800210e   0x00000002   PAD
    0x08002110   0x08002110   0x000001ec   Code   RO          136    i.DisplayData       main.o
    0x080022fc   0x080022fc   0x00000116   Code   RO         1111    i.GPIO_Init         stm32f10x_gpio.o
    0x08002412   0x08002412   0x00000012   Code   RO         1115    i.GPIO_ReadInputDataBit  stm32f10x_gpio.o
    0x08002424   0x08002424   0x00000004   Code   RO         1118    i.GPIO_ResetBits    stm32f10x_gpio.o
    0x08002428   0x08002428   0x00000004   Code   RO         1119    i.GPIO_SetBits      stm32f10x_gpio.o
    0x0800242c   0x0800242c   0x0000000a   Code   RO         1122    i.GPIO_WriteBit     stm32f10x_gpio.o
    0x08002436   0x08002436   0x00000002   PAD
    0x08002438   0x08002438   0x000000a8   Code   RO          137    i.GetPostureText    main.o
    0x080024e0   0x080024e0   0x00000004   Code   RO            3    i.HardFault_Handler  stm32f10x_it.o
    0x080024e4   0x080024e4   0x00000018   Code   RO         1636    i.I2C_AcknowledgeConfig  stm32f10x_i2c.o
    0x080024fc   0x080024fc   0x0000002a   Code   RO         1638    i.I2C_CheckEvent    stm32f10x_i2c.o
    0x08002526   0x08002526   0x00000018   Code   RO         1641    i.I2C_Cmd           stm32f10x_i2c.o
    0x0800253e   0x0800253e   0x00000018   Code   RO         1648    i.I2C_GenerateSTART  stm32f10x_i2c.o
    0x08002556   0x08002556   0x00000018   Code   RO         1649    i.I2C_GenerateSTOP  stm32f10x_i2c.o
    0x0800256e   0x0800256e   0x00000002   PAD
    0x08002570   0x08002570   0x000000ec   Code   RO         1655    i.I2C_Init          stm32f10x_i2c.o
    0x0800265c   0x0800265c   0x000000b8   Code   RO          953    i.I2C_ReadBytes     step_counter.o
    0x08002714   0x08002714   0x00000008   Code   RO         1660    i.I2C_ReceiveData   stm32f10x_i2c.o
    0x0800271c   0x0800271c   0x00000012   Code   RO         1662    i.I2C_Send7bitAddress  stm32f10x_i2c.o
    0x0800272e   0x0800272e   0x00000004   Code   RO         1663    i.I2C_SendData      stm32f10x_i2c.o
    0x08002732   0x08002732   0x00000024   Code   RO          955    i.I2C_WaitEvent     step_counter.o
    0x08002756   0x08002756   0x00000002   PAD
    0x08002758   0x08002758   0x00000064   Code   RO          956    i.I2C_WriteReg      step_counter.o
    0x080027bc   0x080027bc   0x00000050   Code   RO          277    i.IIC_Ack           myiic.o
    0x0800280c   0x0800280c   0x00000040   Code   RO          278    i.IIC_Init          myiic.o
    0x0800284c   0x0800284c   0x00000050   Code   RO          279    i.IIC_NAck          myiic.o
    0x0800289c   0x0800289c   0x00000070   Code   RO          281    i.IIC_Read_Byte     myiic.o
    0x0800290c   0x0800290c   0x00000068   Code   RO          283    i.IIC_Send_Byte     myiic.o
    0x08002974   0x08002974   0x0000004c   Code   RO          284    i.IIC_Start         myiic.o
    0x080029c0   0x080029c0   0x0000004c   Code   RO          285    i.IIC_Stop          myiic.o
    0x08002a0c   0x08002a0c   0x00000064   Code   RO          286    i.IIC_Wait_Ack      myiic.o
    0x08002a70   0x08002a70   0x00000098   Code   RO          138    i.InitMax30102Samples  main.o
    0x08002b08   0x08002b08   0x00000070   Code   RO          139    i.IsFallDetected    main.o
    0x08002b78   0x08002b78   0x00000054   Code   RO          140    i.IsRtcTimeValid    main.o
    0x08002bcc   0x08002bcc   0x0000004c   Code   RO          141    i.IsUnsafeMotion    main.o
    0x08002c18   0x08002c18   0x00000024   Code   RO          142    i.Key_Init          main.o
    0x08002c3c   0x08002c3c   0x00000040   Code   RO          143    i.Key_Scan          main.o
    0x08002c7c   0x08002c7c   0x00000082   Code   RO          957    i.MPU6050_ReadAll   step_counter.o
    0x08002cfe   0x08002cfe   0x00000016   Code   RO          144    i.Max30102_Check    main.o
    0x08002d14   0x08002d14   0x00000004   Code   RO            4    i.MemManage_Handler  stm32f10x_it.o
    0x08002d18   0x08002d18   0x00000002   Code   RO            5    i.NMI_Handler       stm32f10x_it.o
    0x08002d1a   0x08002d1a   0x0000000c   Code   RO         1059    i.NVIC_Configuration  sys.o
    0x08002d26   0x08002d26   0x00000002   PAD
    0x08002d28   0x08002d28   0x00000070   Code   RO         1599    i.NVIC_Init         misc.o
    0x08002d98   0x08002d98   0x00000014   Code   RO         1600    i.NVIC_PriorityGroupConfig  misc.o
    0x08002dac   0x08002dac   0x00000028   Code   RO          706    i.OLED_Clear        oled.o
    0x08002dd4   0x08002dd4   0x000000a8   Code   RO          707    i.OLED_ClearArea    oled.o
    0x08002e7c   0x08002e7c   0x0000005c   Code   RO          715    i.OLED_GPIO_Init    oled.o
    0x08002ed8   0x08002ed8   0x0000003e   Code   RO          717    i.OLED_I2C_SendByte  oled.o
    0x08002f16   0x08002f16   0x0000001c   Code   RO          718    i.OLED_I2C_Start    oled.o
    0x08002f32   0x08002f32   0x00000016   Code   RO          719    i.OLED_I2C_Stop     oled.o
    0x08002f48   0x08002f48   0x0000009a   Code   RO          720    i.OLED_Init         oled.o
    0x08002fe2   0x08002fe2   0x00000032   Code   RO          723    i.OLED_Printf       oled.o
    0x08003014   0x08003014   0x00000022   Code   RO          726    i.OLED_SetCursor    oled.o
    0x08003036   0x08003036   0x00000002   PAD
    0x08003038   0x08003038   0x00000054   Code   RO          728    i.OLED_ShowChar     oled.o
    0x0800308c   0x0800308c   0x0000012c   Code   RO          732    i.OLED_ShowImage    oled.o
    0x080031b8   0x080031b8   0x0000002e   Code   RO          735    i.OLED_ShowString   oled.o
    0x080031e6   0x080031e6   0x00000002   PAD
    0x080031e8   0x080031e8   0x00000028   Code   RO          736    i.OLED_Update       oled.o
    0x08003210   0x08003210   0x00000014   Code   RO          738    i.OLED_W_SCL        oled.o
    0x08003224   0x08003224   0x00000014   Code   RO          739    i.OLED_W_SDA        oled.o
    0x08003238   0x08003238   0x00000020   Code   RO          740    i.OLED_WriteCommand  oled.o
    0x08003258   0x08003258   0x0000002e   Code   RO          741    i.OLED_WriteData    oled.o
    0x08003286   0x08003286   0x00000002   PAD
    0x08003288   0x08003288   0x00000020   Code   RO          145    i.PageKey_Task      main.o
    0x080032a8   0x080032a8   0x00000002   Code   RO            6    i.PendSV_Handler    stm32f10x_it.o
    0x080032aa   0x080032aa   0x00000002   PAD
    0x080032ac   0x080032ac   0x00000020   Code   RO         1221    i.RCC_APB1PeriphClockCmd  stm32f10x_rcc.o
    0x080032cc   0x080032cc   0x00000020   Code   RO         1223    i.RCC_APB2PeriphClockCmd  stm32f10x_rcc.o
    0x080032ec   0x080032ec   0x000000d4   Code   RO         1231    i.RCC_GetClocksFreq  stm32f10x_rcc.o
    0x080033c0   0x080033c0   0x00000026   Code   RO          146    i.ReadBodyTempX10   main.o
    0x080033e6   0x080033e6   0x00000002   PAD
    0x080033e8   0x080033e8   0x000000b4   Code   RO          147    i.ReadMax30102Sample  main.o
    0x0800349c   0x0800349c   0x00000002   Code   RO            7    i.SVC_Handler       stm32f10x_it.o
    0x0800349e   0x0800349e   0x00000008   Code   RO          101    i.SetSysClock       system_stm32f10x.o
    0x080034a6   0x080034a6   0x00000002   PAD
    0x080034a8   0x080034a8   0x000000e0   Code   RO          102    i.SetSysClockTo72   system_stm32f10x.o
    0x08003588   0x08003588   0x00000024   Code   RO          958    i.StepCounter_GetCount  step_counter.o
    0x080035ac   0x080035ac   0x00000074   Code   RO          959    i.StepCounter_GetSensorData  step_counter.o
    0x08003620   0x08003620   0x00000180   Code   RO          960    i.StepCounter_Init  step_counter.o
    0x080037a0   0x080037a0   0x00000184   Code   RO          962    i.StepCounter_Update  step_counter.o
    0x08003924   0x08003924   0x00000028   Code   RO         1603    i.SysTick_CLKSourceConfig  misc.o
    0x0800394c   0x0800394c   0x00000002   Code   RO            8    i.SysTick_Handler   stm32f10x_it.o
    0x0800394e   0x0800394e   0x00000002   PAD
    0x08003950   0x08003950   0x00000060   Code   RO          104    i.SystemInit        system_stm32f10x.o
    0x080039b0   0x080039b0   0x00000098   Code   RO          963    i.TIM2_IRQHandler   step_counter.o
    0x08003a48   0x08003a48   0x00000006   Code   RO         1850    i.TIM_ClearITPendingBit  stm32f10x_tim.o
    0x08003a4e   0x08003a4e   0x00000018   Code   RO         1855    i.TIM_Cmd           stm32f10x_tim.o
    0x08003a66   0x08003a66   0x00000022   Code   RO         1876    i.TIM_GetITStatus   stm32f10x_tim.o
    0x08003a88   0x08003a88   0x00000012   Code   RO         1880    i.TIM_ITConfig      stm32f10x_tim.o
    0x08003a9a   0x08003a9a   0x00000002   PAD
    0x08003a9c   0x08003a9c   0x000000a4   Code   RO         1926    i.TIM_TimeBaseInit  stm32f10x_tim.o
    0x08003b40   0x08003b40   0x000000c0   Code   RO          148    i.UpdateBodyTempFilter  main.o
    0x08003c00   0x08003c00   0x00000154   Code   RO          149    i.UpdateMax30102Samples  main.o
    0x08003d54   0x08003d54   0x00000004   Code   RO            9    i.UsageFault_Handler  stm32f10x_it.o
    0x08003d58   0x08003d58   0x00000028   Code   RO         2635    i.__ARM_fpclassify  m_ws.l(fpclassify.o)
    0x08003d80   0x08003d80   0x0000000e   Code   RO         2514    i._is_digit         c_w.l(__printf_wp.o)
    0x08003d8e   0x08003d8e   0x00000002   PAD
    0x08003d90   0x08003d90   0x00000044   Code   RO         1033    i.delay_init        delay.o
    0x08003dd4   0x08003dd4   0x0000004c   Code   RO         1034    i.delay_ms          delay.o
    0x08003e20   0x08003e20   0x0000004c   Code   RO         1035    i.delay_us          delay.o
    0x08003e6c   0x08003e6c   0x00000024   Code   RO          488    i.ds18b20_init      ds18b20.o
    0x08003e90   0x08003e90   0x00000020   Code   RO          489    i.ds18b20_mode_input  ds18b20.o
    0x08003eb0   0x08003eb0   0x00000024   Code   RO          490    i.ds18b20_mode_output  ds18b20.o
    0x08003ed4   0x08003ed4   0x00000044   Code   RO          491    i.ds18b20_read_bit  ds18b20.o
    0x08003f18   0x08003f18   0x00000022   Code   RO          492    i.ds18b20_read_byte  ds18b20.o
    0x08003f3a   0x08003f3a   0x00000002   PAD
    0x08003f3c   0x08003f3c   0x0000007c   Code   RO          493    i.ds18b20_reset     ds18b20.o
    0x08003fb8   0x08003fb8   0x00000048   Code   RO          494    i.ds18b20_write_bit  ds18b20.o
    0x08004000   0x08004000   0x0000001c   Code   RO          495    i.ds18b20_write_byte  ds18b20.o
    0x0800401c   0x0800401c   0x00000060   Code   RO          496    i.get_tempetature   ds18b20.o
    0x0800407c   0x0800407c   0x00000330   Code   RO          150    i.main              main.o
    0x080043ac   0x080043ac   0x00000052   Code   RO          358    i.max30102_Bus_Read  max30102.o
    0x080043fe   0x080043fe   0x00000044   Code   RO          359    i.max30102_Bus_Write  max30102.o
    0x08004442   0x08004442   0x00000080   Code   RO          360    i.max30102_FIFO_ReadBytes  max30102.o
    0x080044c2   0x080044c2   0x00000002   PAD
    0x080044c4   0x080044c4   0x00000098   Code   RO          362    i.max30102_init     max30102.o
    0x0800455c   0x0800455c   0x00000014   Code   RO          363    i.max30102_reset    max30102.o
    0x08004570   0x08004570   0x00000042   Code   RO          418    i.maxim_find_peaks  algorithm.o
    0x080045b2   0x080045b2   0x00000002   PAD
    0x080045b4   0x080045b4   0x00000500   Code   RO          419    i.maxim_heart_rate_and_oxygen_saturation  algorithm.o
    0x08004ab4   0x08004ab4   0x0000007a   Code   RO          420    i.maxim_peaks_above_min_height  algorithm.o
    0x08004b2e   0x08004b2e   0x00000072   Code   RO          421    i.maxim_remove_close_peaks  algorithm.o
    0x08004ba0   0x08004ba0   0x00000036   Code   RO          422    i.maxim_sort_ascend  algorithm.o
    0x08004bd6   0x08004bd6   0x00000040   Code   RO          423    i.maxim_sort_indices_descend  algorithm.o
    0x08004c16   0x08004c16   0x00000002   PAD
    0x08004c18   0x08004c18   0x0000002c   Code   RO         2679    locale$$code        c_w.l(lc_numeric_c.o)
    0x08004c44   0x08004c44   0x0000002c   Code   RO         2696    locale$$code        c_w.l(lc_ctype_c.o)
    0x08004c70   0x08004c70   0x00000004   Code   RO         2561    x$fpl$printf1       fz_ws.l(printf1.o)
    0x08004c74   0x08004c74   0x00000004   Code   RO         2563    x$fpl$printf2       fz_ws.l(printf2.o)
    0x08004c78   0x08004c78   0x00000000   Code   RO         2569    x$fpl$usenofp       fz_ws.l(usenofp.o)
    0x08004c78   0x08004c78   0x00000007   Data   RO          152    .constdata          main.o
    0x08004c7f   0x08004c7f   0x00000001   PAD
    0x08004c80   0x08004c80   0x000000f6   Data   RO          425    .constdata          algorithm.o
    0x08004d76   0x08004d76   0x00000b62   Data   RO          694    .constdata          oeld_data.o
    0x080058d8   0x080058d8   0x00000008   Data   RO         2473    .constdata          c_w.l(_printf_wctomb.o)
    0x080058e0   0x080058e0   0x00000028   Data   RO         2502    .constdata          c_w.l(_printf_hex_int_ll_ptr.o)
    0x08005908   0x08005908   0x00000011   Data   RO         2522    .constdata          c_w.l(__printf_flags_ss_wp.o)
    0x08005919   0x08005919   0x00000026   Data   RO         2622    .constdata          c_w.l(_printf_fp_hex.o)
    0x0800593f   0x0800593f   0x00000001   PAD
    0x08005940   0x08005940   0x00000094   Data   RO         2654    .constdata          c_w.l(bigflt0.o)
    0x080059d4   0x080059d4   0x00000020   Data   RO         2824    Region$$Table       anon$$obj.o
    0x080059f4   0x080059f4   0x0000001c   Data   RO         2678    locale$$data        c_w.l(lc_numeric_c.o)
    0x08005a10   0x08005a10   0x00000110   Data   RO         2695    locale$$data        c_w.l(lc_ctype_c.o)


    Execution Region RW_IRAM1 (Exec base: 0x20000000, Load base: 0x08005b20, Size: 0x000031f0, Max: 0x00005000, ABSOLUTE)

    Exec Addr    Load Addr    Size         Type   Attr      Idx    E Section Name        Object

    0x20000000   0x08005b20   0x00000014   Data   RW          105    .data               system_stm32f10x.o
    0x20000014   0x08005b34   0x00000034   Data   RW          153    .data               main.o
    0x20000048   0x08005b68   0x00000001   Data   RW          603    .data               ds1302.o
    0x20000049   0x08005b69   0x00000003   PAD
    0x2000004c   0x08005b6c   0x00000028   Data   RW          964    .data               step_counter.o
    0x20000074   0x08005b94   0x00000004   Data   RW         1036    .data               delay.o
    0x20000078   0x08005b98   0x00000014   Data   RW         1251    .data               stm32f10x_rcc.o
    0x2000008c        -       0x00000fa0   Zero   RW          151    .bss                main.o
    0x2000102c        -       0x00001760   Zero   RW          424    .bss                algorithm.o
    0x2000278c        -       0x00000400   Zero   RW          743    .bss                oled.o
    0x20002b8c        -       0x00000060   Zero   RW         2640    .bss                c_w.l(libspace.o)
    0x20002bec   0x08005bac   0x00000004   PAD
    0x20002bf0        -       0x00000200   Zero   RW         1099    HEAP                startup_stm32f10x_md.o
    0x20002df0        -       0x00000400   Zero   RW         1098    STACK               startup_stm32f10x_md.o


==============================================================================

Image component sizes


      Code (inc. data)   RO Data    RW Data    ZI Data      Debug   Object Name

      1700         30        246          0       5984       7013   algorithm.o
        92         16          0          0          0       1263   buzzer.o
         0          0          0          0          0         32   core_cm3.o
       220         26          0          4          0       1527   delay.o
       392         18          0          0          0       3794   dht11.o
      1008         60          0          1          0       9658   ds1302.o
       526         34          0          0          0       4333   ds18b20.o
      2818        580          7         52       4000     214227   main.o
       450          4          0          0          0       3180   max30102.o
       172         22          0          0          0       1857   misc.o
       692        108          0          0          0       3842   myiic.o
         0          0       2914          0          0       1010   oeld_data.o
      1238         40          0          0       1024      10453   oled.o
        64         26        236          0       1536        756   startup_stm32f10x_md.o
      1562        198          0         40          0       8161   step_counter.o
       314          0          0          0          0       3948   stm32f10x_gpio.o
       404         14          0          0          0       6508   stm32f10x_i2c.o
        26          0          0          0          0      53002   stm32f10x_it.o
       276         32          0         20          0       4190   stm32f10x_rcc.o
       246         42          0          0          0       3258   stm32f10x_tim.o
        12          0          0          0          0        405   sys.o
       328         28          0         20          0       1837   system_stm32f10x.o

    ----------------------------------------------------------------------
     12586       1278       3436        140      12544     344254   Object Totals
         0          0         32          0          0          0   (incl. Generated)
        46          0          1          3          0          0   (incl. Padding)

    ----------------------------------------------------------------------

      Code (inc. data)   RO Data    RW Data    ZI Data      Debug   Library Member Name

         8          0          0          0          0         68   __main.o
       392          4         17          0          0         92   __printf_flags_ss_wp.o
        14          0          0          0          0         68   __printf_wp.o
         0          0          0          0          0          0   __rtentry.o
        12          0          0          0          0          0   __rtentry2.o
         6          0          0          0          0          0   __rtentry4.o
        52          8          0          0          0          0   __scatter.o
        26          0          0          0          0          0   __scatter_copy.o
        28          0          0          0          0          0   __scatter_zi.o
         6          0          0          0          0          0   _printf_a.o
         6          0          0          0          0          0   _printf_c.o
        44          0          0          0          0        108   _printf_char.o
        48          6          0          0          0         96   _printf_char_common.o
        40          0          0          0          0         68   _printf_charcount.o
         6          0          0          0          0          0   _printf_d.o
       120         16          0          0          0         92   _printf_dec.o
         6          0          0          0          0          0   _printf_e.o
         6          0          0          0          0          0   _printf_f.o
      1054          0          0          0          0        216   _printf_fp_dec.o
       764          8         38          0          0        100   _printf_fp_hex.o
       128         16          0          0          0         84   _printf_fp_infnan.o
         6          0          0          0          0          0   _printf_g.o
       148          4         40          0          0        160   _printf_hex_int_ll_ptr.o
         6          0          0          0          0          0   _printf_i.o
       178          0          0          0          0         88   _printf_intcommon.o
        10          0          0          0          0          0   _printf_l.o
         6          0          0          0          0          0   _printf_lc.o
        10          0          0          0          0          0   _printf_ll.o
         6          0          0          0          0          0   _printf_lld.o
         6          0          0          0          0          0   _printf_lli.o
         6          0          0          0          0          0   _printf_llo.o
         6          0          0          0          0          0   _printf_llu.o
         6          0          0          0          0          0   _printf_llx.o
       124         16          0          0          0         92   _printf_longlong_dec.o
         6          0          0          0          0          0   _printf_ls.o
         6          0          0          0          0          0   _printf_n.o
         6          0          0          0          0          0   _printf_o.o
       112         10          0          0          0        124   _printf_oct_int_ll.o
         6          0          0          0          0          0   _printf_p.o
        78          0          0          0          0        108   _printf_pad.o
         0          0          0          0          0          0   _printf_percent.o
         4          0          0          0          0          0   _printf_percent_end.o
         6          0          0          0          0          0   _printf_s.o
        82          0          0          0          0         80   _printf_str.o
        36          0          0          0          0         84   _printf_truncate.o
         6          0          0          0          0          0   _printf_u.o
        44          0          0          0          0        108   _printf_wchar.o
       188          6          8          0          0         92   _printf_wctomb.o
         6          0          0          0          0          0   _printf_x.o
        10          0          0          0          0         68   _sputc.o
        64          0          0          0          0         92   _wcrtomb.o
       228          4        148          0          0         96   bigflt0.o
      1936        128          0          0          0        672   btod.o
        18          0          0          0          0         80   exit.o
         6          0          0          0          0        152   heapauxi.o
         0          0          0          0          0          0   indicate_semi.o
        44         10        272          0          0         76   lc_ctype_c.o
        44         10         28          0          0         76   lc_numeric_c.o
         2          0          0          0          0          0   libinit.o
        30          0          0          0          0          0   libinit2.o
         2          0          0          0          0          0   libshutdown.o
         2          0          0          0          0          0   libshutdown2.o
         8          4          0          0         96         68   libspace.o
       138          0          0          0          0         80   lludiv10.o
        16          4          0          0          0         76   rt_ctype_table.o
         8          4          0          0          0         68   rt_locale_intlibspace.o
         2          0          0          0          0          0   rtexit.o
        10          0          0          0          0          0   rtexit2.o
       128          0          0          0          0         68   strcmpv7m.o
        12          4          0          0          0         68   sys_exit.o
        74          0          0          0          0         80   sys_stackheap_outer.o
         2          0          0          0          0         68   use_no_semi.o
        36          4          0          0          0         76   vsprintf.o
         4          0          0          0          0         68   printf1.o
         4          0          0          0          0         68   printf2.o
         0          0          0          0          0          0   usenofp.o
        40          0          0          0          0         68   fpclassify.o

    ----------------------------------------------------------------------
      6754        266        552          0        100       4096   Library Totals
        16          0          1          0          4          0   (incl. Padding)

    ----------------------------------------------------------------------

      Code (inc. data)   RO Data    RW Data    ZI Data      Debug   Library Name

      6690        266        551          0         96       3892   c_w.l
         8          0          0          0          0        136   fz_ws.l
        40          0          0          0          0         68   m_ws.l

    ----------------------------------------------------------------------
      6754        266        552          0        100       4096   Library Totals

    ----------------------------------------------------------------------

==============================================================================


      Code (inc. data)   RO Data    RW Data    ZI Data      Debug   

     19340       1544       3988        140      12644     338934   Grand Totals
     19340       1544       3988        140      12644     338934   ELF Image Totals
     19340       1544       3988        140          0          0   ROM Totals

==============================================================================

    Total RO  Size (Code + RO Data)                23328 (  22.78kB)
    Total RW  Size (RW Data + ZI Data)             12784 (  12.48kB)
    Total ROM Size (Code + RO Data + RW Data)      23468 (  22.92kB)

==============================================================================

