<html>
<body>
<pre>
<h1>µVision Build Log</h1>
<h2>Tool Versions:</h2>
IDE-Version: ¦ÌVision V5.24.2.0
Copyright (C) 2017 ARM Ltd and ARM Germany GmbH. All rights reserved.
License Information: 1 luokaiting6644@outlook.com, 1, LIC=03C6R-K2NHK-GK0BG-VBBIT-HZEPG-ZYW7F
 
Tool Versions:
Toolchain:       MDK-ARM Plus  Version: 5.24.1
Toolchain Path:  D:\keil_51\ARM\ARMCC\Bin
C Compiler:      Armcc.exe V5.06 update 5 (build 528)
Assembler:       Armasm.exe V5.06 update 5 (build 528)
Linker/Locator:  ArmLink.exe V5.06 update 5 (build 528)
Library Manager: ArmAr.exe V5.06 update 5 (build 528)
Hex Converter:   FromElf.exe V5.06 update 5 (build 528)
CPU DLL:         SARMCM3.DLL V5.24.1
Dialog DLL:      DCM.DLL V1.16.0.0
Target DLL:      STLink\ST-LINKIII-KEIL_SWO.dll V3.0.1.0
Dialog DLL:      TCM.DLL V1.32.0.0
 
<h2>Project:</h2>
E:\MAX30102\USER\IIC.uvprojx
Project File Date:  05/31/2026

<h2>Output:</h2>
*** Using Compiler 'V5.06 update 5 (build 528)', folder: 'D:\keil_51\ARM\ARMCC\Bin'
Rebuild target 'Target 1'
compiling OELD_Data.c...
compiling stm32f10x_it.c...
compiling ds1302.c...
compiling dht11.c...
compiling OLED.c...
compiling timer.c...
compiling STEP_COUNTER.c...
..\HARDWARE\STEP_COUNTER\STEP_COUNTER.c(78): warning:  #177-D: function "I2C_ReadReg"  was declared but never referenced
  static uint8_t I2C_ReadReg(uint8_t reg)
..\HARDWARE\STEP_COUNTER\STEP_COUNTER.c: 1 warning, 0 errors
compiling Buzzer.c...
compiling stm32f10x_gpio.c...
compiling algorithm.c...
compiling stm32f10x_rcc.c...
compiling stm32f10x_usart.c...
compiling ds18b20.c...
compiling misc.c...
compiling myiic.c...
compiling stm32f10x_i2c.c...
compiling max30102.c...
compiling system_stm32f10x.c...
compiling sys.c...
assembling startup_stm32f10x_md.s...
compiling stm32f10x_tim.c...
compiling main.c...
compiling delay.c...
compiling core_cm3.c...
linking...
Program Size: Code=18296 RO-data=3988 RW-data=124 ZI-data=12644  
FromELF: creating hex file...
"..\OBJ\IIC.axf" - 0 Error(s), 1 Warning(s).

<h2>Software Packages used:</h2>

Package Vendor: ARM
                http://www.keil.com/pack/ARM.CMSIS.5.0.1.pack
                ARM.CMSIS.5.0.1
                CMSIS (Cortex Microcontroller Software Interface Standard)
   * Component: CORE Version: 5.0.1

Package Vendor: Keil
                http://www.keil.com/pack/Keil.STM32F1xx_DFP.2.2.0.pack
                Keil.STM32F1xx_DFP.2.2.0
                STMicroelectronics STM32F1 Series Device Support, Drivers and Examples

<h2>Collection of Component include folders:</h2>
  .\RTE\_Target_1
  D:\keil_51\ARM\PACK\ARM\CMSIS\5.0.1\CMSIS\Include
  D:\keil_51\ARM\PACK\Keil\STM32F1xx_DFP\2.2.0\Device\Include

<h2>Collection of Component Files used:</h2>

   * Component: ARM::CMSIS:CORE:5.0.1
Build Time Elapsed:  00:00:05
</pre>
</body>
</html>
