Component: ARM Compiler 5.06 update 5 (build 528) Tool: armlink [4d35e2]

==============================================================================

Section Cross References

    system_stm32f10x.o(i.SetSysClock) refers to system_stm32f10x.o(i.SetSysClockTo72) for SetSysClockTo72
    system_stm32f10x.o(i.SystemCoreClockUpdate) refers to system_stm32f10x.o(.data) for SystemCoreClock
    system_stm32f10x.o(i.SystemInit) refers to system_stm32f10x.o(i.SetSysClock) for SetSysClock
    main.o(i.DisplayData) refers to oled.o(i.OLED_Clear) for OLED_Clear
    main.o(i.DisplayData) refers to oled.o(i.OLED_Printf) for OLED_Printf
    main.o(i.DisplayData) refers to oled.o(i.OLED_Update) for OLED_Update
    main.o(i.DisplayData) refers to main.o(.data) for DisplayPage
    main.o(i.GetPostureText) refers to main.o(i.Abs32) for Abs32
    main.o(i.GetPostureText) refers to main.o(.data) for AZ
    main.o(i.InitMax30102Samples) refers to main.o(i.ReadMax30102Sample) for ReadMax30102Sample
    main.o(i.InitMax30102Samples) refers to algorithm.o(i.maxim_heart_rate_and_oxygen_saturation) for maxim_heart_rate_and_oxygen_saturation
    main.o(i.InitMax30102Samples) refers to main.o(.data) for ch_hr_valid
    main.o(i.InitMax30102Samples) refers to main.o(.bss) for aun_red_buffer
    main.o(i.IsFallDetected) refers to main.o(i.Abs32) for Abs32
    main.o(i.IsFallDetected) refers to main.o(.data) for AX
    main.o(i.IsUnsafeMotion) refers to main.o(i.Abs32) for Abs32
    main.o(i.IsUnsafeMotion) refers to main.o(.data) for GX
    main.o(i.Key_Init) refers to stm32f10x_rcc.o(i.RCC_APB2PeriphClockCmd) for RCC_APB2PeriphClockCmd
    main.o(i.Key_Init) refers to stm32f10x_gpio.o(i.GPIO_Init) for GPIO_Init
    main.o(i.Key_Scan) refers to stm32f10x_gpio.o(i.GPIO_ReadInputDataBit) for GPIO_ReadInputDataBit
    main.o(i.Key_Scan) refers to delay.o(i.delay_ms) for delay_ms
    main.o(i.ReadBodyTempX10) refers to ds18b20.o(i.get_tempetature) for get_tempetature
    main.o(i.ReadMax30102Sample) refers to max30102.o(i.max30102_FIFO_ReadBytes) for max30102_FIFO_ReadBytes
    main.o(i.ReadMax30102Sample) refers to main.o(.data) for TempBytes
    main.o(i.ReadMax30102Sample) refers to main.o(.bss) for aun_red_buffer
    main.o(i.UpdateMax30102Samples) refers to main.o(i.ReadMax30102Sample) for ReadMax30102Sample
    main.o(i.UpdateMax30102Samples) refers to algorithm.o(i.maxim_heart_rate_and_oxygen_saturation) for maxim_heart_rate_and_oxygen_saturation
    main.o(i.UpdateMax30102Samples) refers to main.o(.bss) for aun_red_buffer
    main.o(i.UpdateMax30102Samples) refers to main.o(.data) for ch_hr_valid
    main.o(i.main) refers to sys.o(i.NVIC_Configuration) for NVIC_Configuration
    main.o(i.main) refers to delay.o(i.delay_init) for delay_init
    main.o(i.main) refers to oled.o(i.OLED_Init) for OLED_Init
    main.o(i.main) refers to oled.o(i.OLED_ShowString) for OLED_ShowString
    main.o(i.main) refers to oled.o(i.OLED_Update) for OLED_Update
    main.o(i.main) refers to max30102.o(i.max30102_init) for max30102_init
    main.o(i.main) refers to ds18b20.o(i.ds18b20_init) for ds18b20_init
    main.o(i.main) refers to dht11.o(i.DHT11_Init) for DHT11_Init
    main.o(i.main) refers to ds1302.o(i.DS1302_Init) for DS1302_Init
    main.o(i.main) refers to delay.o(i.delay_ms) for delay_ms
    main.o(i.main) refers to buzzer.o(i.Buzzer_init) for Buzzer_init
    main.o(i.main) refers to main.o(i.Key_Init) for Key_Init
    main.o(i.main) refers to step_counter.o(i.StepCounter_Init) for StepCounter_Init
    main.o(i.main) refers to ds1302.o(i.DS1302_GetDateTime) for DS1302_GetDateTime
    main.o(i.main) refers to ds1302.o(i.DS1302_IsClockHalted) for DS1302_IsClockHalted
    main.o(i.main) refers to main.o(i.IsRtcTimeValid) for IsRtcTimeValid
    main.o(i.main) refers to ds1302.o(i.DS1302_SetDateTime) for DS1302_SetDateTime
    main.o(i.main) refers to ds1302.o(i.DS1302_StartClock) for DS1302_StartClock
    main.o(i.main) refers to step_counter.o(i.StepCounter_GetSensorData) for StepCounter_GetSensorData
    main.o(i.main) refers to main.o(i.InitMax30102Samples) for InitMax30102Samples
    main.o(i.main) refers to main.o(i.UpdateMax30102Samples) for UpdateMax30102Samples
    main.o(i.main) refers to dht11.o(i.DHT11_ReadData) for DHT11_ReadData
    main.o(i.main) refers to main.o(i.ReadBodyTempX10) for ReadBodyTempX10
    main.o(i.main) refers to main.o(i.IsFallDetected) for IsFallDetected
    main.o(i.main) refers to main.o(i.IsUnsafeMotion) for IsUnsafeMotion
    main.o(i.main) refers to main.o(i.Key_Scan) for Key_Scan
    main.o(i.main) refers to buzzer.o(i.Buzzer_on) for Buzzer_on
    main.o(i.main) refers to buzzer.o(i.Buzzer_off) for Buzzer_off
    main.o(i.main) refers to step_counter.o(i.StepCounter_GetCount) for StepCounter_GetCount
    main.o(i.main) refers to main.o(i.GetPostureText) for GetPostureText
    main.o(i.main) refers to main.o(i.DisplayData) for DisplayData
    main.o(i.main) refers to main.o(.constdata) for .constdata
[...]
    i.OLED_I2C_Stop                          0x08002e82   Section        0  oled.o(i.OLED_I2C_Stop)
    i.OLED_Init                              0x08002e98   Section        0  oled.o(i.OLED_Init)
    i.OLED_Printf                            0x08002f32   Section        0  oled.o(i.OLED_Printf)
    i.OLED_SetCursor                         0x08002f64   Section        0  oled.o(i.OLED_SetCursor)
    i.OLED_ShowChar                          0x08002f88   Section        0  oled.o(i.OLED_ShowChar)
    i.OLED_ShowImage                         0x08002fdc   Section        0  oled.o(i.OLED_ShowImage)
    i.OLED_ShowString                        0x08003108   Section        0  oled.o(i.OLED_ShowString)
    i.OLED_Update                            0x08003138   Section        0  oled.o(i.OLED_Update)
    i.OLED_W_SCL                             0x08003160   Section        0  oled.o(i.OLED_W_SCL)
    i.OLED_W_SDA                             0x08003174   Section        0  oled.o(i.OLED_W_SDA)
    i.OLED_WriteCommand                      0x08003188   Section        0  oled.o(i.OLED_WriteCommand)
    i.OLED_WriteData                         0x080031a8   Section        0  oled.o(i.OLED_WriteData)
    i.PendSV_Handler                         0x080031d6   Section        0  stm32f10x_it.o(i.PendSV_Handler)
    i.RCC_APB1PeriphClockCmd                 0x080031d8   Section        0  stm32f10x_rcc.o(i.RCC_APB1PeriphClockCmd)
    i.RCC_APB2PeriphClockCmd                 0x080031f8   Section        0  stm32f10x_rcc.o(i.RCC_APB2PeriphClockCmd)
    i.RCC_GetClocksFreq                      0x08003218   Section        0  stm32f10x_rcc.o(i.RCC_GetClocksFreq)
    i.ReadBodyTempX10                        0x080032ec   Section        0  main.o(i.ReadBodyTempX10)
    ReadBodyTempX10                          0x080032ed   Thumb Code    34  main.o(i.ReadBodyTempX10)
    i.ReadMax30102Sample                     0x08003310   Section        0  main.o(i.ReadMax30102Sample)
    ReadMax30102Sample                       0x08003311   Thumb Code    80  main.o(i.ReadMax30102Sample)
    i.SVC_Handler                            0x08003370   Section        0  stm32f10x_it.o(i.SVC_Handler)
    i.SetSysClock                            0x08003372   Section        0  system_stm32f10x.o(i.SetSysClock)
    SetSysClock                              0x08003373   Thumb Code     8  system_stm32f10x.o(i.SetSysClock)
    i.SetSysClockTo72                        0x0800337c   Section        0  system_stm32f10x.o(i.SetSysClockTo72)
    SetSysClockTo72                          0x0800337d   Thumb Code   214  system_stm32f10x.o(i.SetSysClockTo72)
    i.StepCounter_GetCount                   0x0800345c   Section        0  step_counter.o(i.StepCounter_GetCount)
    i.StepCounter_GetSensorData              0x08003480   Section        0  step_counter.o(i.StepCounter_GetSensorData)
    i.StepCounter_Init                       0x080034f4   Section        0  step_counter.o(i.StepCounter_Init)
    i.StepCounter_Update                     0x08003674   Section        0  step_counter.o(i.StepCounter_Update)
    i.SysTick_CLKSourceConfig                0x080037f8   Section        0  misc.o(i.SysTick_CLKSourceConfig)
    i.SysTick_Handler                        0x08003820   Section        0  stm32f10x_it.o(i.SysTick_Handler)
    i.SystemInit                             0x08003824   Section        0  system_stm32f10x.o(i.SystemInit)
    i.TIM2_IRQHandler                        0x08003884   Section        0  step_counter.o(i.TIM2_IRQHandler)
    i.TIM_ClearITPendingBit                  0x0800391c   Section        0  stm32f10x_tim.o(i.TIM_ClearITPendingBit)
    i.TIM_Cmd                                0x08003922   Section        0  stm32f10x_tim.o(i.TIM_Cmd)
    i.TIM_GetITStatus                        0x0800393a   Section        0  stm32f10x_tim.o(i.TIM_GetITStatus)
    i.TIM_ITConfig                           0x0800395c   Section        0  stm32f10x_tim.o(i.TIM_ITConfig)
    i.TIM_TimeBaseInit                       0x08003970   Section        0  stm32f10x_tim.o(i.TIM_TimeBaseInit)
    i.UpdateMax30102Samples                  0x08003a14   Section        0  main.o(i.UpdateMax30102Samples)
    UpdateMax30102Samples                    0x08003a15   Thumb Code   166  main.o(i.UpdateMax30102Samples)
    i.UsageFault_Handler                     0x08003ad8   Section        0  stm32f10x_it.o(i.UsageFault_Handler)
    i.__ARM_fpclassify                       0x08003adc   Section        0  fpclassify.o(i.__ARM_fpclassify)
    i._is_digit                              0x08003b04   Section        0  __printf_wp.o(i._is_digit)
    i.delay_init                             0x08003b14   Section        0  delay.o(i.delay_init)
    i.delay_ms                               0x08003b58   Section        0  delay.o(i.delay_ms)
    i.delay_us                               0x08003ba4   Section        0  delay.o(i.delay_us)
    i.ds18b20_init                           0x08003bf0   Section        0  ds18b20.o(i.ds18b20_init)
    i.ds18b20_read_bit                       0x08003bfc   Section        0  ds18b20.o(i.ds18b20_read_bit)
    i.ds18b20_read_byte                      0x08003c48   Section        0  ds18b20.o(i.ds18b20_read_byte)
    i.ds18b20_rst                            0x08003c6c   Section        0  ds18b20.o(i.ds18b20_rst)
    i.ds18b20_start                          0x08003cb8   Section        0  ds18b20.o(i.ds18b20_start)
    i.ds18b20_write_byte                     0x08003ccc   Section        0  ds18b20.o(i.ds18b20_write_byte)
    i.ds18b20_write_one                      0x08003cf4   Section        0  ds18b20.o(i.ds18b20_write_one)
    i.ds18b20_write_zero                     0x08003d20   Section        0  ds18b20.o(i.ds18b20_write_zero)
    i.get_tempetature                        0x08003d4c   Section        0  ds18b20.o(i.get_tempetature)
    i.gpio_init                              0x08003d84   Section        0  ds18b20.o(i.gpio_init)
    i.main                                   0x08003d90   Section        0  main.o(i.main)
    i.max30102_Bus_Read                      0x08003f64   Section        0  max30102.o(i.max30102_Bus_Read)
    i.max30102_Bus_Write                     0x08003fb6   Section        0  max30102.o(i.max30102_Bus_Write)
    i.max30102_FIFO_ReadBytes                0x08003ffa   Section        0  max30102.o(i.max30102_FIFO_ReadBytes)
    i.max30102_init                          0x0800407c   Section        0  max30102.o(i.max30102_init)
    i.max30102_reset                         0x08004104   Section        0  max30102.o(i.max30102_reset)
    i.maxim_find_peaks                       0x08004118   Section        0  algorithm.o(i.maxim_find_peaks)
    i.maxim_heart_rate_and_oxygen_saturation 0x0800415c   Section        0  algorithm.o(i.maxim_heart_rate_and_oxygen_saturation)
    i.maxim_peaks_above_min_height           0x0800465c   Section        0  algorithm.o(i.maxim_peaks_above_min_height)
    i.maxim_remove_close_peaks               0x080046d6   Section        0  algorithm.o(i.maxim_remove_close_peaks)
    i.maxim_sort_ascend                      0x08004748   Section        0  algorithm.o(i.maxim_sort_ascend)
    i.maxim_sort_indices_descend             0x0800477e   Section        0  algorithm.o(i.maxim_sort_indices_descend)
    i.mode_input                             0x080047c0   Section        0  ds18b20.o(i.mode_input)
    i.mode_output                            0x080047e0   Section        0  ds18b20.o(i.mode_output)
    locale$$code                             0x08004804   Section       44  lc_numeric_c.o(locale$$code)
    locale$$code                             0x08004830   Section       44  lc_ctype_c.o(locale$$code)
    x$fpl$printf1                            0x0800485c   Section        4  printf1.o(x$fpl$printf1)
    x$fpl$printf2                            0x08004860   Section        4  printf2.o(x$fpl$printf2)
    .constdata                               0x08004864   Section        7  main.o(.constdata)
    x$fpl$usenofp                            0x08004864   Section        0  usenofp.o(x$fpl$usenofp)
    .constdata                               0x0800486c   Section      246  algorithm.o(.constdata)
    .constdata                               0x08004962   Section     2914  oeld_data.o(.constdata)
    .constdata                               0x080054c4   Section        8  _printf_wctomb.o(.constdata)
    initial_mbstate                          0x080054c4   Data           8  _printf_wctomb.o(.constdata)
    .constdata                               0x080054cc   Section       40  _printf_hex_int_ll_ptr.o(.constdata)
    uc_hextab                                0x080054cc   Data          20  _printf_hex_int_ll_ptr.o(.constdata)
    lc_hextab                                0x080054e0   Data          20  _printf_hex_int_ll_ptr.o(.constdata)
    .constdata                               0x080054f4   Section       17  __printf_flags_ss_wp.o(.constdata)
    maptable                                 0x080054f4   Data          17  __printf_flags_ss_wp.o(.constdata)
    .constdata                               0x08005505   Section       38  _printf_fp_hex.o(.constdata)
    lc_hextab                                0x08005505   Data          19  _printf_fp_hex.o(.constdata)
    uc_hextab                                0x08005518   Data          19  _printf_fp_hex.o(.constdata)
    .constdata                               0x0800552c   Section      148  bigflt0.o(.constdata)
    tenpwrs_x                                0x0800552c   Data          60  bigflt0.o(.constdata)
    tenpwrs_i                                0x08005568   Data          64  bigflt0.o(.constdata)
    locale$$data                             0x080055e0   Section       28  lc_numeric_c.o(locale$$data)
    __lcnum_c_name                           0x080055e4   Data           2  lc_numeric_c.o(locale$$data)
    __lcnum_c_start                          0x080055ec   Data           0  lc_numeric_c.o(locale$$data)
    __lcnum_c_point                          0x080055f8   Data           0  lc_numeric_c.o(locale$$data)
    __lcnum_c_thousands                      0x080055fa   Data           0  lc_numeric_c.o(locale$$data)
    __lcnum_c_grouping                       0x080055fb   Data           0  lc_numeric_c.o(locale$$data)
    locale$$data                             0x080055fc   Section      272  lc_ctype_c.o(locale$$data)
    __lcnum_c_end                            0x080055fc   Data           0  lc_numeric_c.o(locale$$data)
    __lcctype_c_name                         0x08005600   Data           2  lc_ctype_c.o(locale$$data)
    __lcctype_c_start                        0x08005608   Data           0  lc_ctype_c.o(locale$$data)
    __lcctype_c_end                          0x0800570c   Data           0  lc_ctype_c.o(locale$$data)
    .data                                    0x20000000   Section       20  system_stm32f10x.o(.data)
    .data                                    0x20000014   Section       37  main.o(.data)
    n_ir_buffer_length                       0x20000014   Data           4  main.o(.data)
    n_spo2                                   0x20000018   Data           4  main.o(.data)
    ch_spo2_valid                            0x2000001c   Data           1  main.o(.data)
    n_heart_rate                             0x20000020   Data           4  main.o(.data)
    ch_hr_valid                              0x20000024   Data           1  main.o(.data)
    AX                                       0x20000026   Data           2  main.o(.data)
    AY                                       0x20000028   Data           2  main.o(.data)
    AZ                                       0x2000002a   Data           2  main.o(.data)
    GX                                       0x2000002c   Data           2  main.o(.data)
    GY                                       0x2000002e   Data           2  main.o(.data)
    GZ                                       0x20000030   Data           2  main.o(.data)
    TempBytes                                0x20000032   Data           6  main.o(.data)
    DisplayPage                              0x20000038   Data           1  main.o(.data)
    .data                                    0x20000039   Section        1  ds1302.o(.data)
    DS1302_Tim2WasEnabled                    0x20000039   Data           1  ds1302.o(.data)
    .data                                    0x2000003c   Section       40  step_counter.o(.data)
    g_step_count                             0x2000003c   Data           4  step_counter.o(.data)
    g_baseline                               0x20000040   Data           4  step_counter.o(.data)
    g_motion_avg                             0x20000044   Data           4  step_counter.o(.data)
    g_smooth                                 0x20000048   Data           4  step_counter.o(.data)
    g_peak                                   0x2000004c   Data           4  step_counter.o(.data)
    g_tick                                   0x20000050   Data           2  step_counter.o(.data)
    g_last_step_tick                         0x20000052   Data           2  step_counter.o(.data)
    g_candidate_ticks                        0x20000054   Data           1  step_counter.o(.data)
    g_in_candidate                           0x20000055   Data           1  step_counter.o(.data)
    g_startup_count                          0x20000056   Data           1  step_counter.o(.data)
    g_ax                                     0x20000058   Data           2  step_counter.o(.data)
    g_ay                                     0x2000005a   Data           2  step_counter.o(.data)
    g_az                                     0x2000005c   Data           2  step_counter.o(.data)
    g_gx                                     0x2000005e   Data           2  step_counter.o(.data)
    g_gy                                     0x20000060   Data           2  step_counter.o(.data)
    g_gz                                     0x20000062   Data           2  step_counter.o(.data)
    .data                                    0x20000064   Section        4  delay.o(.data)
    fac_us                                   0x20000064   Data           1  delay.o(.data)
    fac_ms                                   0x20000066   Data           2  delay.o(.data)
    .data                                    0x20000068   Section       20  stm32f10x_rcc.o(.data)
    APBAHBPrescTable                         0x20000068   Data          16  stm32f10x_rcc.o(.data)
    ADCPrescTable                            0x20000078   Data           4  stm32f10x_rcc.o(.data)
    .bss                                     0x2000007c   Section     4000  main.o(.bss)
    aun_ir_buffer                            0x2000007c   Data        2000  main.o(.bss)
    aun_red_buffer                           0x2000084c   Data        2000  main.o(.bss)
    .bss                                     0x2000101c   Section     5984  algorithm.o(.bss)
    an_dx                                    0x2000101c   Data        1984  algorithm.o(.bss)
    an_x                                     0x200017dc   Data        2000  algorithm.o(.bss)
    an_y                                     0x20001fac   Data        2000  algorithm.o(.bss)
    .bss                                     0x2000277c   Section     1024  oled.o(.bss)
    .bss                                     0x20002b7c   Section       96  libspace.o(.bss)
    HEAP                                     0x20002be0   Section      512  startup_stm32f10x_md.o(HEAP)
    Heap_Mem                                 0x20002be0   Data         512  startup_stm32f10x_md.o(HEAP)
    STACK                                    0x20002de0   Section     1024  startup_stm32f10x_md.o(STACK)
    Stack_Mem                                0x20002de0   Data        1024  startup_stm32f10x_md.o(STACK)
    __initial_sp                             0x200031e0   Data           0  startup_stm32f10x_md.o(STACK)

    Global Symbols

    Symbol Name                              Value     Ov Type        Size  Object(Section)

    BuildAttributes$$THM_ISAv4$P$D$K$B$S$PE$A:L22UL41UL21$X:L11$S22US41US21$IEEE1$IW$USESV6$~STKCKD$USESV7$~SHL$OTIME$ROPI$IEEEX$EBA8$UX$STANDARDLIB$REQ8$PRES8$EABIv2 0x00000000   Number         0  anon$$obj.o ABSOLUTE
    __ARM_use_no_argv                        0x00000000   Number         0  main.o ABSOLUTE
    _printf_flags                            0x00000000   Number         0  printf_stubs.o ABSOLUTE
    _printf_return_value                     0x00000000   Number         0  printf_stubs.o ABSOLUTE
    _printf_sizespec                         0x00000000   Number         0  printf_stubs.o ABSOLUTE
    _printf_widthprec                        0x00000000   Number         0  printf_stubs.o ABSOLUTE
    __ARM_exceptions_init                     - Undefined Weak Reference
    __alloca_initialize                       - Undefined Weak Reference
    __arm_preinit_                            - Undefined Weak Reference
    __cpp_initialize__aeabi_                  - Undefined Weak Reference
    __cxa_finalize                            - Undefined Weak Reference
    __sigvec_lookup                           - Undefined Weak Reference
    _atexit_init                              - Undefined Weak Reference
    _call_atexit_fns                          - Undefined Weak Reference
    _clock_init                               - Undefined Weak Reference
    _fp_trap_init                             - Undefined Weak Reference
    _fp_trap_shutdown                         - Undefined Weak Reference
    _get_lc_collate                           - Undefined Weak Reference
    _get_lc_monetary                          - Undefined Weak Reference
    _get_lc_time                              - Undefined Weak Reference
    _getenv_init                              - Undefined Weak Reference
    _handle_redirection                       - Undefined Weak Reference
    _init_alloc                               - Undefined Weak Reference
    _init_user_alloc                          - Undefined Weak Reference
    _initio                                   - Undefined Weak Reference
    _printf_mbtowc                            - Undefined Weak Reference
    _printf_wc                                - Undefined Weak Reference
    _rand_init                                - Undefined Weak Reference
    _signal_finish                            - Undefined Weak Reference
    _signal_init                              - Undefined Weak Reference
    _terminate_alloc                          - Undefined Weak Reference
    _terminate_user_alloc                     - Undefined Weak Reference
    _terminateio                              - Undefined Weak Reference
    __Vectors_Size                           0x000000ec   Number         0  startup_stm32f10x_md.o ABSOLUTE
    __Vectors                                0x08000000   Data           4  startup_stm32f10x_md.o(RESET)
    __Vectors_End                            0x080000ec   Data           0  startup_stm32f10x_md.o(RESET)
    __main                                   0x080000ed   Thumb Code     8  __main.o(!!!main)
    __scatterload                            0x080000f5   Thumb Code     0  __scatter.o(!!!scatter)
    __scatterload_rt2                        0x080000f5   Thumb Code    44  __scatter.o(!!!scatter)
    __scatterload_rt2_thumb_only             0x080000f5   Thumb Code     0  __scatter.o(!!!scatter)
    __scatterload_null                       0x08000103   Thumb Code     0  __scatter.o(!!!scatter)
    __scatterload_copy                       0x08000129   Thumb Code    26  __scatter_copy.o(!!handler_copy)
    __scatterload_zeroinit                   0x08000145   Thumb Code    28  __scatter_zi.o(!!handler_zi)
    _printf_n                                0x08000161   Thumb Code     0  _printf_n.o(.ARM.Collect$$_printf_percent$$00000001)
    _printf_percent                          0x08000161   Thumb Code     0  _printf_percent.o(.ARM.Collect$$_printf_percent$$00000000)
    _printf_p                                0x08000167   Thumb Code     0  _printf_p.o(.ARM.Collect$$_printf_percent$$00000002)
    _printf_f                                0x0800016d   Thumb Code     0  _printf_f.o(.ARM.Collect$$_printf_percent$$00000003)
    _printf_e                                0x08000173   Thumb Code     0  _printf_e.o(.ARM.Collect$$_printf_percent$$00000004)
    _printf_g                                0x08000179   Thumb Code     0  _printf_g.o(.ARM.Collect$$_printf_percent$$00000005)
    _printf_a                                0x0800017f   Thumb Code     0  _printf_a.o(.ARM.Collect$$_printf_percent$$00000006)
    _printf_ll                               0x08000185   Thumb Code     0  _printf_ll.o(.ARM.Collect$$_printf_percent$$00000007)
    _printf_i                                0x0800018f   Thumb Code     0  _printf_i.o(.ARM.Collect$$_printf_percent$$00000008)
    _printf_d                                0x08000195   Thumb Code     0  _printf_d.o(.ARM.Collect$$_printf_percent$$00000009)
    _printf_u                                0x0800019b   Thumb Code     0  _printf_u.o(.ARM.Collect$$_printf_percent$$0000000A)
    _printf_o                                0x080001a1   Thumb Code     0  _printf_o.o(.ARM.Collect$$_printf_percent$$0000000B)
    _printf_x                                0x080001a7   Thumb Code     0  _printf_x.o(.ARM.Collect$$_printf_percent$$0000000C)
    _printf_lli                              0x080001ad   Thumb Code     0  _printf_lli.o(.ARM.Collect$$_printf_percent$$0000000D)
    _printf_lld                              0x080001b3   Thumb Code     0  _printf_lld.o(.ARM.Collect$$_printf_percent$$0000000E)
    _printf_llu                              0x080001b9   Thumb Code     0  _printf_llu.o(.ARM.Collect$$_printf_percent$$0000000F)
    _printf_llo                              0x080001bf   Thumb Code     0  _printf_llo.o(.ARM.Collect$$_printf_percent$$00000010)
    _printf_llx                              0x080001c5   Thumb Code     0  _printf_llx.o(.ARM.Collect$$_printf_percent$$00000011)
    _printf_l                                0x080001cb   Thumb Code     0  _printf_l.o(.ARM.Collect$$_printf_percent$$00000012)
    _printf_c                                0x080001d5   Thumb Code     0  _printf_c.o(.ARM.Collect$$_printf_percent$$00000013)
    _printf_s                                0x080001db   Thumb Code     0  _printf_s.o(.ARM.Collect$$_printf_percent$$00000014)
    _printf_lc                               0x080001e1   Thumb Code     0  _printf_lc.o(.ARM.Collect$$_printf_percent$$00000015)
    _printf_ls                               0x080001e7   Thumb Code     0  _printf_ls.o(.ARM.Collect$$_printf_percent$$00000016)
    _printf_percent_end                      0x080001ed   Thumb Code     0  _printf_percent_end.o(.ARM.Collect$$_printf_percent$$00000017)
    __rt_lib_init                            0x080001f1   Thumb Code     0  libinit.o(.ARM.Collect$$libinit$$00000000)
    __rt_lib_init_fp_1                       0x080001f3   Thumb Code     0  libinit2.o(.ARM.Collect$$libinit$$00000002)
    __rt_lib_init_heap_1                     0x080001f3   Thumb Code     0  libinit2.o(.ARM.Collect$$libinit$$0000000A)
    __rt_lib_init_lc_common                  0x080001f3   Thumb Code     0  libinit2.o(.ARM.Collect$$libinit$$0000000F)
    __rt_lib_init_preinit_1                  0x080001f3   Thumb Code     0  libinit2.o(.ARM.Collect$$libinit$$00000004)
    __rt_lib_init_rand_1                     0x080001f3   Thumb Code     0  libinit2.o(.ARM.Collect$$libinit$$0000000E)
    __rt_lib_init_user_alloc_1               0x080001f3   Thumb Code     0  libinit2.o(.ARM.Collect$$libinit$$0000000C)
    __rt_lib_init_lc_collate_1               0x080001f9   Thumb Code     0  libinit2.o(.ARM.Collect$$libinit$$00000011)
    __rt_lib_init_lc_ctype_2                 0x080001f9   Thumb Code     0  libinit2.o(.ARM.Collect$$libinit$$00000012)
    __rt_lib_init_lc_ctype_1                 0x08000205   Thumb Code     0  libinit2.o(.ARM.Collect$$libinit$$00000013)
    __rt_lib_init_lc_monetary_1              0x08000205   Thumb Code     0  libinit2.o(.ARM.Collect$$libinit$$00000015)
    __rt_lib_init_lc_numeric_2               0x08000205   Thumb Code     0  libinit2.o(.ARM.Collect$$libinit$$00000016)
    __rt_lib_init_alloca_1                   0x0800020f   Thumb Code     0  libinit2.o(.ARM.Collect$$libinit$$0000002E)
    __rt_lib_init_argv_1                     0x0800020f   Thumb Code     0  libinit2.o(.ARM.Collect$$libinit$$0000002C)
    __rt_lib_init_atexit_1                   0x0800020f   Thumb Code     0  libinit2.o(.ARM.Collect$$libinit$$0000001B)
    __rt_lib_init_clock_1                    0x0800020f   Thumb Code     0  libinit2.o(.ARM.Collect$$libinit$$00000021)
    __rt_lib_init_cpp_1                      0x0800020f   Thumb Code     0  libinit2.o(.ARM.Collect$$libinit$$00000032)
    __rt_lib_init_exceptions_1               0x0800020f   Thumb Code     0  libinit2.o(.ARM.Collect$$libinit$$00000030)
    __rt_lib_init_fp_trap_1                  0x0800020f   Thumb Code     0  libinit2.o(.ARM.Collect$$libinit$$0000001F)
    __rt_lib_init_getenv_1                   0x0800020f   Thumb Code     0  libinit2.o(.ARM.Collect$$libinit$$00000023)
    __rt_lib_init_lc_numeric_1               0x0800020f   Thumb Code     0  libinit2.o(.ARM.Collect$$libinit$$00000017)
    __rt_lib_init_lc_time_1                  0x0800020f   Thumb Code     0  libinit2.o(.ARM.Collect$$libinit$$00000019)
    __rt_lib_init_return                     0x0800020f   Thumb Code     0  libinit2.o(.ARM.Collect$$libinit$$00000033)
    __rt_lib_init_signal_1                   0x0800020f   Thumb Code     0  libinit2.o(.ARM.Collect$$libinit$$0000001D)
    __rt_lib_init_stdio_1                    0x0800020f   Thumb Code     0  libinit2.o(.ARM.Collect$$libinit$$00000025)
    __rt_lib_shutdown                        0x08000211   Thumb Code     0  libshutdown.o(.ARM.Collect$$libshutdown$$00000000)
    __rt_lib_shutdown_cpp_1                  0x08000213   Thumb Code     0  libshutdown2.o(.ARM.Collect$$libshutdown$$00000002)
    __rt_lib_shutdown_fp_trap_1              0x08000213   Thumb Code     0  libshutdown2.o(.ARM.Collect$$libshutdown$$00000007)
    __rt_lib_shutdown_heap_1                 0x08000213   Thumb Code     0  libshutdown2.o(.ARM.Collect$$libshutdown$$0000000F)
    __rt_lib_shutdown_return                 0x08000213   Thumb Code     0  libshutdown2.o(.ARM.Collect$$libshutdown$$00000010)
    __rt_lib_shutdown_signal_1               0x08000213   Thumb Code     0  libshutdown2.o(.ARM.Collect$$libshutdown$$0000000A)
    __rt_lib_shutdown_stdio_1                0x08000213   Thumb Code     0  libshutdown2.o(.ARM.Collect$$libshutdown$$00000004)
    __rt_lib_shutdown_user_alloc_1           0x08000213   Thumb Code     0  libshutdown2.o(.ARM.Collect$$libshutdown$$0000000C)
    __rt_entry                               0x08000215   Thumb Code     0  __rtentry.o(.ARM.Collect$$rtentry$$00000000)
    __rt_entry_presh_1                       0x08000215   Thumb Code     0  __rtentry2.o(.ARM.Collect$$rtentry$$00000002)
    __rt_entry_sh                            0x08000215   Thumb Code     0  __rtentry4.o(.ARM.Collect$$rtentry$$00000004)
    __rt_entry_li                            0x0800021b   Thumb Code     0  __rtentry2.o(.ARM.Collect$$rtentry$$0000000A)
    __rt_entry_postsh_1                      0x0800021b   Thumb Code     0  __rtentry2.o(.ARM.Collect$$rtentry$$00000009)
    __rt_entry_main                          0x0800021f   Thumb Code     0  __rtentry2.o(.ARM.Collect$$rtentry$$0000000D)
    __rt_entry_postli_1                      0x0800021f   Thumb Code     0  __rtentry2.o(.ARM.Collect$$rtentry$$0000000C)
    __rt_exit                                0x08000227   Thumb Code     0  rtexit.o(.ARM.Collect$$rtexit$$00000000)
    __rt_exit_ls                             0x08000229   Thumb Code     0  rtexit2.o(.ARM.Collect$$rtexit$$00000003)
    __rt_exit_prels_1                        0x08000229   Thumb Code     0  rtexit2.o(.ARM.Collect$$rtexit$$00000002)
    __rt_exit_exit                           0x0800022d   Thumb Code     0  rtexit2.o(.ARM.Collect$$rtexit$$00000004)
    Reset_Handler                            0x08000235   Thumb Code     8  startup_stm32f10x_md.o(.text)
    ADC1_2_IRQHandler                        0x0800024f   Thumb Code     0  startup_stm32f10x_md.o(.text)
    CAN1_RX1_IRQHandler                      0x0800024f   Thumb Code     0  startup_stm32f10x_md.o(.text)
    CAN1_SCE_IRQHandler                      0x0800024f   Thumb Code     0  startup_stm32f10x_md.o(.text)
    DMA1_Channel1_IRQHandler                 0x0800024f   Thumb Code     0  startup_stm32f10x_md.o(.text)
    DMA1_Channel2_IRQHandler                 0x0800024f   Thumb Code     0  startup_stm32f10x_md.o(.text)
    DMA1_Channel3_IRQHandler                 0x0800024f   Thumb Code     0  startup_stm32f10x_md.o(.text)
    DMA1_Channel4_IRQHandler                 0x0800024f   Thumb Code     0  startup_stm32f10x_md.o(.text)
    DMA1_Channel5_IRQHandler                 0x0800024f   Thumb Code     0  startup_stm32f10x_md.o(.text)
    DMA1_Channel6_IRQHandler                 0x0800024f   Thumb Code     0  startup_stm32f10x_md.o(.text)
    DMA1_Channel7_IRQHandler                 0x0800024f   Thumb Code     0  startup_stm32f10x_md.o(.text)
    EXTI0_IRQHandler                         0x0800024f   Thumb Code     0  startup_stm32f10x_md.o(.text)
    EXTI15_10_IRQHandler                     0x0800024f   Thumb Code     0  startup_stm32f10x_md.o(.text)
    EXTI1_IRQHandler                         0x0800024f   Thumb Code     0  startup_stm32f10x_md.o(.text)
    EXTI2_IRQHandler                         0x0800024f   Thumb Code     0  startup_stm32f10x_md.o(.text)
    EXTI3_IRQHandler                         0x0800024f   Thumb Code     0  startup_stm32f10x_md.o(.text)
    EXTI4_IRQHandler                         0x0800024f   Thumb Code     0  startup_stm32f10x_md.o(.text)
    EXTI9_5_IRQHandler                       0x0800024f   Thumb Code     0  startup_stm32f10x_md.o(.text)
    FLASH_IRQHandler                         0x0800024f   Thumb Code     0  startup_stm32f10x_md.o(.text)
    I2C1_ER_IRQHandler                       0x0800024f   Thumb Code     0  startup_stm32f10x_md.o(.text)
    I2C1_EV_IRQHandler                       0x0800024f   Thumb Code     0  startup_stm32f10x_md.o(.text)
    I2C2_ER_IRQHandler                       0x0800024f   Thumb Code     0  startup_stm32f10x_md.o(.text)
    I2C2_EV_IRQHandler                       0x0800024f   Thumb Code     0  startup_stm32f10x_md.o(.text)
    PVD_IRQHandler                           0x0800024f   Thumb Code     0  startup_stm32f10x_md.o(.text)
    RCC_IRQHandler                           0x0800024f   Thumb Code     0  startup_stm32f10x_md.o(.text)
    RTCAlarm_IRQHandler                      0x0800024f   Thumb Code     0  startup_stm32f10x_md.o(.text)
    RTC_IRQHandler                           0x0800024f   Thumb Code     0  startup_stm32f10x_md.o(.text)
    SPI1_IRQHandler                          0x0800024f   Thumb Code     0  startup_stm32f10x_md.o(.text)
    SPI2_IRQHandler                          0x0800024f   Thumb Code     0  startup_stm32f10x_md.o(.text)
    TAMPER_IRQHandler                        0x0800024f   Thumb Code     0  startup_stm32f10x_md.o(.text)
    TIM1_BRK_IRQHandler                      0x0800024f   Thumb Code     0  startup_stm32f10x_md.o(.text)
    TIM1_CC_IRQHandler                       0x0800024f   Thumb Code     0  startup_stm32f10x_md.o(.text)
    TIM1_TRG_COM_IRQHandler                  0x0800024f   Thumb Code     0  startup_stm32f10x_md.o(.text)
    TIM1_UP_IRQHandler                       0x0800024f   Thumb Code     0  startup_stm32f10x_md.o(.text)
    TIM3_IRQHandler                          0x0800024f   Thumb Code     0  startup_stm32f10x_md.o(.text)
    TIM4_IRQHandler                          0x0800024f   Thumb Code     0  startup_stm32f10x_md.o(.text)
    USART1_IRQHandler                        0x0800024f   Thumb Code     0  startup_stm32f10x_md.o(.text)
    USART2_IRQHandler                        0x0800024f   Thumb Code     0  startup_stm32f10x_md.o(.text)
    USART3_IRQHandler                        0x0800024f   Thumb Code     0  startup_stm32f10x_md.o(.text)
    USBWakeUp_IRQHandler                     0x0800024f   Thumb Code     0  startup_stm32f10x_md.o(.text)
    USB_HP_CAN1_TX_IRQHandler                0x0800024f   Thumb Code     0  startup_stm32f10x_md.o(.text)
    USB_LP_CAN1_RX0_IRQHandler               0x0800024f   Thumb Code     0  startup_stm32f10x_md.o(.text)
    WWDG_IRQHandler                          0x0800024f   Thumb Code     0  startup_stm32f10x_md.o(.text)
    __user_initial_stackheap                 0x08000251   Thumb Code     0  startup_stm32f10x_md.o(.text)
    vsprintf                                 0x08000275   Thumb Code    32  vsprintf.o(.text)
    strcmp                                   0x08000299   Thumb Code   128  strcmpv7m.o(.text)
    __use_two_region_memory                  0x08000319   Thumb Code     2  heapauxi.o(.text)
    __rt_heap_escrow$2region                 0x0800031b   Thumb Code     2  heapauxi.o(.text)
    __rt_heap_expand$2region                 0x0800031d   Thumb Code     2  heapauxi.o(.text)
    _printf_pre_padding                      0x0800031f   Thumb Code    44  _printf_pad.o(.text)
    _printf_post_padding                     0x0800034b   Thumb Code    34  _printf_pad.o(.text)
    _printf_truncate_signed                  0x0800036d   Thumb Code    18  _printf_truncate.o(.text)
    _printf_truncate_unsigned                0x0800037f   Thumb Code    18  _printf_truncate.o(.text)
    _printf_str                              0x08000391   Thumb Code    82  _printf_str.o(.text)
    _printf_int_dec                          0x080003e5   Thumb Code   104  _printf_dec.o(.text)
    _printf_charcount                        0x0800045d   Thumb Code    40  _printf_charcount.o(.text)
    _printf_char_common                      0x0800048f   Thumb Code    32  _printf_char_common.o(.text)
    _sputc                                   0x080004b5   Thumb Code    10  _sputc.o(.text)
    _printf_wctomb                           0x080004c1   Thumb Code   182  _printf_wctomb.o(.text)
    _printf_longlong_dec                     0x0800057d   Thumb Code   108  _printf_longlong_dec.o(.text)
    _printf_longlong_oct                     0x080005f9   Thumb Code    66  _printf_oct_int_ll.o(.text)
    _printf_int_oct                          0x0800063b   Thumb Code    24  _printf_oct_int_ll.o(.text)
    _printf_ll_oct                           0x08000653   Thumb Code    12  _printf_oct_int_ll.o(.text)
    _printf_longlong_hex                     0x08000669   Thumb Code    86  _printf_hex_int_ll_ptr.o(.text)
    _printf_int_hex                          0x080006bf   Thumb Code    28  _printf_hex_int_ll_ptr.o(.text)
    _printf_ll_hex                           0x080006db   Thumb Code    12  _printf_hex_int_ll_ptr.o(.text)
    _printf_hex_ptr                          0x080006e7   Thumb Code    18  _printf_hex_int_ll_ptr.o(.text)
    __printf                                 0x080006fd   Thumb Code   388  __printf_flags_ss_wp.o(.text)
    _ll_udiv10                               0x08000885   Thumb Code   138  lludiv10.o(.text)
    _printf_int_common                       0x0800090f   Thumb Code   178  _printf_intcommon.o(.text)
    __lib_sel_fp_printf                      0x080009c1   Thumb Code     2  _printf_fp_dec.o(.text)
    _printf_fp_dec_real                      0x08000b73   Thumb Code   620  _printf_fp_dec.o(.text)
    _printf_fp_hex_real                      0x08000de1   Thumb Code   756  _printf_fp_hex.o(.text)
    _printf_cs_common                        0x080010dd   Thumb Code    20  _printf_char.o(.text)
    _printf_char                             0x080010f1   Thumb Code    16  _printf_char.o(.text)
    _printf_string                           0x08001101   Thumb Code     8  _printf_char.o(.text)
    _printf_lcs_common                       0x08001109   Thumb Code    20  _printf_wchar.o(.text)
    _printf_wchar                            0x0800111d   Thumb Code    16  _printf_wchar.o(.text)
    _printf_wstring                          0x0800112d   Thumb Code     8  _printf_wchar.o(.text)
    _wcrtomb                                 0x08001135   Thumb Code    64  _wcrtomb.o(.text)
    __user_libspace                          0x08001175   Thumb Code     8  libspace.o(.text)
    __user_perproc_libspace                  0x08001175   Thumb Code     0  libspace.o(.text)
    __user_perthread_libspace                0x08001175   Thumb Code     0  libspace.o(.text)
    __user_setup_stackheap                   0x0800117d   Thumb Code    74  sys_stackheap_outer.o(.text)
    __rt_ctype_table                         0x080011c9   Thumb Code    16  rt_ctype_table.o(.text)
    __rt_locale                              0x080011d9   Thumb Code     8  rt_locale_intlibspace.o(.text)
    _printf_fp_infnan                        0x080011e1   Thumb Code   112  _printf_fp_infnan.o(.text)
    _btod_etento                             0x08001261   Thumb Code   224  bigflt0.o(.text)
    exit                                     0x08001345   Thumb Code    18  exit.o(.text)
    _sys_exit                                0x08001359   Thumb Code     8  sys_exit.o(.text)
    __I$use$semihosting                      0x08001365   Thumb Code     0  use_no_semi.o(.text)
    __use_no_semihosting_swi                 0x08001365   Thumb Code     2  use_no_semi.o(.text)
    __semihosting_library_function           0x08001367   Thumb Code     0  indicate_semi.o(.text)
    _btod_d2e                                0x08001367   Thumb Code    62  btod.o(CL$$btod_d2e)
    _d2e_denorm_low                          0x080013a5   Thumb Code    70  btod.o(CL$$btod_d2e_denorm_low)
    _d2e_norm_op1                            0x080013eb   Thumb Code    96  btod.o(CL$$btod_d2e_norm_op1)
    __btod_div_common                        0x0800144b   Thumb Code   696  btod.o(CL$$btod_div_common)
    _e2e                                     0x08001783   Thumb Code   220  btod.o(CL$$btod_e2e)
    _btod_ediv                               0x0800185f   Thumb Code    42  btod.o(CL$$btod_ediv)
    _btod_emul                               0x08001889   Thumb Code    42  btod.o(CL$$btod_emul)
    __btod_mult_common                       0x080018b3   Thumb Code   580  btod.o(CL$$btod_mult_common)
    BusFault_Handler                         0x08001b13   Thumb Code     4  stm32f10x_it.o(i.BusFault_Handler)
    Buzzer_init                              0x08001b19   Thumb Code    48  buzzer.o(i.Buzzer_init)
    Buzzer_off                               0x08001b4d   Thumb Code    14  buzzer.o(i.Buzzer_off)
    Buzzer_on                                0x08001b61   Thumb Code    14  buzzer.o(i.Buzzer_on)
    DHT11_Init                               0x08001b8b   Thumb Code    22  dht11.o(i.DHT11_Init)
    DHT11_ReadData                           0x08001bb1   Thumb Code   230  dht11.o(i.DHT11_ReadData)
    DS1302_GetDateTime                       0x08001d4d   Thumb Code    90  ds1302.o(i.DS1302_GetDateTime)
    DS1302_Init                              0x08001ded   Thumb Code    86  ds1302.o(i.DS1302_Init)
    DS1302_IsClockHalted                     0x08001e49   Thumb Code    12  ds1302.o(i.DS1302_IsClockHalted)
    DS1302_SetDateTime                       0x08001f6d   Thumb Code   144  ds1302.o(i.DS1302_SetDateTime)
    DS1302_StartClock                        0x08001ffd   Thumb Code    38  ds1302.o(i.DS1302_StartClock)
    DebugMon_Handler                         0x080020d1   Thumb Code     2  stm32f10x_it.o(i.DebugMon_Handler)
    GPIO_Init                                0x080022e1   Thumb Code   278  stm32f10x_gpio.o(i.GPIO_Init)
    GPIO_ReadInputDataBit                    0x080023f7   Thumb Code    18  stm32f10x_gpio.o(i.GPIO_ReadInputDataBit)
    GPIO_ResetBits                           0x08002409   Thumb Code     4  stm32f10x_gpio.o(i.GPIO_ResetBits)
    GPIO_SetBits                             0x0800240d   Thumb Code     4  stm32f10x_gpio.o(i.GPIO_SetBits)
    GPIO_WriteBit                            0x08002411   Thumb Code    10  stm32f10x_gpio.o(i.GPIO_WriteBit)
    HardFault_Handler                        0x080024c5   Thumb Code     4  stm32f10x_it.o(i.HardFault_Handler)
    I2C_AcknowledgeConfig                    0x080024c9   Thumb Code    24  stm32f10x_i2c.o(i.I2C_AcknowledgeConfig)
    I2C_CheckEvent                           0x080024e1   Thumb Code    42  stm32f10x_i2c.o(i.I2C_CheckEvent)
    I2C_Cmd                                  0x0800250b   Thumb Code    24  stm32f10x_i2c.o(i.I2C_Cmd)
    I2C_GenerateSTART                        0x08002523   Thumb Code    24  stm32f10x_i2c.o(i.I2C_GenerateSTART)
    I2C_GenerateSTOP                         0x0800253b   Thumb Code    24  stm32f10x_i2c.o(i.I2C_GenerateSTOP)
    I2C_Init                                 0x08002555   Thumb Code   222  stm32f10x_i2c.o(i.I2C_Init)
    I2C_ReceiveData                          0x080026f9   Thumb Code     8  stm32f10x_i2c.o(i.I2C_ReceiveData)
    I2C_Send7bitAddress                      0x08002701   Thumb Code    18  stm32f10x_i2c.o(i.I2C_Send7bitAddress)
    I2C_SendData                             0x08002713   Thumb Code     4  stm32f10x_i2c.o(i.I2C_SendData)
    IIC_Ack                                  0x080027a1   Thumb Code    66  myiic.o(i.IIC_Ack)
    IIC_Init                                 0x080027f1   Thumb Code    52  myiic.o(i.IIC_Init)
    IIC_NAck                                 0x08002831   Thumb Code    66  myiic.o(i.IIC_NAck)
    IIC_Read_Byte                            0x08002881   Thumb Code    98  myiic.o(i.IIC_Read_Byte)
    IIC_Send_Byte                            0x080028f1   Thumb Code    90  myiic.o(i.IIC_Send_Byte)
    IIC_Start                                0x08002959   Thumb Code    64  myiic.o(i.IIC_Start)
    IIC_Stop                                 0x080029a5   Thumb Code    62  myiic.o(i.IIC_Stop)
    IIC_Wait_Ack                             0x080029f1   Thumb Code    86  myiic.o(i.IIC_Wait_Ack)
    MemManage_Handler                        0x08002c67   Thumb Code     4  stm32f10x_it.o(i.MemManage_Handler)
    NMI_Handler                              0x08002c6b   Thumb Code     2  stm32f10x_it.o(i.NMI_Handler)
    NVIC_Configuration                       0x08002c6d   Thumb Code    12  sys.o(i.NVIC_Configuration)
    NVIC_Init                                0x08002c79   Thumb Code   100  misc.o(i.NVIC_Init)
    NVIC_PriorityGroupConfig                 0x08002ce9   Thumb Code    10  misc.o(i.NVIC_PriorityGroupConfig)
    OLED_Clear                               0x08002cfd   Thumb Code    36  oled.o(i.OLED_Clear)
    OLED_ClearArea                           0x08002d25   Thumb Code   162  oled.o(i.OLED_ClearArea)
    OLED_GPIO_Init                           0x08002dcd   Thumb Code    88  oled.o(i.OLED_GPIO_Init)
    OLED_I2C_SendByte                        0x08002e29   Thumb Code    62  oled.o(i.OLED_I2C_SendByte)
    OLED_I2C_Start                           0x08002e67   Thumb Code    28  oled.o(i.OLED_I2C_Start)
    OLED_I2C_Stop                            0x08002e83   Thumb Code    22  oled.o(i.OLED_I2C_Stop)
    OLED_Init                                0x08002e99   Thumb Code   154  oled.o(i.OLED_Init)
    OLED_Printf                              0x08002f33   Thumb Code    50  oled.o(i.OLED_Printf)
    OLED_SetCursor                           0x08002f65   Thumb Code    34  oled.o(i.OLED_SetCursor)
    OLED_ShowChar                            0x08002f89   Thumb Code    74  oled.o(i.OLED_ShowChar)
    OLED_ShowImage                           0x08002fdd   Thumb Code   296  oled.o(i.OLED_ShowImage)
    OLED_ShowString                          0x08003109   Thumb Code    46  oled.o(i.OLED_ShowString)
    OLED_Update                              0x08003139   Thumb Code    36  oled.o(i.OLED_Update)
    OLED_W_SCL                               0x08003161   Thumb Code    16  oled.o(i.OLED_W_SCL)
    OLED_W_SDA                               0x08003175   Thumb Code    16  oled.o(i.OLED_W_SDA)
    OLED_WriteCommand                        0x08003189   Thumb Code    32  oled.o(i.OLED_WriteCommand)
    OLED_WriteData                           0x080031a9   Thumb Code    46  oled.o(i.OLED_WriteData)
    PendSV_Handler                           0x080031d7   Thumb Code     2  stm32f10x_it.o(i.PendSV_Handler)
    RCC_APB1PeriphClockCmd                   0x080031d9   Thumb Code    26  stm32f10x_rcc.o(i.RCC_APB1PeriphClockCmd)
    RCC_APB2PeriphClockCmd                   0x080031f9   Thumb Code    26  stm32f10x_rcc.o(i.RCC_APB2PeriphClockCmd)
    RCC_GetClocksFreq                        0x08003219   Thumb Code   192  stm32f10x_rcc.o(i.RCC_GetClocksFreq)
    SVC_Handler                              0x08003371   Thumb Code     2  stm32f10x_it.o(i.SVC_Handler)
    StepCounter_GetCount                     0x0800345d   Thumb Code    30  step_counter.o(i.StepCounter_GetCount)
    StepCounter_GetSensorData                0x08003481   Thumb Code    92  step_counter.o(i.StepCounter_GetSensorData)
    StepCounter_Init                         0x080034f5   Thumb Code   308  step_counter.o(i.StepCounter_Init)
    StepCounter_Update                       0x08003675   Thumb Code   348  step_counter.o(i.StepCounter_Update)
    SysTick_CLKSourceConfig                  0x080037f9   Thumb Code    40  misc.o(i.SysTick_CLKSourceConfig)
    SysTick_Handler                          0x08003821   Thumb Code     2  stm32f10x_it.o(i.SysTick_Handler)
    SystemInit                               0x08003825   Thumb Code    78  system_stm32f10x.o(i.SystemInit)
    TIM2_IRQHandler                          0x08003885   Thumb Code   126  step_counter.o(i.TIM2_IRQHandler)
    TIM_ClearITPendingBit                    0x0800391d   Thumb Code     6  stm32f10x_tim.o(i.TIM_ClearITPendingBit)
    TIM_Cmd                                  0x08003923   Thumb Code    24  stm32f10x_tim.o(i.TIM_Cmd)
    TIM_GetITStatus                          0x0800393b   Thumb Code    34  stm32f10x_tim.o(i.TIM_GetITStatus)
    TIM_ITConfig                             0x0800395d   Thumb Code    18  stm32f10x_tim.o(i.TIM_ITConfig)
    TIM_TimeBaseInit                         0x08003971   Thumb Code   122  stm32f10x_tim.o(i.TIM_TimeBaseInit)
    UsageFault_Handler                       0x08003ad9   Thumb Code     4  stm32f10x_it.o(i.UsageFault_Handler)
    __ARM_fpclassify                         0x08003add   Thumb Code    40  fpclassify.o(i.__ARM_fpclassify)
    _is_digit                                0x08003b05   Thumb Code    14  __printf_wp.o(i._is_digit)
    delay_init                               0x08003b15   Thumb Code    50  delay.o(i.delay_init)
    delay_ms                                 0x08003b59   Thumb Code    72  delay.o(i.delay_ms)
    delay_us                                 0x08003ba5   Thumb Code    72  delay.o(i.delay_us)
    ds18b20_init                             0x08003bf1   Thumb Code    12  ds18b20.o(i.ds18b20_init)
    ds18b20_read_bit                         0x08003bfd   Thumb Code    72  ds18b20.o(i.ds18b20_read_bit)
    ds18b20_read_byte                        0x08003c49   Thumb Code    34  ds18b20.o(i.ds18b20_read_byte)
    ds18b20_rst                              0x08003c6d   Thumb Code    72  ds18b20.o(i.ds18b20_rst)
    ds18b20_start                            0x08003cb9   Thumb Code    20  ds18b20.o(i.ds18b20_start)
    ds18b20_write_byte                       0x08003ccd   Thumb Code    40  ds18b20.o(i.ds18b20_write_byte)
    ds18b20_write_one                        0x08003cf5   Thumb Code    40  ds18b20.o(i.ds18b20_write_one)
    ds18b20_write_zero                       0x08003d21   Thumb Code    40  ds18b20.o(i.ds18b20_write_zero)
    get_tempetature                          0x08003d4d   Thumb Code    56  ds18b20.o(i.get_tempetature)
    gpio_init                                0x08003d85   Thumb Code    12  ds18b20.o(i.gpio_init)
    main                                     0x08003d91   Thumb Code   404  main.o(i.main)
    max30102_Bus_Read                        0x08003f65   Thumb Code    82  max30102.o(i.max30102_Bus_Read)
    max30102_Bus_Write                       0x08003fb7   Thumb Code    68  max30102.o(i.max30102_Bus_Write)
    max30102_FIFO_ReadBytes                  0x08003ffb   Thumb Code   128  max30102.o(i.max30102_FIFO_ReadBytes)
    max30102_init                            0x0800407d   Thumb Code   130  max30102.o(i.max30102_init)
    max30102_reset                           0x08004105   Thumb Code    20  max30102.o(i.max30102_reset)
    maxim_find_peaks                         0x08004119   Thumb Code    66  algorithm.o(i.maxim_find_peaks)
    maxim_heart_rate_and_oxygen_saturation   0x0800415d   Thumb Code  1272  algorithm.o(i.maxim_heart_rate_and_oxygen_saturation)
    maxim_peaks_above_min_height             0x0800465d   Thumb Code   122  algorithm.o(i.maxim_peaks_above_min_height)
    maxim_remove_close_peaks                 0x080046d7   Thumb Code   114  algorithm.o(i.maxim_remove_close_peaks)
    maxim_sort_ascend                        0x08004749   Thumb Code    54  algorithm.o(i.maxim_sort_ascend)
    maxim_sort_indices_descend               0x0800477f   Thumb Code    64  algorithm.o(i.maxim_sort_indices_descend)
    mode_input                               0x080047c1   Thumb Code    26  ds18b20.o(i.mode_input)
    mode_output                              0x080047e1   Thumb Code    32  ds18b20.o(i.mode_output)
    _get_lc_numeric                          0x08004805   Thumb Code    44  lc_numeric_c.o(locale$$code)
    _get_lc_ctype                            0x08004831   Thumb Code    44  lc_ctype_c.o(locale$$code)
    _printf_fp_dec                           0x0800485d   Thumb Code     4  printf1.o(x$fpl$printf1)
    _printf_fp_hex                           0x08004861   Thumb Code     4  printf2.o(x$fpl$printf2)
    __I$use$fp                               0x08004864   Number         0  usenofp.o(x$fpl$usenofp)
    auw_hamm                                 0x0800486c   Data          62  algorithm.o(.constdata)
    uch_spo2_table                           0x080048aa   Data         184  algorithm.o(.constdata)
    OLED_F8x16                               0x08004962   Data        1520  oeld_data.o(.constdata)
    OLED_F6x8                                0x08004f52   Data         570  oeld_data.o(.constdata)
    OLED_CF16x16                             0x0800518c   Data         792  oeld_data.o(.constdata)
    Diode                                    0x080054a4   Data          32  oeld_data.o(.constdata)
    Region$$Table$$Base                      0x080055c0   Number         0  anon$$obj.o(Region$$Table)
    Region$$Table$$Limit                     0x080055e0   Number         0  anon$$obj.o(Region$$Table)
    __ctype                                  0x08005609   Data           0  lc_ctype_c.o(locale$$data)
    SystemCoreClock                          0x20000000   Data           4  system_stm32f10x.o(.data)
    AHBPrescTable                            0x20000004   Data          16  system_stm32f10x.o(.data)
    OLED_DisplayBuf                          0x2000277c   Data        1024  oled.o(.bss)
    __libspace_start                         0x20002b7c   Data          96  libspace.o(.bss)
    __temporary_stack_top$libspace           0x20002bdc   Data           0  libspace.o(.bss)



==============================================================================

Memory Map of the image

  Image Entry point : 0x080000ed

  Load Region LR_IROM1 (Base: 0x08000000, Size: 0x00005788, Max: 0x00010000, ABSOLUTE)

    Execution Region ER_IROM1 (Exec base: 0x08000000, Load base: 0x08000000, Size: 0x0000570c, Max: 0x00010000, ABSOLUTE)

    Exec Addr    Load Addr    Size         Type   Attr      Idx    E Section Name        Object

    0x08000000   0x08000000   0x000000ec   Data   RO         1101    RESET               startup_stm32f10x_md.o
    0x080000ec   0x080000ec   0x00000008   Code   RO         2396  * !!!main             c_w.l(__main.o)
    0x080000f4   0x080000f4   0x00000034   Code   RO         2827    !!!scatter          c_w.l(__scatter.o)
    0x08000128   0x08000128   0x0000001a   Code   RO         2829    !!handler_copy      c_w.l(__scatter_copy.o)
    0x08000142   0x08000142   0x00000002   PAD
    0x08000144   0x08000144   0x0000001c   Code   RO         2831    !!handler_zi        c_w.l(__scatter_zi.o)
    0x08000160   0x08000160   0x00000000   Code   RO         2538    .ARM.Collect$$_printf_percent$$00000000  c_w.l(_printf_percent.o)
    0x08000160   0x08000160   0x00000006   Code   RO         2527    .ARM.Collect$$_printf_percent$$00000001  c_w.l(_printf_n.o)
    0x08000166   0x08000166   0x00000006   Code   RO         2529    .ARM.Collect$$_printf_percent$$00000002  c_w.l(_printf_p.o)
    0x0800016c   0x0800016c   0x00000006   Code   RO         2534    .ARM.Collect$$_printf_percent$$00000003  c_w.l(_printf_f.o)
    0x08000172   0x08000172   0x00000006   Code   RO         2535    .ARM.Collect$$_printf_percent$$00000004  c_w.l(_printf_e.o)
    0x08000178   0x08000178   0x00000006   Code   RO         2536    .ARM.Collect$$_printf_percent$$00000005  c_w.l(_printf_g.o)
    0x0800017e   0x0800017e   0x00000006   Code   RO         2537    .ARM.Collect$$_printf_percent$$00000006  c_w.l(_printf_a.o)
    0x08000184   0x08000184   0x0000000a   Code   RO         2542    .ARM.Collect$$_printf_percent$$00000007  c_w.l(_printf_ll.o)
    0x0800018e   0x0800018e   0x00000006   Code   RO         2531    .ARM.Collect$$_printf_percent$$00000008  c_w.l(_printf_i.o)
    0x08000194   0x08000194   0x00000006   Code   RO         2532    .ARM.Collect$$_printf_percent$$00000009  c_w.l(_printf_d.o)
    0x0800019a   0x0800019a   0x00000006   Code   RO         2533    .ARM.Collect$$_printf_percent$$0000000A  c_w.l(_printf_u.o)
    0x080001a0   0x080001a0   0x00000006   Code   RO         2530    .ARM.Collect$$_printf_percent$$0000000B  c_w.l(_printf_o.o)
    0x080001a6   0x080001a6   0x00000006   Code   RO         2528    .ARM.Collect$$_printf_percent$$0000000C  c_w.l(_printf_x.o)
    0x080001ac   0x080001ac   0x00000006   Code   RO         2539    .ARM.Collect$$_printf_percent$$0000000D  c_w.l(_printf_lli.o)
    0x080001b2   0x080001b2   0x00000006   Code   RO         2540    .ARM.Collect$$_printf_percent$$0000000E  c_w.l(_printf_lld.o)
    0x080001b8   0x080001b8   0x00000006   Code   RO         2541    .ARM.Collect$$_printf_percent$$0000000F  c_w.l(_printf_llu.o)
    0x080001be   0x080001be   0x00000006   Code   RO         2546    .ARM.Collect$$_printf_percent$$00000010  c_w.l(_printf_llo.o)
    0x080001c4   0x080001c4   0x00000006   Code   RO         2547    .ARM.Collect$$_printf_percent$$00000011  c_w.l(_printf_llx.o)
    0x080001ca   0x080001ca   0x0000000a   Code   RO         2543    .ARM.Collect$$_printf_percent$$00000012  c_w.l(_printf_l.o)
    0x080001d4   0x080001d4   0x00000006   Code   RO         2525    .ARM.Collect$$_printf_percent$$00000013  c_w.l(_printf_c.o)
    0x080001da   0x080001da   0x00000006   Code   RO         2526    .ARM.Collect$$_printf_percent$$00000014  c_w.l(_printf_s.o)
    0x080001e0   0x080001e0   0x00000006   Code   RO         2544    .ARM.Collect$$_printf_percent$$00000015  c_w.l(_printf_lc.o)
    0x080001e6   0x080001e6   0x00000006   Code   RO         2545    .ARM.Collect$$_printf_percent$$00000016  c_w.l(_printf_ls.o)
    0x080001ec   0x080001ec   0x00000004   Code   RO         2631    .ARM.Collect$$_printf_percent$$00000017  c_w.l(_printf_percent_end.o)
    0x080001f0   0x080001f0   0x00000002   Code   RO         2689    .ARM.Collect$$libinit$$00000000  c_w.l(libinit.o)
    0x080001f2   0x080001f2   0x00000000   Code   RO         2700    .ARM.Collect$$libinit$$00000002  c_w.l(libinit2.o)
    0x080001f2   0x080001f2   0x00000000   Code   RO         2702    .ARM.Collect$$libinit$$00000004  c_w.l(libinit2.o)
    0x080001f2   0x080001f2   0x00000000   Code   RO         2705    .ARM.Collect$$libinit$$0000000A  c_w.l(libinit2.o)
    0x080001f2   0x080001f2   0x00000000   Code   RO         2707    .ARM.Collect$$libinit$$0000000C  c_w.l(libinit2.o)
    0x080001f2   0x080001f2   0x00000000   Code   RO         2709    .ARM.Collect$$libinit$$0000000E  c_w.l(libinit2.o)
    0x080001f2   0x080001f2   0x00000006   Code   RO         2710    .ARM.Collect$$libinit$$0000000F  c_w.l(libinit2.o)
    0x080001f8   0x080001f8   0x00000000   Code   RO         2712    .ARM.Collect$$libinit$$00000011  c_w.l(libinit2.o)
    0x080001f8   0x080001f8   0x0000000c   Code   RO         2713    .ARM.Collect$$libinit$$00000012  c_w.l(libinit2.o)
    0x08000204   0x08000204   0x00000000   Code   RO         2714    .ARM.Collect$$libinit$$00000013  c_w.l(libinit2.o)
    0x08000204   0x08000204   0x00000000   Code   RO         2716    .ARM.Collect$$libinit$$00000015  c_w.l(libinit2.o)
    0x08000204   0x08000204   0x0000000a   Code   RO         2717    .ARM.Collect$$libinit$$00000016  c_w.l(libinit2.o)
    0x0800020e   0x0800020e   0x00000000   Code   RO         2718    .ARM.Collect$$libinit$$00000017  c_w.l(libinit2.o)
    0x0800020e   0x0800020e   0x00000000   Code   RO         2720    .ARM.Collect$$libinit$$00000019  c_w.l(libinit2.o)
    0x0800020e   0x0800020e   0x00000000   Code   RO         2722    .ARM.Collect$$libinit$$0000001B  c_w.l(libinit2.o)
    0x0800020e   0x0800020e   0x00000000   Code   RO         2724    .ARM.Collect$$libinit$$0000001D  c_w.l(libinit2.o)
    0x0800020e   0x0800020e   0x00000000   Code   RO         2726    .ARM.Collect$$libinit$$0000001F  c_w.l(libinit2.o)
    0x0800020e   0x0800020e   0x00000000   Code   RO         2728    .ARM.Collect$$libinit$$00000021  c_w.l(libinit2.o)
    0x0800020e   0x0800020e   0x00000000   Code   RO         2730    .ARM.Collect$$libinit$$00000023  c_w.l(libinit2.o)
    0x0800020e   0x0800020e   0x00000000   Code   RO         2732    .ARM.Collect$$libinit$$00000025  c_w.l(libinit2.o)
    0x0800020e   0x0800020e   0x00000000   Code   RO         2736    .ARM.Collect$$libinit$$0000002C  c_w.l(libinit2.o)
    0x0800020e   0x0800020e   0x00000000   Code   RO         2738    .ARM.Collect$$libinit$$0000002E  c_w.l(libinit2.o)
    0x0800020e   0x0800020e   0x00000000   Code   RO         2740    .ARM.Collect$$libinit$$00000030  c_w.l(libinit2.o)
    0x0800020e   0x0800020e   0x00000000   Code   RO         2742    .ARM.Collect$$libinit$$00000032  c_w.l(libinit2.o)
    0x0800020e   0x0800020e   0x00000002   Code   RO         2743    .ARM.Collect$$libinit$$00000033  c_w.l(libinit2.o)
    0x08000210   0x08000210   0x00000002   Code   RO         2767    .ARM.Collect$$libshutdown$$00000000  c_w.l(libshutdown.o)
    0x08000212   0x08000212   0x00000000   Code   RO         2780    .ARM.Collect$$libshutdown$$00000002  c_w.l(libshutdown2.o)
    0x08000212   0x08000212   0x00000000   Code   RO         2782    .ARM.Collect$$libshutdown$$00000004  c_w.l(libshutdown2.o)
    0x08000212   0x08000212   0x00000000   Code   RO         2785    .ARM.Collect$$libshutdown$$00000007  c_w.l(libshutdown2.o)
    0x08000212   0x08000212   0x00000000   Code   RO         2788    .ARM.Collect$$libshutdown$$0000000A  c_w.l(libshutdown2.o)
    0x08000212   0x08000212   0x00000000   Code   RO         2790    .ARM.Collect$$libshutdown$$0000000C  c_w.l(libshutdown2.o)
    0x08000212   0x08000212   0x00000000   Code   RO         2793    .ARM.Collect$$libshutdown$$0000000F  c_w.l(libshutdown2.o)
    0x08000212   0x08000212   0x00000002   Code   RO         2794    .ARM.Collect$$libshutdown$$00000010  c_w.l(libshutdown2.o)
    0x08000214   0x08000214   0x00000000   Code   RO         2454    .ARM.Collect$$rtentry$$00000000  c_w.l(__rtentry.o)
    0x08000214   0x08000214   0x00000000   Code   RO         2597    .ARM.Collect$$rtentry$$00000002  c_w.l(__rtentry2.o)
    0x08000214   0x08000214   0x00000006   Code   RO         2609    .ARM.Collect$$rtentry$$00000004  c_w.l(__rtentry4.o)
    0x0800021a   0x0800021a   0x00000000   Code   RO         2599    .ARM.Collect$$rtentry$$00000009  c_w.l(__rtentry2.o)
    0x0800021a   0x0800021a   0x00000004   Code   RO         2600    .ARM.Collect$$rtentry$$0000000A  c_w.l(__rtentry2.o)
    0x0800021e   0x0800021e   0x00000000   Code   RO         2602    .ARM.Collect$$rtentry$$0000000C  c_w.l(__rtentry2.o)
    0x0800021e   0x0800021e   0x00000008   Code   RO         2603    .ARM.Collect$$rtentry$$0000000D  c_w.l(__rtentry2.o)
    0x08000226   0x08000226   0x00000002   Code   RO         2694    .ARM.Collect$$rtexit$$00000000  c_w.l(rtexit.o)
    0x08000228   0x08000228   0x00000000   Code   RO         2747    .ARM.Collect$$rtexit$$00000002  c_w.l(rtexit2.o)
    0x08000228   0x08000228   0x00000004   Code   RO         2748    .ARM.Collect$$rtexit$$00000003  c_w.l(rtexit2.o)
    0x0800022c   0x0800022c   0x00000006   Code   RO         2749    .ARM.Collect$$rtexit$$00000004  c_w.l(rtexit2.o)
    0x08000232   0x08000232   0x00000002   PAD
    0x08000234   0x08000234   0x00000040   Code   RO         1102    .text               startup_stm32f10x_md.o
    0x08000274   0x08000274   0x00000024   Code   RO         2390    .text               c_w.l(vsprintf.o)
    0x08000298   0x08000298   0x00000080   Code   RO         2392    .text               c_w.l(strcmpv7m.o)
    0x08000318   0x08000318   0x00000006   Code   RO         2394    .text               c_w.l(heapauxi.o)
    0x0800031e   0x0800031e   0x0000004e   Code   RO         2459    .text               c_w.l(_printf_pad.o)
    0x0800036c   0x0800036c   0x00000024   Code   RO         2461    .text               c_w.l(_printf_truncate.o)
    0x08000390   0x08000390   0x00000052   Code   RO         2463    .text               c_w.l(_printf_str.o)
    0x080003e2   0x080003e2   0x00000002   PAD
    0x080003e4   0x080003e4   0x00000078   Code   RO         2465    .text               c_w.l(_printf_dec.o)
    0x0800045c   0x0800045c   0x00000028   Code   RO         2467    .text               c_w.l(_printf_charcount.o)
    0x08000484   0x08000484   0x00000030   Code   RO         2469    .text               c_w.l(_printf_char_common.o)
    0x080004b4   0x080004b4   0x0000000a   Code   RO         2471    .text               c_w.l(_sputc.o)
    0x080004be   0x080004be   0x00000002   PAD
    0x080004c0   0x080004c0   0x000000bc   Code   RO         2473    .text               c_w.l(_printf_wctomb.o)
    0x0800057c   0x0800057c   0x0000007c   Code   RO         2476    .text               c_w.l(_printf_longlong_dec.o)
    0x080005f8   0x080005f8   0x00000070   Code   RO         2482    .text               c_w.l(_printf_oct_int_ll.o)
    0x08000668   0x08000668   0x00000094   Code   RO         2502    .text               c_w.l(_printf_hex_int_ll_ptr.o)
    0x080006fc   0x080006fc   0x00000188   Code   RO         2522    .text               c_w.l(__printf_flags_ss_wp.o)
    0x08000884   0x08000884   0x0000008a   Code   RO         2616    .text               c_w.l(lludiv10.o)
    0x0800090e   0x0800090e   0x000000b2   Code   RO         2618    .text               c_w.l(_printf_intcommon.o)
    0x080009c0   0x080009c0   0x0000041e   Code   RO         2620    .text               c_w.l(_printf_fp_dec.o)
    0x08000dde   0x08000dde   0x00000002   PAD
    0x08000de0   0x08000de0   0x000002fc   Code   RO         2622    .text               c_w.l(_printf_fp_hex.o)
    0x080010dc   0x080010dc   0x0000002c   Code   RO         2627    .text               c_w.l(_printf_char.o)
    0x08001108   0x08001108   0x0000002c   Code   RO         2629    .text               c_w.l(_printf_wchar.o)
    0x08001134   0x08001134   0x00000040   Code   RO         2632    .text               c_w.l(_wcrtomb.o)
    0x08001174   0x08001174   0x00000008   Code   RO         2640    .text               c_w.l(libspace.o)
    0x0800117c   0x0800117c   0x0000004a   Code   RO         2643    .text               c_w.l(sys_stackheap_outer.o)
    0x080011c6   0x080011c6   0x00000002   PAD
    0x080011c8   0x080011c8   0x00000010   Code   RO         2645    .text               c_w.l(rt_ctype_table.o)
    0x080011d8   0x080011d8   0x00000008   Code   RO         2650    .text               c_w.l(rt_locale_intlibspace.o)
    0x080011e0   0x080011e0   0x00000080   Code   RO         2652    .text               c_w.l(_printf_fp_infnan.o)
    0x08001260   0x08001260   0x000000e4   Code   RO         2654    .text               c_w.l(bigflt0.o)
    0x08001344   0x08001344   0x00000012   Code   RO         2682    .text               c_w.l(exit.o)
    0x08001356   0x08001356   0x00000002   PAD
    0x08001358   0x08001358   0x0000000c   Code   RO         2759    .text               c_w.l(sys_exit.o)
    0x08001364   0x08001364   0x00000002   Code   RO         2770    .text               c_w.l(use_no_semi.o)
    0x08001366   0x08001366   0x00000000   Code   RO         2772    .text               c_w.l(indicate_semi.o)
    0x08001366   0x08001366   0x0000003e   Code   RO         2657    CL$$btod_d2e        c_w.l(btod.o)
    0x080013a4   0x080013a4   0x00000046   Code   RO         2659    CL$$btod_d2e_denorm_low  c_w.l(btod.o)
    0x080013ea   0x080013ea   0x00000060   Code   RO         2658    CL$$btod_d2e_norm_op1  c_w.l(btod.o)
    0x0800144a   0x0800144a   0x00000338   Code   RO         2667    CL$$btod_div_common  c_w.l(btod.o)
    0x08001782   0x08001782   0x000000dc   Code   RO         2664    CL$$btod_e2e        c_w.l(btod.o)
    0x0800185e   0x0800185e   0x0000002a   Code   RO         2661    CL$$btod_ediv       c_w.l(btod.o)
    0x08001888   0x08001888   0x0000002a   Code   RO         2660    CL$$btod_emul       c_w.l(btod.o)
    0x080018b2   0x080018b2   0x00000244   Code   RO         2666    CL$$btod_mult_common  c_w.l(btod.o)
    0x08001af6   0x08001af6   0x0000000e   Code   RO          135    i.Abs32             main.o
    0x08001b04   0x08001b04   0x0000000e   Code   RO          952    i.Abs32             step_counter.o
    0x08001b12   0x08001b12   0x00000004   Code   RO            1    i.BusFault_Handler  stm32f10x_it.o
    0x08001b16   0x08001b16   0x00000002   PAD
    0x08001b18   0x08001b18   0x00000034   Code   RO          449    i.Buzzer_init       buzzer.o
    0x08001b4c   0x08001b4c   0x00000014   Code   RO          450    i.Buzzer_off        buzzer.o
    0x08001b60   0x08001b60   0x00000014   Code   RO          451    i.Buzzer_on         buzzer.o
    0x08001b74   0x08001b74   0x00000016   Code   RO          953    i.Clamp32           step_counter.o
    0x08001b8a   0x08001b8a   0x00000016   Code   RO          554    i.DHT11_Init        dht11.o
    0x08001ba0   0x08001ba0   0x00000010   Code   RO          555    i.DHT11_ReadBit     dht11.o
    0x08001bb0   0x08001bb0   0x000000e6   Code   RO          556    i.DHT11_ReadData    dht11.o
    0x08001c96   0x08001c96   0x00000002   PAD
    0x08001c98   0x08001c98   0x0000001c   Code   RO          557    i.DHT11_SetInput    dht11.o
    0x08001cb4   0x08001cb4   0x00000024   Code   RO          558    i.DHT11_SetOutput   dht11.o
    0x08001cd8   0x08001cd8   0x00000028   Code   RO          559    i.DHT11_WaitLevel   dht11.o
    0x08001d00   0x08001d00   0x00000014   Code   RO          560    i.DHT11_WriteBit    dht11.o
    0x08001d14   0x08001d14   0x00000014   Code   RO          597    i.DS1302_BcdToDec   ds1302.o
    0x08001d28   0x08001d28   0x0000001a   Code   RO          598    i.DS1302_DecToBcd   ds1302.o
    0x08001d42   0x08001d42   0x0000000a   Code   RO          599    i.DS1302_Delay      ds1302.o
    0x08001d4c   0x08001d4c   0x0000005a   Code   RO          600    i.DS1302_GetDateTime  ds1302.o
    0x08001da6   0x08001da6   0x00000002   PAD
    0x08001da8   0x08001da8   0x00000020   Code   RO          601    i.DS1302_IO_Input   ds1302.o
    0x08001dc8   0x08001dc8   0x00000024   Code   RO          602    i.DS1302_IO_Output  ds1302.o
    0x08001dec   0x08001dec   0x0000005c   Code   RO          603    i.DS1302_Init       ds1302.o
    0x08001e48   0x08001e48   0x0000000c   Code   RO          604    i.DS1302_IsClockHalted  ds1302.o
    0x08001e54   0x08001e54   0x00000034   Code   RO          605    i.DS1302_Lock       ds1302.o
    0x08001e88   0x08001e88   0x00000058   Code   RO          606    i.DS1302_ReadBurst  ds1302.o
    0x08001ee0   0x08001ee0   0x0000004c   Code   RO          607    i.DS1302_ReadByteRaw  ds1302.o
    0x08001f2c   0x08001f2c   0x00000040   Code   RO          608    i.DS1302_ReadReg    ds1302.o
    0x08001f6c   0x08001f6c   0x00000090   Code   RO          609    i.DS1302_SetDateTime  ds1302.o
    0x08001ffc   0x08001ffc   0x00000026   Code   RO          610    i.DS1302_StartClock  ds1302.o
    0x08002022   0x08002022   0x00000002   PAD
    0x08002024   0x08002024   0x00000024   Code   RO          611    i.DS1302_Unlock     ds1302.o
    0x08002048   0x08002048   0x00000048   Code   RO          612    i.DS1302_WriteByteRaw  ds1302.o
    0x08002090   0x08002090   0x00000040   Code   RO          613    i.DS1302_WriteReg   ds1302.o
    0x080020d0   0x080020d0   0x00000002   Code   RO            2    i.DebugMon_Handler  stm32f10x_it.o
    0x080020d2   0x080020d2   0x00000002   PAD
    0x080020d4   0x080020d4   0x0000020c   Code   RO          136    i.DisplayData       main.o
    0x080022e0   0x080022e0   0x00000116   Code   RO         1112    i.GPIO_Init         stm32f10x_gpio.o
    0x080023f6   0x080023f6   0x00000012   Code   RO         1116    i.GPIO_ReadInputDataBit  stm32f10x_gpio.o
    0x08002408   0x08002408   0x00000004   Code   RO         1119    i.GPIO_ResetBits    stm32f10x_gpio.o
    0x0800240c   0x0800240c   0x00000004   Code   RO         1120    i.GPIO_SetBits      stm32f10x_gpio.o
    0x08002410   0x08002410   0x0000000a   Code   RO         1123    i.GPIO_WriteBit     stm32f10x_gpio.o
    0x0800241a   0x0800241a   0x00000002   PAD
    0x0800241c   0x0800241c   0x000000a8   Code   RO          137    i.GetPostureText    main.o
    0x080024c4   0x080024c4   0x00000004   Code   RO            3    i.HardFault_Handler  stm32f10x_it.o
    0x080024c8   0x080024c8   0x00000018   Code   RO         1637    i.I2C_AcknowledgeConfig  stm32f10x_i2c.o
    0x080024e0   0x080024e0   0x0000002a   Code   RO         1639    i.I2C_CheckEvent    stm32f10x_i2c.o
    0x0800250a   0x0800250a   0x00000018   Code   RO         1642    i.I2C_Cmd           stm32f10x_i2c.o
    0x08002522   0x08002522   0x00000018   Code   RO         1649    i.I2C_GenerateSTART  stm32f10x_i2c.o
    0x0800253a   0x0800253a   0x00000018   Code   RO         1650    i.I2C_GenerateSTOP  stm32f10x_i2c.o
    0x08002552   0x08002552   0x00000002   PAD
    0x08002554   0x08002554   0x000000ec   Code   RO         1656    i.I2C_Init          stm32f10x_i2c.o
    0x08002640   0x08002640   0x000000b8   Code   RO          954    i.I2C_ReadBytes     step_counter.o
    0x080026f8   0x080026f8   0x00000008   Code   RO         1661    i.I2C_ReceiveData   stm32f10x_i2c.o
    0x08002700   0x08002700   0x00000012   Code   RO         1663    i.I2C_Send7bitAddress  stm32f10x_i2c.o
    0x08002712   0x08002712   0x00000004   Code   RO         1664    i.I2C_SendData      stm32f10x_i2c.o
    0x08002716   0x08002716   0x00000024   Code   RO          956    i.I2C_WaitEvent     step_counter.o
    0x0800273a   0x0800273a   0x00000002   PAD
    0x0800273c   0x0800273c   0x00000064   Code   RO          957    i.I2C_WriteReg      step_counter.o
    0x080027a0   0x080027a0   0x00000050   Code   RO          262    i.IIC_Ack           myiic.o
    0x080027f0   0x080027f0   0x00000040   Code   RO          263    i.IIC_Init          myiic.o
    0x08002830   0x08002830   0x00000050   Code   RO          264    i.IIC_NAck          myiic.o
    0x08002880   0x08002880   0x00000070   Code   RO          266    i.IIC_Read_Byte     myiic.o
    0x080028f0   0x080028f0   0x00000068   Code   RO          268    i.IIC_Send_Byte     myiic.o
    0x08002958   0x08002958   0x0000004c   Code   RO          269    i.IIC_Start         myiic.o
    0x080029a4   0x080029a4   0x0000004c   Code   RO          270    i.IIC_Stop          myiic.o
    0x080029f0   0x080029f0   0x00000064   Code   RO          271    i.IIC_Wait_Ack      myiic.o
    0x08002a54   0x08002a54   0x00000050   Code   RO          138    i.InitMax30102Samples  main.o
    0x08002aa4   0x08002aa4   0x00000044   Code   RO          139    i.IsFallDetected    main.o
    0x08002ae8   0x08002ae8   0x00000054   Code   RO          140    i.IsRtcTimeValid    main.o
    0x08002b3c   0x08002b3c   0x0000004c   Code   RO          141    i.IsUnsafeMotion    main.o
    0x08002b88   0x08002b88   0x00000024   Code   RO          142    i.Key_Init          main.o
    0x08002bac   0x08002bac   0x00000038   Code   RO          143    i.Key_Scan          main.o
    0x08002be4   0x08002be4   0x00000082   Code   RO          958    i.MPU6050_ReadAll   step_counter.o
    0x08002c66   0x08002c66   0x00000004   Code   RO            4    i.MemManage_Handler  stm32f10x_it.o
    0x08002c6a   0x08002c6a   0x00000002   Code   RO            5    i.NMI_Handler       stm32f10x_it.o
    0x08002c6c   0x08002c6c   0x0000000c   Code   RO         1060    i.NVIC_Configuration  sys.o
    0x08002c78   0x08002c78   0x00000070   Code   RO         1600    i.NVIC_Init         misc.o
    0x08002ce8   0x08002ce8   0x00000014   Code   RO         1601    i.NVIC_PriorityGroupConfig  misc.o
    0x08002cfc   0x08002cfc   0x00000028   Code   RO          707    i.OLED_Clear        oled.o
    0x08002d24   0x08002d24   0x000000a8   Code   RO          708    i.OLED_ClearArea    oled.o
    0x08002dcc   0x08002dcc   0x0000005c   Code   RO          716    i.OLED_GPIO_Init    oled.o
    0x08002e28   0x08002e28   0x0000003e   Code   RO          718    i.OLED_I2C_SendByte  oled.o
    0x08002e66   0x08002e66   0x0000001c   Code   RO          719    i.OLED_I2C_Start    oled.o
    0x08002e82   0x08002e82   0x00000016   Code   RO          720    i.OLED_I2C_Stop     oled.o
    0x08002e98   0x08002e98   0x0000009a   Code   RO          721    i.OLED_Init         oled.o
    0x08002f32   0x08002f32   0x00000032   Code   RO          724    i.OLED_Printf       oled.o
    0x08002f64   0x08002f64   0x00000022   Code   RO          727    i.OLED_SetCursor    oled.o
    0x08002f86   0x08002f86   0x00000002   PAD
    0x08002f88   0x08002f88   0x00000054   Code   RO          729    i.OLED_ShowChar     oled.o
    0x08002fdc   0x08002fdc   0x0000012c   Code   RO          733    i.OLED_ShowImage    oled.o
    0x08003108   0x08003108   0x0000002e   Code   RO          736    i.OLED_ShowString   oled.o
    0x08003136   0x08003136   0x00000002   PAD
    0x08003138   0x08003138   0x00000028   Code   RO          737    i.OLED_Update       oled.o
    0x08003160   0x08003160   0x00000014   Code   RO          739    i.OLED_W_SCL        oled.o
    0x08003174   0x08003174   0x00000014   Code   RO          740    i.OLED_W_SDA        oled.o
    0x08003188   0x08003188   0x00000020   Code   RO          741    i.OLED_WriteCommand  oled.o
    0x080031a8   0x080031a8   0x0000002e   Code   RO          742    i.OLED_WriteData    oled.o
    0x080031d6   0x080031d6   0x00000002   Code   RO            6    i.PendSV_Handler    stm32f10x_it.o
    0x080031d8   0x080031d8   0x00000020   Code   RO         1222    i.RCC_APB1PeriphClockCmd  stm32f10x_rcc.o
    0x080031f8   0x080031f8   0x00000020   Code   RO         1224    i.RCC_APB2PeriphClockCmd  stm32f10x_rcc.o
    0x08003218   0x08003218   0x000000d4   Code   RO         1232    i.RCC_GetClocksFreq  stm32f10x_rcc.o
    0x080032ec   0x080032ec   0x00000022   Code   RO          144    i.ReadBodyTempX10   main.o
    0x0800330e   0x0800330e   0x00000002   PAD
    0x08003310   0x08003310   0x00000060   Code   RO          145    i.ReadMax30102Sample  main.o
    0x08003370   0x08003370   0x00000002   Code   RO            7    i.SVC_Handler       stm32f10x_it.o
    0x08003372   0x08003372   0x00000008   Code   RO          101    i.SetSysClock       system_stm32f10x.o
    0x0800337a   0x0800337a   0x00000002   PAD
    0x0800337c   0x0800337c   0x000000e0   Code   RO          102    i.SetSysClockTo72   system_stm32f10x.o
    0x0800345c   0x0800345c   0x00000024   Code   RO          959    i.StepCounter_GetCount  step_counter.o
    0x08003480   0x08003480   0x00000074   Code   RO          960    i.StepCounter_GetSensorData  step_counter.o
    0x080034f4   0x080034f4   0x00000180   Code   RO          961    i.StepCounter_Init  step_counter.o
    0x08003674   0x08003674   0x00000184   Code   RO          963    i.StepCounter_Update  step_counter.o
    0x080037f8   0x080037f8   0x00000028   Code   RO         1604    i.SysTick_CLKSourceConfig  misc.o
    0x08003820   0x08003820   0x00000002   Code   RO            8    i.SysTick_Handler   stm32f10x_it.o
    0x08003822   0x08003822   0x00000002   PAD
    0x08003824   0x08003824   0x00000060   Code   RO          104    i.SystemInit        system_stm32f10x.o
    0x08003884   0x08003884   0x00000098   Code   RO          964    i.TIM2_IRQHandler   step_counter.o
    0x0800391c   0x0800391c   0x00000006   Code   RO         1851    i.TIM_ClearITPendingBit  stm32f10x_tim.o
    0x08003922   0x08003922   0x00000018   Code   RO         1856    i.TIM_Cmd           stm32f10x_tim.o
    0x0800393a   0x0800393a   0x00000022   Code   RO         1877    i.TIM_GetITStatus   stm32f10x_tim.o
    0x0800395c   0x0800395c   0x00000012   Code   RO         1881    i.TIM_ITConfig      stm32f10x_tim.o
    0x0800396e   0x0800396e   0x00000002   PAD
    0x08003970   0x08003970   0x000000a4   Code   RO         1927    i.TIM_TimeBaseInit  stm32f10x_tim.o
    0x08003a14   0x08003a14   0x000000c4   Code   RO          146    i.UpdateMax30102Samples  main.o
    0x08003ad8   0x08003ad8   0x00000004   Code   RO            9    i.UsageFault_Handler  stm32f10x_it.o
    0x08003adc   0x08003adc   0x00000028   Code   RO         2636    i.__ARM_fpclassify  m_ws.l(fpclassify.o)
    0x08003b04   0x08003b04   0x0000000e   Code   RO         2515    i._is_digit         c_w.l(__printf_wp.o)
    0x08003b12   0x08003b12   0x00000002   PAD
    0x08003b14   0x08003b14   0x00000044   Code   RO         1034    i.delay_init        delay.o
    0x08003b58   0x08003b58   0x0000004c   Code   RO         1035    i.delay_ms          delay.o
    0x08003ba4   0x08003ba4   0x0000004c   Code   RO         1036    i.delay_us          delay.o
    0x08003bf0   0x08003bf0   0x0000000c   Code   RO          473    i.ds18b20_init      ds18b20.o
    0x08003bfc   0x08003bfc   0x0000004c   Code   RO          474    i.ds18b20_read_bit  ds18b20.o
    0x08003c48   0x08003c48   0x00000022   Code   RO          475    i.ds18b20_read_byte  ds18b20.o
    0x08003c6a   0x08003c6a   0x00000002   PAD
    0x08003c6c   0x08003c6c   0x0000004c   Code   RO          476    i.ds18b20_rst       ds18b20.o
    0x08003cb8   0x08003cb8   0x00000014   Code   RO          477    i.ds18b20_start     ds18b20.o
    0x08003ccc   0x08003ccc   0x00000028   Code   RO          478    i.ds18b20_write_byte  ds18b20.o
    0x08003cf4   0x08003cf4   0x0000002c   Code   RO          479    i.ds18b20_write_one  ds18b20.o
    0x08003d20   0x08003d20   0x0000002c   Code   RO          480    i.ds18b20_write_zero  ds18b20.o
    0x08003d4c   0x08003d4c   0x00000038   Code   RO          481    i.get_tempetature   ds18b20.o
    0x08003d84   0x08003d84   0x0000000c   Code   RO          482    i.gpio_init         ds18b20.o
    0x08003d90   0x08003d90   0x000001d4   Code   RO          147    i.main              main.o
    0x08003f64   0x08003f64   0x00000052   Code   RO          343    i.max30102_Bus_Read  max30102.o
    0x08003fb6   0x08003fb6   0x00000044   Code   RO          344    i.max30102_Bus_Write  max30102.o
    0x08003ffa   0x08003ffa   0x00000080   Code   RO          345    i.max30102_FIFO_ReadBytes  max30102.o
    0x0800407a   0x0800407a   0x00000002   PAD
    0x0800407c   0x0800407c   0x00000088   Code   RO          347    i.max30102_init     max30102.o
    0x08004104   0x08004104   0x00000014   Code   RO          348    i.max30102_reset    max30102.o
    0x08004118   0x08004118   0x00000042   Code   RO          403    i.maxim_find_peaks  algorithm.o
    0x0800415a   0x0800415a   0x00000002   PAD
    0x0800415c   0x0800415c   0x00000500   Code   RO          404    i.maxim_heart_rate_and_oxygen_saturation  algorithm.o
    0x0800465c   0x0800465c   0x0000007a   Code   RO          405    i.maxim_peaks_above_min_height  algorithm.o
    0x080046d6   0x080046d6   0x00000072   Code   RO          406    i.maxim_remove_close_peaks  algorithm.o
    0x08004748   0x08004748   0x00000036   Code   RO          407    i.maxim_sort_ascend  algorithm.o
    0x0800477e   0x0800477e   0x00000040   Code   RO          408    i.maxim_sort_indices_descend  algorithm.o
    0x080047be   0x080047be   0x00000002   PAD
    0x080047c0   0x080047c0   0x00000020   Code   RO          483    i.mode_input        ds18b20.o
    0x080047e0   0x080047e0   0x00000024   Code   RO          484    i.mode_output       ds18b20.o
    0x08004804   0x08004804   0x0000002c   Code   RO         2680    locale$$code        c_w.l(lc_numeric_c.o)
    0x08004830   0x08004830   0x0000002c   Code   RO         2697    locale$$code        c_w.l(lc_ctype_c.o)
    0x0800485c   0x0800485c   0x00000004   Code   RO         2562    x$fpl$printf1       fz_ws.l(printf1.o)
    0x08004860   0x08004860   0x00000004   Code   RO         2564    x$fpl$printf2       fz_ws.l(printf2.o)
    0x08004864   0x08004864   0x00000000   Code   RO         2570    x$fpl$usenofp       fz_ws.l(usenofp.o)
    0x08004864   0x08004864   0x00000007   Data   RO          149    .constdata          main.o
    0x0800486b   0x0800486b   0x00000001   PAD
    0x0800486c   0x0800486c   0x000000f6   Data   RO          410    .constdata          algorithm.o
    0x08004962   0x08004962   0x00000b62   Data   RO          695    .constdata          oeld_data.o
    0x080054c4   0x080054c4   0x00000008   Data   RO         2474    .constdata          c_w.l(_printf_wctomb.o)
    0x080054cc   0x080054cc   0x00000028   Data   RO         2503    .constdata          c_w.l(_printf_hex_int_ll_ptr.o)
    0x080054f4   0x080054f4   0x00000011   Data   RO         2523    .constdata          c_w.l(__printf_flags_ss_wp.o)
    0x08005505   0x08005505   0x00000026   Data   RO         2623    .constdata          c_w.l(_printf_fp_hex.o)
    0x0800552b   0x0800552b   0x00000001   PAD
    0x0800552c   0x0800552c   0x00000094   Data   RO         2655    .constdata          c_w.l(bigflt0.o)
    0x080055c0   0x080055c0   0x00000020   Data   RO         2825    Region$$Table       anon$$obj.o
    0x080055e0   0x080055e0   0x0000001c   Data   RO         2679    locale$$data        c_w.l(lc_numeric_c.o)
    0x080055fc   0x080055fc   0x00000110   Data   RO         2696    locale$$data        c_w.l(lc_ctype_c.o)


    Execution Region RW_IRAM1 (Exec base: 0x20000000, Load base: 0x0800570c, Size: 0x000031e0, Max: 0x00005000, ABSOLUTE)

    Exec Addr    Load Addr    Size         Type   Attr      Idx    E Section Name        Object

    0x20000000   0x0800570c   0x00000014   Data   RW          105    .data               system_stm32f10x.o
    0x20000014   0x08005720   0x00000025   Data   RW          150    .data               main.o
    0x20000039   0x08005745   0x00000001   Data   RW          614    .data               ds1302.o
    0x2000003a   0x08005746   0x00000002   PAD
    0x2000003c   0x08005748   0x00000028   Data   RW          965    .data               step_counter.o
    0x20000064   0x08005770   0x00000004   Data   RW         1037    .data               delay.o
    0x20000068   0x08005774   0x00000014   Data   RW         1252    .data               stm32f10x_rcc.o
    0x2000007c        -       0x00000fa0   Zero   RW          148    .bss                main.o
    0x2000101c        -       0x00001760   Zero   RW          409    .bss                algorithm.o
    0x2000277c        -       0x00000400   Zero   RW          744    .bss                oled.o
    0x20002b7c        -       0x00000060   Zero   RW         2641    .bss                c_w.l(libspace.o)
    0x20002bdc   0x08005788   0x00000004   PAD
    0x20002be0        -       0x00000200   Zero   RW         1100    HEAP                startup_stm32f10x_md.o
    0x20002de0        -       0x00000400   Zero   RW         1099    STACK               startup_stm32f10x_md.o


==============================================================================

Image component sizes


      Code (inc. data)   RO Data    RW Data    ZI Data      Debug   Object Name

      1700         30        246          0       5984       7013   algorithm.o
        92         16          0          0          0       1263   buzzer.o
         0          0          0          0          0         32   core_cm3.o
       220         26          0          4          0       1527   delay.o
       392         18          0          0          0       3794   dht11.o
       952         60          0          1          0       8603   ds1302.o
       482         26          0          0          0       5631   ds18b20.o
      1900        432          7         37       4000     211555   main.o
       434          6          0          0          0       3168   max30102.o
       172         22          0          0          0       1857   misc.o
       692        108          0          0          0       3842   myiic.o
         0          0       2914          0          0       1010   oeld_data.o
      1238         40          0          0       1024      10453   oled.o
        64         26        236          0       1536        756   startup_stm32f10x_md.o
      1562        198          0         40          0       8161   step_counter.o
       314          0          0          0          0       3948   stm32f10x_gpio.o
       404         14          0          0          0       6508   stm32f10x_i2c.o
        26          0          0          0          0      53002   stm32f10x_it.o
       276         32          0         20          0       4190   stm32f10x_rcc.o
       246         42          0          0          0       3258   stm32f10x_tim.o
        12          0          0          0          0        405   sys.o
       328         28          0         20          0       1837   system_stm32f10x.o

    ----------------------------------------------------------------------
     11542       1124       3436        124      12544     341813   Object Totals
         0          0         32          0          0          0   (incl. Generated)
        36          0          1          2          0          0   (incl. Padding)

    ----------------------------------------------------------------------

      Code (inc. data)   RO Data    RW Data    ZI Data      Debug   Library Member Name

         8          0          0          0          0         68   __main.o
       392          4         17          0          0         92   __printf_flags_ss_wp.o
        14          0          0          0          0         68   __printf_wp.o
         0          0          0          0          0          0   __rtentry.o
        12          0          0          0          0          0   __rtentry2.o
         6          0          0          0          0          0   __rtentry4.o
        52          8          0          0          0          0   __scatter.o
        26          0          0          0          0          0   __scatter_copy.o
        28          0          0          0          0          0   __scatter_zi.o
         6          0          0          0          0          0   _printf_a.o
         6          0          0          0          0          0   _printf_c.o
        44          0          0          0          0        108   _printf_char.o
        48          6          0          0          0         96   _printf_char_common.o
        40          0          0          0          0         68   _printf_charcount.o
         6          0          0          0          0          0   _printf_d.o
       120         16          0          0          0         92   _printf_dec.o
         6          0          0          0          0          0   _printf_e.o
         6          0          0          0          0          0   _printf_f.o
      1054          0          0          0          0        216   _printf_fp_dec.o
       764          8         38          0          0        100   _printf_fp_hex.o
       128         16          0          0          0         84   _printf_fp_infnan.o
         6          0          0          0          0          0   _printf_g.o
       148          4         40          0          0        160   _printf_hex_int_ll_ptr.o
         6          0          0          0          0          0   _printf_i.o
       178          0          0          0          0         88   _printf_intcommon.o
        10          0          0          0          0          0   _printf_l.o
         6          0          0          0          0          0   _printf_lc.o
        10          0          0          0          0          0   _printf_ll.o
         6          0          0          0          0          0   _printf_lld.o
         6          0          0          0          0          0   _printf_lli.o
         6          0          0          0          0          0   _printf_llo.o
         6          0          0          0          0          0   _printf_llu.o
         6          0          0          0          0          0   _printf_llx.o
       124         16          0          0          0         92   _printf_longlong_dec.o
         6          0          0          0          0          0   _printf_ls.o
         6          0          0          0          0          0   _printf_n.o
         6          0          0          0          0          0   _printf_o.o
       112         10          0          0          0        124   _printf_oct_int_ll.o
         6          0          0          0          0          0   _printf_p.o
        78          0          0          0          0        108   _printf_pad.o
         0          0          0          0          0          0   _printf_percent.o
         4          0          0          0          0          0   _printf_percent_end.o
         6          0          0          0          0          0   _printf_s.o
        82          0          0          0          0         80   _printf_str.o
        36          0          0          0          0         84   _printf_truncate.o
         6          0          0          0          0          0   _printf_u.o
        44          0          0          0          0        108   _printf_wchar.o
       188          6          8          0          0         92   _printf_wctomb.o
         6          0          0          0          0          0   _printf_x.o
        10          0          0          0          0         68   _sputc.o
        64          0          0          0          0         92   _wcrtomb.o
       228          4        148          0          0         96   bigflt0.o
      1936        128          0          0          0        672   btod.o
        18          0          0          0          0         80   exit.o
         6          0          0          0          0        152   heapauxi.o
         0          0          0          0          0          0   indicate_semi.o
        44         10        272          0          0         76   lc_ctype_c.o
        44         10         28          0          0         76   lc_numeric_c.o
         2          0          0          0          0          0   libinit.o
        30          0          0          0          0          0   libinit2.o
         2          0          0          0          0          0   libshutdown.o
         2          0          0          0          0          0   libshutdown2.o
         8          4          0          0         96         68   libspace.o
       138          0          0          0          0         80   lludiv10.o
        16          4          0          0          0         76   rt_ctype_table.o
         8          4          0          0          0         68   rt_locale_intlibspace.o
         2          0          0          0          0          0   rtexit.o
        10          0          0          0          0          0   rtexit2.o
       128          0          0          0          0         68   strcmpv7m.o
        12          4          0          0          0         68   sys_exit.o
        74          0          0          0          0         80   sys_stackheap_outer.o
         2          0          0          0          0         68   use_no_semi.o
        36          4          0          0          0         76   vsprintf.o
         4          0          0          0          0         68   printf1.o
         4          0          0          0          0         68   printf2.o
         0          0          0          0          0          0   usenofp.o
        40          0          0          0          0         68   fpclassify.o

    ----------------------------------------------------------------------
      6754        266        552          0        100       4096   Library Totals
        16          0          1          0          4          0   (incl. Padding)

    ----------------------------------------------------------------------

      Code (inc. data)   RO Data    RW Data    ZI Data      Debug   Library Name

      6690        266        551          0         96       3892   c_w.l
         8          0          0          0          0        136   fz_ws.l
        40          0          0          0          0         68   m_ws.l

    ----------------------------------------------------------------------
      6754        266        552          0        100       4096   Library Totals

    ----------------------------------------------------------------------

==============================================================================


      Code (inc. data)   RO Data    RW Data    ZI Data      Debug   

     18296       1390       3988        124      12644     336597   Grand Totals
     18296       1390       3988        124      12644     336597   ELF Image Totals
     18296       1390       3988        124          0          0   ROM Totals

==============================================================================

    Total RO  Size (Code + RO Data)                22284 (  21.76kB)
    Total RW  Size (RW Data + ZI Data)             12768 (  12.47kB)
    Total ROM Size (Code + RO Data + RW Data)      22408 (  21.88kB)

==============================================================================

